[0;33m> data/4-leg-mat-1.txt[0m

     a     b     c     d     e     f     g     h     
  +-----+-----+-----+-----+-----+-----+-----+-----+
8 |  ♜  |  ♞  |  ♝  |  ♛  |  ♚  |  ♝  |  ♞  |  ♜  |
  +-----+-----+-----+-----+-----+-----+-----+-----+
7 |  ♟  |  ♟  |  ♟  |  ♟  |  ♟  |  ♟  |  ♟  |  ♟  |
  +-----+-----+-----+-----+-----+-----+-----+-----+
6 |     |     |     |     |     |     |     |     |
  +-----+-----+-----+-----+-----+-----+-----+-----+
5 |     |     |     |     |     |     |     |     |
  +-----+-----+-----+-----+-----+-----+-----+-----+
4 |     |     |     |     |     |     |     |     |
  +-----+-----+-----+-----+-----+-----+-----+-----+
3 |     |     |     |     |     |     |     |     |
  +-----+-----+-----+-----+-----+-----+-----+-----+
2 |  ♙  |  ♙  |  ♙  |  ♙  |  ♙  |  ♙  |  ♙  |  ♙  |
  +-----+-----+-----+-----+-----+-----+-----+-----+
1 |  ♖  |  ♘  |  ♗  |  ♕  |  ♔  |  ♗  |  ♘  |  ♖  |
  +-----+-----+-----+-----+-----+-----+-----+-----+
-> move of ♙ e2e4

     h     g     f     e     d     c     b     a     
  +-----+-----+-----+-----+-----+-----+-----+-----+
1 |  ♖  |  ♘  |  ♗  |  ♔  |  ♕  |  ♗  |  ♘  |  ♖  |
  +-----+-----+-----+-----+-----+-----+-----+-----+
2 |  ♙  |  ♙  |  ♙  |     |  ♙  |  ♙  |  ♙  |  ♙  |
  +-----+-----+-----+-----+-----+-----+-----+-----+
3 |     |     |     |     |     |     |     |     |
  +-----+-----+-----+-----+-----+-----+-----+-----+
4 |     |     |     |  ♙  |     |     |     |     |
  +-----+-----+-----+-----+-----+-----+-----+-----+
5 |     |     |     |     |     |     |     |     |
  +-----+-----+-----+-----+-----+-----+-----+-----+
6 |     |     |     |     |     |     |     |     |
  +-----+-----+-----+-----+-----+-----+-----+-----+
7 |  ♟  |  ♟  |  ♟  |  ♟  |  ♟  |  ♟  |  ♟  |  ♟  |
  +-----+-----+-----+-----+-----+-----+-----+-----+
8 |  ♜  |  ♞  |  ♝  |  ♚  |  ♛  |  ♝  |  ♞  |  ♜  |
  +-----+-----+-----+-----+-----+-----+-----+-----+
-> move of ♟ e7e5

     a     b     c     d     e     f     g     h     
  +-----+-----+-----+-----+-----+-----+-----+-----+
8 |  ♜  |  ♞  |  ♝  |  ♛  |  ♚  |  ♝  |  ♞  |  ♜  |
  +-----+-----+-----+-----+-----+-----+-----+-----+
7 |  ♟  |  ♟  |  ♟  |  ♟  |     |  ♟  |  ♟  |  ♟  |
  +-----+-----+-----+-----+-----+-----+-----+-----+
6 |     |     |     |     |     |     |     |     |
  +-----+-----+-----+-----+-----+-----+-----+-----+
5 |     |     |     |     |  ♟  |     |     |     |
  +-----+-----+-----+-----+-----+-----+-----+-----+
4 |     |     |     |     |  ♙  |     |     |     |
  +-----+-----+-----+-----+-----+-----+-----+-----+
3 |     |     |     |     |     |     |     |     |
  +-----+-----+-----+-----+-----+-----+-----+-----+
2 |  ♙  |  ♙  |  ♙  |  ♙  |     |  ♙  |  ♙  |  ♙  |
  +-----+-----+-----+-----+-----+-----+-----+-----+
1 |  ♖  |  ♘  |  ♗  |  ♕  |  ♔  |  ♗  |  ♘  |  ♖  |
  +-----+-----+-----+-----+-----+-----+-----+-----+
-> move of ♙ f2f4

     h     g     f     e     d     c     b     a     
  +-----+-----+-----+-----+-----+-----+-----+-----+
1 |  ♖  |  ♘  |  ♗  |  ♔  |  ♕  |  ♗  |  ♘  |  ♖  |
  +-----+-----+-----+-----+-----+-----+-----+-----+
2 |  ♙  |  ♙  |     |     |  ♙  |  ♙  |  ♙  |  ♙  |
  +-----+-----+-----+-----+-----+-----+-----+-----+
3 |     |     |     |     |     |     |     |     |
  +-----+-----+-----+-----+-----+-----+-----+-----+
4 |     |     |  ♙  |  ♙  |     |     |     |     |
  +-----+-----+-----+-----+-----+-----+-----+-----+
5 |     |     |     |  ♟  |     |     |     |     |
  +-----+-----+-----+-----+-----+-----+-----+-----+
6 |     |     |     |     |     |     |     |     |
  +-----+-----+-----+-----+-----+-----+-----+-----+
7 |  ♟  |  ♟  |  ♟  |     |  ♟  |  ♟  |  ♟  |  ♟  |
  +-----+-----+-----+-----+-----+-----+-----+-----+
8 |  ♜  |  ♞  |  ♝  |  ♚  |  ♛  |  ♝  |  ♞  |  ♜  |
  +-----+-----+-----+-----+-----+-----+-----+-----+
-> move of ♟ d7d5

     a     b     c     d     e     f     g     h     
  +-----+-----+-----+-----+-----+-----+-----+-----+
8 |  ♜  |  ♞  |  ♝  |  ♛  |  ♚  |  ♝  |  ♞  |  ♜  |
  +-----+-----+-----+-----+-----+-----+-----+-----+
7 |  ♟  |  ♟  |  ♟  |     |     |  ♟  |  ♟  |  ♟  |
  +-----+-----+-----+-----+-----+-----+-----+-----+
6 |     |     |     |     |     |     |     |     |
  +-----+-----+-----+-----+-----+-----+-----+-----+
5 |     |     |     |  ♟  |  ♟  |     |     |     |
  +-----+-----+-----+-----+-----+-----+-----+-----+
4 |     |     |     |     |  ♙  |  ♙  |     |     |
  +-----+-----+-----+-----+-----+-----+-----+-----+
3 |     |     |     |     |     |     |     |     |
  +-----+-----+-----+-----+-----+-----+-----+-----+
2 |  ♙  |  ♙  |  ♙  |  ♙  |     |     |  ♙  |  ♙  |
  +-----+-----+-----+-----+-----+-----+-----+-----+
1 |  ♖  |  ♘  |  ♗  |  ♕  |  ♔  |  ♗  |  ♘  |  ♖  |
  +-----+-----+-----+-----+-----+-----+-----+-----+
-> move of ♘ b1c3

     h     g     f     e     d     c     b     a     
  +-----+-----+-----+-----+-----+-----+-----+-----+
1 |  ♖  |  ♘  |  ♗  |  ♔  |  ♕  |  ♗  |     |  ♖  |
  +-----+-----+-----+-----+-----+-----+-----+-----+
2 |  ♙  |  ♙  |     |     |  ♙  |  ♙  |  ♙  |  ♙  |
  +-----+-----+-----+-----+-----+-----+-----+-----+
3 |     |     |     |     |     |  ♘  |     |     |
  +-----+-----+-----+-----+-----+-----+-----+-----+
4 |     |     |  ♙  |  ♙  |     |     |     |     |
  +-----+-----+-----+-----+-----+-----+-----+-----+
5 |     |     |     |  ♟  |  ♟  |     |     |     |
  +-----+-----+-----+-----+-----+-----+-----+-----+
6 |     |     |     |     |     |     |     |     |
  +-----+-----+-----+-----+-----+-----+-----+-----+
7 |  ♟  |  ♟  |  ♟  |     |     |  ♟  |  ♟  |  ♟  |
  +-----+-----+-----+-----+-----+-----+-----+-----+
8 |  ♜  |  ♞  |  ♝  |  ♚  |  ♛  |  ♝  |  ♞  |  ♜  |
  +-----+-----+-----+-----+-----+-----+-----+-----+
-> move of ♟ d5d4

     a     b     c     d     e     f     g     h     
  +-----+-----+-----+-----+-----+-----+-----+-----+
8 |  ♜  |  ♞  |  ♝  |  ♛  |  ♚  |  ♝  |  ♞  |  ♜  |
  +-----+-----+-----+-----+-----+-----+-----+-----+
7 |  ♟  |  ♟  |  ♟  |     |     |  ♟  |  ♟  |  ♟  |
  +-----+-----+-----+-----+-----+-----+-----+-----+
6 |     |     |     |     |     |     |     |     |
  +-----+-----+-----+-----+-----+-----+-----+-----+
5 |     |     |     |     |  ♟  |     |     |     |
  +-----+-----+-----+-----+-----+-----+-----+-----+
4 |     |     |     |  ♟  |  ♙  |  ♙  |     |     |
  +-----+-----+-----+-----+-----+-----+-----+-----+
3 |     |     |  ♘  |     |     |     |     |     |
  +-----+-----+-----+-----+-----+-----+-----+-----+
2 |  ♙  |  ♙  |  ♙  |  ♙  |     |     |  ♙  |  ♙  |
  +-----+-----+-----+-----+-----+-----+-----+-----+
1 |  ♖  |     |  ♗  |  ♕  |  ♔  |  ♗  |  ♘  |  ♖  |
  +-----+-----+-----+-----+-----+-----+-----+-----+
-> move of ♘ c3e2

     h     g     f     e     d     c     b     a     
  +-----+-----+-----+-----+-----+-----+-----+-----+
1 |  ♖  |  ♘  |  ♗  |  ♔  |  ♕  |  ♗  |     |  ♖  |
  +-----+-----+-----+-----+-----+-----+-----+-----+
2 |  ♙  |  ♙  |     |  ♘  |  ♙  |  ♙  |  ♙  |  ♙  |
  +-----+-----+-----+-----+-----+-----+-----+-----+
3 |     |     |     |     |     |     |     |     |
  +-----+-----+-----+-----+-----+-----+-----+-----+
4 |     |     |  ♙  |  ♙  |  ♟  |     |     |     |
  +-----+-----+-----+-----+-----+-----+-----+-----+
5 |     |     |     |  ♟  |     |     |     |     |
  +-----+-----+-----+-----+-----+-----+-----+-----+
6 |     |     |     |     |     |     |     |     |
  +-----+-----+-----+-----+-----+-----+-----+-----+
7 |  ♟  |  ♟  |  ♟  |     |     |  ♟  |  ♟  |  ♟  |
  +-----+-----+-----+-----+-----+-----+-----+-----+
8 |  ♜  |  ♞  |  ♝  |  ♚  |  ♛  |  ♝  |  ♞  |  ♜  |
  +-----+-----+-----+-----+-----+-----+-----+-----+
-> move of ♝ f8b4

     a     b     c     d     e     f     g     h     
  +-----+-----+-----+-----+-----+-----+-----+-----+
8 |  ♜  |  ♞  |  ♝  |  ♛  |  ♚  |     |  ♞  |  ♜  |
  +-----+-----+-----+-----+-----+-----+-----+-----+
7 |  ♟  |  ♟  |  ♟  |     |     |  ♟  |  ♟  |  ♟  |
  +-----+-----+-----+-----+-----+-----+-----+-----+
6 |     |     |     |     |     |     |     |     |
  +-----+-----+-----+-----+-----+-----+-----+-----+
5 |     |     |     |     |  ♟  |     |     |     |
  +-----+-----+-----+-----+-----+-----+-----+-----+
4 |     |  ♝  |     |  ♟  |  ♙  |  ♙  |     |     |
  +-----+-----+-----+-----+-----+-----+-----+-----+
3 |     |     |     |     |     |     |     |     |
  +-----+-----+-----+-----+-----+-----+-----+-----+
2 |  ♙  |  ♙  |  ♙  |  ♙  |  ♘  |     |  ♙  |  ♙  |
  +-----+-----+-----+-----+-----+-----+-----+-----+
1 |  ♖  |     |  ♗  |  ♕  |  ♔  |  ♗  |  ♘  |  ♖  |
  +-----+-----+-----+-----+-----+-----+-----+-----+
-> move of ♙ f4f5

     h     g     f     e     d     c     b     a     
  +-----+-----+-----+-----+-----+-----+-----+-----+
1 |  ♖  |  ♘  |  ♗  |  ♔  |  ♕  |  ♗  |     |  ♖  |
  +-----+-----+-----+-----+-----+-----+-----+-----+
2 |  ♙  |  ♙  |     |  ♘  |  ♙  |  ♙  |  ♙  |  ♙  |
  +-----+-----+-----+-----+-----+-----+-----+-----+
3 |     |     |     |     |     |     |     |     |
  +-----+-----+-----+-----+-----+-----+-----+-----+
4 |     |     |     |  ♙  |  ♟  |     |  ♝  |     |
  +-----+-----+-----+-----+-----+-----+-----+-----+
5 |     |     |  ♙  |  ♟  |     |     |     |     |
  +-----+-----+-----+-----+-----+-----+-----+-----+
6 |     |     |     |     |     |     |     |     |
  +-----+-----+-----+-----+-----+-----+-----+-----+
7 |  ♟  |  ♟  |  ♟  |     |     |  ♟  |  ♟  |  ♟  |
  +-----+-----+-----+-----+-----+-----+-----+-----+
8 |  ♜  |  ♞  |     |  ♚  |  ♛  |  ♝  |  ♞  |  ♜  |
  +-----+-----+-----+-----+-----+-----+-----+-----+
-> move of ♞ b8c6

     a     b     c     d     e     f     g     h     
  +-----+-----+-----+-----+-----+-----+-----+-----+
8 |  ♜  |     |  ♝  |  ♛  |  ♚  |     |  ♞  |  ♜  |
  +-----+-----+-----+-----+-----+-----+-----+-----+
7 |  ♟  |  ♟  |  ♟  |     |     |  ♟  |  ♟  |  ♟  |
  +-----+-----+-----+-----+-----+-----+-----+-----+
6 |     |     |  ♞  |     |     |     |     |     |
  +-----+-----+-----+-----+-----+-----+-----+-----+
5 |     |     |     |     |  ♟  |  ♙  |     |     |
  +-----+-----+-----+-----+-----+-----+-----+-----+
4 |     |  ♝  |     |  ♟  |  ♙  |     |     |     |
  +-----+-----+-----+-----+-----+-----+-----+-----+
3 |     |     |     |     |     |     |     |     |
  +-----+-----+-----+-----+-----+-----+-----+-----+
2 |  ♙  |  ♙  |  ♙  |  ♙  |  ♘  |     |  ♙  |  ♙  |
  +-----+-----+-----+-----+-----+-----+-----+-----+
1 |  ♖  |     |  ♗  |  ♕  |  ♔  |  ♗  |  ♘  |  ♖  |
  +-----+-----+-----+-----+-----+-----+-----+-----+
-> move of ♙ c2c3

     h     g     f     e     d     c     b     a     
  +-----+-----+-----+-----+-----+-----+-----+-----+
1 |  ♖  |  ♘  |  ♗  |  ♔  |  ♕  |  ♗  |     |  ♖  |
  +-----+-----+-----+-----+-----+-----+-----+-----+
2 |  ♙  |  ♙  |     |  ♘  |  ♙  |     |  ♙  |  ♙  |
  +-----+-----+-----+-----+-----+-----+-----+-----+
3 |     |     |     |     |     |  ♙  |     |     |
  +-----+-----+-----+-----+-----+-----+-----+-----+
4 |     |     |     |  ♙  |  ♟  |     |  ♝  |     |
  +-----+-----+-----+-----+-----+-----+-----+-----+
5 |     |     |  ♙  |  ♟  |     |     |     |     |
  +-----+-----+-----+-----+-----+-----+-----+-----+
6 |     |     |     |     |     |  ♞  |     |     |
  +-----+-----+-----+-----+-----+-----+-----+-----+
7 |  ♟  |  ♟  |  ♟  |     |     |  ♟  |  ♟  |  ♟  |
  +-----+-----+-----+-----+-----+-----+-----+-----+
8 |  ♜  |  ♞  |     |  ♚  |  ♛  |  ♝  |     |  ♜  |
  +-----+-----+-----+-----+-----+-----+-----+-----+
-> move of ♟ d4c3

     a     b     c     d     e     f     g     h     
  +-----+-----+-----+-----+-----+-----+-----+-----+
8 |  ♜  |     |  ♝  |  ♛  |  ♚  |     |  ♞  |  ♜  |
  +-----+-----+-----+-----+-----+-----+-----+-----+
7 |  ♟  |  ♟  |  ♟  |     |     |  ♟  |  ♟  |  ♟  |
  +-----+-----+-----+-----+-----+-----+-----+-----+
6 |     |     |  ♞  |     |     |     |     |     |
  +-----+-----+-----+-----+-----+-----+-----+-----+
5 |     |     |     |     |  ♟  |  ♙  |     |     |
  +-----+-----+-----+-----+-----+-----+-----+-----+
4 |     |  ♝  |     |     |  ♙  |     |     |     |
  +-----+-----+-----+-----+-----+-----+-----+-----+
3 |     |     |  ♟  |     |     |     |     |     |
  +-----+-----+-----+-----+-----+-----+-----+-----+
2 |  ♙  |  ♙  |     |  ♙  |  ♘  |     |  ♙  |  ♙  |
  +-----+-----+-----+-----+-----+-----+-----+-----+
1 |  ♖  |     |  ♗  |  ♕  |  ♔  |  ♗  |  ♘  |  ♖  |
  +-----+-----+-----+-----+-----+-----+-----+-----+
-> move of ♘ e2c3

     h     g     f     e     d     c     b     a     
  +-----+-----+-----+-----+-----+-----+-----+-----+
1 |  ♖  |  ♘  |  ♗  |  ♔  |  ♕  |  ♗  |     |  ♖  |
  +-----+-----+-----+-----+-----+-----+-----+-----+
2 |  ♙  |  ♙  |     |     |  ♙  |     |  ♙  |  ♙  |
  +-----+-----+-----+-----+-----+-----+-----+-----+
3 |     |     |     |     |     |  ♘  |     |     |
  +-----+-----+-----+-----+-----+-----+-----+-----+
4 |     |     |     |  ♙  |     |     |  ♝  |     |
  +-----+-----+-----+-----+-----+-----+-----+-----+
5 |     |     |  ♙  |  ♟  |     |     |     |     |
  +-----+-----+-----+-----+-----+-----+-----+-----+
6 |     |     |     |     |     |  ♞  |     |     |
  +-----+-----+-----+-----+-----+-----+-----+-----+
7 |  ♟  |  ♟  |  ♟  |     |     |  ♟  |  ♟  |  ♟  |
  +-----+-----+-----+-----+-----+-----+-----+-----+
8 |  ♜  |  ♞  |     |  ♚  |  ♛  |  ♝  |     |  ♜  |
  +-----+-----+-----+-----+-----+-----+-----+-----+
-> move of ♟ f7f6

     a     b     c     d     e     f     g     h     
  +-----+-----+-----+-----+-----+-----+-----+-----+
8 |  ♜  |     |  ♝  |  ♛  |  ♚  |     |  ♞  |  ♜  |
  +-----+-----+-----+-----+-----+-----+-----+-----+
7 |  ♟  |  ♟  |  ♟  |     |     |     |  ♟  |  ♟  |
  +-----+-----+-----+-----+-----+-----+-----+-----+
6 |     |     |  ♞  |     |     |  ♟  |     |     |
  +-----+-----+-----+-----+-----+-----+-----+-----+
5 |     |     |     |     |  ♟  |  ♙  |     |     |
  +-----+-----+-----+-----+-----+-----+-----+-----+
4 |     |  ♝  |     |     |  ♙  |     |     |     |
  +-----+-----+-----+-----+-----+-----+-----+-----+
3 |     |     |  ♘  |     |     |     |     |     |
  +-----+-----+-----+-----+-----+-----+-----+-----+
2 |  ♙  |  ♙  |     |  ♙  |     |     |  ♙  |  ♙  |
  +-----+-----+-----+-----+-----+-----+-----+-----+
1 |  ♖  |     |  ♗  |  ♕  |  ♔  |  ♗  |  ♘  |  ♖  |
  +-----+-----+-----+-----+-----+-----+-----+-----+
-> move of ♙ g2g4

     h     g     f     e     d     c     b     a     
  +-----+-----+-----+-----+-----+-----+-----+-----+
1 |  ♖  |  ♘  |  ♗  |  ♔  |  ♕  |  ♗  |     |  ♖  |
  +-----+-----+-----+-----+-----+-----+-----+-----+
2 |  ♙  |     |     |     |  ♙  |     |  ♙  |  ♙  |
  +-----+-----+-----+-----+-----+-----+-----+-----+
3 |     |     |     |     |     |  ♘  |     |     |
  +-----+-----+-----+-----+-----+-----+-----+-----+
4 |     |  ♙  |     |  ♙  |     |     |  ♝  |     |
  +-----+-----+-----+-----+-----+-----+-----+-----+
5 |     |     |  ♙  |  ♟  |     |     |     |     |
  +-----+-----+-----+-----+-----+-----+-----+-----+
6 |     |     |  ♟  |     |     |  ♞  |     |     |
  +-----+-----+-----+-----+-----+-----+-----+-----+
7 |  ♟  |  ♟  |     |     |     |  ♟  |  ♟  |  ♟  |
  +-----+-----+-----+-----+-----+-----+-----+-----+
8 |  ♜  |  ♞  |     |  ♚  |  ♛  |  ♝  |     |  ♜  |
  +-----+-----+-----+-----+-----+-----+-----+-----+
-> move of ♞ c6d4

     a     b     c     d     e     f     g     h     
  +-----+-----+-----+-----+-----+-----+-----+-----+
8 |  ♜  |     |  ♝  |  ♛  |  ♚  |     |  ♞  |  ♜  |
  +-----+-----+-----+-----+-----+-----+-----+-----+
7 |  ♟  |  ♟  |  ♟  |     |     |     |  ♟  |  ♟  |
  +-----+-----+-----+-----+-----+-----+-----+-----+
6 |     |     |     |     |     |  ♟  |     |     |
  +-----+-----+-----+-----+-----+-----+-----+-----+
5 |     |     |     |     |  ♟  |  ♙  |     |     |
  +-----+-----+-----+-----+-----+-----+-----+-----+
4 |     |  ♝  |     |  ♞  |  ♙  |     |  ♙  |     |
  +-----+-----+-----+-----+-----+-----+-----+-----+
3 |     |     |  ♘  |     |     |     |     |     |
  +-----+-----+-----+-----+-----+-----+-----+-----+
2 |  ♙  |  ♙  |     |  ♙  |     |     |     |  ♙  |
  +-----+-----+-----+-----+-----+-----+-----+-----+
1 |  ♖  |     |  ♗  |  ♕  |  ♔  |  ♗  |  ♘  |  ♖  |
  +-----+-----+-----+-----+-----+-----+-----+-----+
-> move of ♙ d2d3

     h     g     f     e     d     c     b     a     
  +-----+-----+-----+-----+-----+-----+-----+-----+
1 |  ♖  |  ♘  |  ♗  |  ♔  |  ♕  |  ♗  |     |  ♖  |
  +-----+-----+-----+-----+-----+-----+-----+-----+
2 |  ♙  |     |     |     |     |     |  ♙  |  ♙  |
  +-----+-----+-----+-----+-----+-----+-----+-----+
3 |     |     |     |     |  ♙  |  ♘  |     |     |
  +-----+-----+-----+-----+-----+-----+-----+-----+
4 |     |  ♙  |     |  ♙  |  ♞  |     |  ♝  |     |
  +-----+-----+-----+-----+-----+-----+-----+-----+
5 |     |     |  ♙  |  ♟  |     |     |     |     |
  +-----+-----+-----+-----+-----+-----+-----+-----+
6 |     |     |  ♟  |     |     |     |     |     |
  +-----+-----+-----+-----+-----+-----+-----+-----+
7 |  ♟  |  ♟  |     |     |     |  ♟  |  ♟  |  ♟  |
  +-----+-----+-----+-----+-----+-----+-----+-----+
8 |  ♜  |  ♞  |     |  ♚  |  ♛  |  ♝  |     |  ♜  |
  +-----+-----+-----+-----+-----+-----+-----+-----+
-> move of ♞ g8e7

     a     b     c     d     e     f     g     h     
  +-----+-----+-----+-----+-----+-----+-----+-----+
8 |  ♜  |     |  ♝  |  ♛  |  ♚  |     |     |  ♜  |
  +-----+-----+-----+-----+-----+-----+-----+-----+
7 |  ♟  |  ♟  |  ♟  |     |  ♞  |     |  ♟  |  ♟  |
  +-----+-----+-----+-----+-----+-----+-----+-----+
6 |     |     |     |     |     |  ♟  |     |     |
  +-----+-----+-----+-----+-----+-----+-----+-----+
5 |     |     |     |     |  ♟  |  ♙  |     |     |
  +-----+-----+-----+-----+-----+-----+-----+-----+
4 |     |  ♝  |     |  ♞  |  ♙  |     |  ♙  |     |
  +-----+-----+-----+-----+-----+-----+-----+-----+
3 |     |     |  ♘  |  ♙  |     |     |     |     |
  +-----+-----+-----+-----+-----+-----+-----+-----+
2 |  ♙  |  ♙  |     |     |     |     |     |  ♙  |
  +-----+-----+-----+-----+-----+-----+-----+-----+
1 |  ♖  |     |  ♗  |  ♕  |  ♔  |  ♗  |  ♘  |  ♖  |
  +-----+-----+-----+-----+-----+-----+-----+-----+
-> move of ♙ g4g5

     h     g     f     e     d     c     b     a     
  +-----+-----+-----+-----+-----+-----+-----+-----+
1 |  ♖  |  ♘  |  ♗  |  ♔  |  ♕  |  ♗  |     |  ♖  |
  +-----+-----+-----+-----+-----+-----+-----+-----+
2 |  ♙  |     |     |     |     |     |  ♙  |  ♙  |
  +-----+-----+-----+-----+-----+-----+-----+-----+
3 |     |     |     |     |  ♙  |  ♘  |     |     |
  +-----+-----+-----+-----+-----+-----+-----+-----+
4 |     |     |     |  ♙  |  ♞  |     |  ♝  |     |
  +-----+-----+-----+-----+-----+-----+-----+-----+
5 |     |  ♙  |  ♙  |  ♟  |     |     |     |     |
  +-----+-----+-----+-----+-----+-----+-----+-----+
6 |     |     |  ♟  |     |     |     |     |     |
  +-----+-----+-----+-----+-----+-----+-----+-----+
7 |  ♟  |  ♟  |     |  ♞  |     |  ♟  |  ♟  |  ♟  |
  +-----+-----+-----+-----+-----+-----+-----+-----+
8 |  ♜  |     |     |  ♚  |  ♛  |  ♝  |     |  ♜  |
  +-----+-----+-----+-----+-----+-----+-----+-----+
-> move of ♛ d8d6

     a     b     c     d     e     f     g     h     
  +-----+-----+-----+-----+-----+-----+-----+-----+
8 |  ♜  |     |  ♝  |     |  ♚  |     |     |  ♜  |
  +-----+-----+-----+-----+-----+-----+-----+-----+
7 |  ♟  |  ♟  |  ♟  |     |  ♞  |     |  ♟  |  ♟  |
  +-----+-----+-----+-----+-----+-----+-----+-----+
6 |     |     |     |  ♛  |     |  ♟  |     |     |
  +-----+-----+-----+-----+-----+-----+-----+-----+
5 |     |     |     |     |  ♟  |  ♙  |  ♙  |     |
  +-----+-----+-----+-----+-----+-----+-----+-----+
4 |     |  ♝  |     |  ♞  |  ♙  |     |     |     |
  +-----+-----+-----+-----+-----+-----+-----+-----+
3 |     |     |  ♘  |  ♙  |     |     |     |     |
  +-----+-----+-----+-----+-----+-----+-----+-----+
2 |  ♙  |  ♙  |     |     |     |     |     |  ♙  |
  +-----+-----+-----+-----+-----+-----+-----+-----+
1 |  ♖  |     |  ♗  |  ♕  |  ♔  |  ♗  |  ♘  |  ♖  |
  +-----+-----+-----+-----+-----+-----+-----+-----+
-> move of ♙ a2a3

     h     g     f     e     d     c     b     a     
  +-----+-----+-----+-----+-----+-----+-----+-----+
1 |  ♖  |  ♘  |  ♗  |  ♔  |  ♕  |  ♗  |     |  ♖  |
  +-----+-----+-----+-----+-----+-----+-----+-----+
2 |  ♙  |     |     |     |     |     |  ♙  |     |
  +-----+-----+-----+-----+-----+-----+-----+-----+
3 |     |     |     |     |  ♙  |  ♘  |     |  ♙  |
  +-----+-----+-----+-----+-----+-----+-----+-----+
4 |     |     |     |  ♙  |  ♞  |     |  ♝  |     |
  +-----+-----+-----+-----+-----+-----+-----+-----+
5 |     |  ♙  |  ♙  |  ♟  |     |     |     |     |
  +-----+-----+-----+-----+-----+-----+-----+-----+
6 |     |     |  ♟  |     |  ♛  |     |     |     |
  +-----+-----+-----+-----+-----+-----+-----+-----+
7 |  ♟  |  ♟  |     |  ♞  |     |  ♟  |  ♟  |  ♟  |
  +-----+-----+-----+-----+-----+-----+-----+-----+
8 |  ♜  |     |     |  ♚  |     |  ♝  |     |  ♜  |
  +-----+-----+-----+-----+-----+-----+-----+-----+
-> move of ♝ b4c3

     a     b     c     d     e     f     g     h     
  +-----+-----+-----+-----+-----+-----+-----+-----+
8 |  ♜  |     |  ♝  |     |  ♚  |     |     |  ♜  |
  +-----+-----+-----+-----+-----+-----+-----+-----+
7 |  ♟  |  ♟  |  ♟  |     |  ♞  |     |  ♟  |  ♟  |
  +-----+-----+-----+-----+-----+-----+-----+-----+
6 |     |     |     |  ♛  |     |  ♟  |     |     |
  +-----+-----+-----+-----+-----+-----+-----+-----+
5 |     |     |     |     |  ♟  |  ♙  |  ♙  |     |
  +-----+-----+-----+-----+-----+-----+-----+-----+
4 |     |     |     |  ♞  |  ♙  |     |     |     |
  +-----+-----+-----+-----+-----+-----+-----+-----+
3 |  ♙  |     |  ♝  |  ♙  |     |     |     |     |
  +-----+-----+-----+-----+-----+-----+-----+-----+
2 |     |  ♙  |     |     |     |     |     |  ♙  |
  +-----+-----+-----+-----+-----+-----+-----+-----+
1 |  ♖  |     |  ♗  |  ♕  |  ♔  |  ♗  |  ♘  |  ♖  |
  +-----+-----+-----+-----+-----+-----+-----+-----+
-> check
-> move of ♙ b2c3

     h     g     f     e     d     c     b     a     
  +-----+-----+-----+-----+-----+-----+-----+-----+
1 |  ♖  |  ♘  |  ♗  |  ♔  |  ♕  |  ♗  |     |  ♖  |
  +-----+-----+-----+-----+-----+-----+-----+-----+
2 |  ♙  |     |     |     |     |     |     |     |
  +-----+-----+-----+-----+-----+-----+-----+-----+
3 |     |     |     |     |  ♙  |  ♙  |     |  ♙  |
  +-----+-----+-----+-----+-----+-----+-----+-----+
4 |     |     |     |  ♙  |  ♞  |     |     |     |
  +-----+-----+-----+-----+-----+-----+-----+-----+
5 |     |  ♙  |  ♙  |  ♟  |     |     |     |     |
  +-----+-----+-----+-----+-----+-----+-----+-----+
6 |     |     |  ♟  |     |  ♛  |     |     |     |
  +-----+-----+-----+-----+-----+-----+-----+-----+
7 |  ♟  |  ♟  |     |  ♞  |     |  ♟  |  ♟  |  ♟  |
  +-----+-----+-----+-----+-----+-----+-----+-----+
8 |  ♜  |     |     |  ♚  |     |  ♝  |     |  ♜  |
  +-----+-----+-----+-----+-----+-----+-----+-----+
-> move of ♞ d4b5

     a     b     c     d     e     f     g     h     
  +-----+-----+-----+-----+-----+-----+-----+-----+
8 |  ♜  |     |  ♝  |     |  ♚  |     |     |  ♜  |
  +-----+-----+-----+-----+-----+-----+-----+-----+
7 |  ♟  |  ♟  |  ♟  |     |  ♞  |     |  ♟  |  ♟  |
  +-----+-----+-----+-----+-----+-----+-----+-----+
6 |     |     |     |  ♛  |     |  ♟  |     |     |
  +-----+-----+-----+-----+-----+-----+-----+-----+
5 |     |  ♞  |     |     |  ♟  |  ♙  |  ♙  |     |
  +-----+-----+-----+-----+-----+-----+-----+-----+
4 |     |     |     |     |  ♙  |     |     |     |
  +-----+-----+-----+-----+-----+-----+-----+-----+
3 |  ♙  |     |  ♙  |  ♙  |     |     |     |     |
  +-----+-----+-----+-----+-----+-----+-----+-----+
2 |     |     |     |     |     |     |     |  ♙  |
  +-----+-----+-----+-----+-----+-----+-----+-----+
1 |  ♖  |     |  ♗  |  ♕  |  ♔  |  ♗  |  ♘  |  ♖  |
  +-----+-----+-----+-----+-----+-----+-----+-----+
-> move of ♘ g1e2

     h     g     f     e     d     c     b     a     
  +-----+-----+-----+-----+-----+-----+-----+-----+
1 |  ♖  |     |  ♗  |  ♔  |  ♕  |  ♗  |     |  ♖  |
  +-----+-----+-----+-----+-----+-----+-----+-----+
2 |  ♙  |     |     |  ♘  |     |     |     |     |
  +-----+-----+-----+-----+-----+-----+-----+-----+
3 |     |     |     |     |  ♙  |  ♙  |     |  ♙  |
  +-----+-----+-----+-----+-----+-----+-----+-----+
4 |     |     |     |  ♙  |     |     |     |     |
  +-----+-----+-----+-----+-----+-----+-----+-----+
5 |     |  ♙  |  ♙  |  ♟  |     |     |  ♞  |     |
  +-----+-----+-----+-----+-----+-----+-----+-----+
6 |     |     |  ♟  |     |  ♛  |     |     |     |
  +-----+-----+-----+-----+-----+-----+-----+-----+
7 |  ♟  |  ♟  |     |  ♞  |     |  ♟  |  ♟  |  ♟  |
  +-----+-----+-----+-----+-----+-----+-----+-----+
8 |  ♜  |     |     |  ♚  |     |  ♝  |     |  ♜  |
  +-----+-----+-----+-----+-----+-----+-----+-----+
-> castling O-O

     a     b     c     d     e     f     g     h     
  +-----+-----+-----+-----+-----+-----+-----+-----+
8 |  ♜  |     |  ♝  |     |     |  ♜  |  ♚  |     |
  +-----+-----+-----+-----+-----+-----+-----+-----+
7 |  ♟  |  ♟  |  ♟  |     |  ♞  |     |  ♟  |  ♟  |
  +-----+-----+-----+-----+-----+-----+-----+-----+
6 |     |     |     |  ♛  |     |  ♟  |     |     |
  +-----+-----+-----+-----+-----+-----+-----+-----+
5 |     |  ♞  |     |     |  ♟  |  ♙  |  ♙  |     |
  +-----+-----+-----+-----+-----+-----+-----+-----+
4 |     |     |     |     |  ♙  |     |     |     |
  +-----+-----+-----+-----+-----+-----+-----+-----+
3 |  ♙  |     |  ♙  |  ♙  |     |     |     |     |
  +-----+-----+-----+-----+-----+-----+-----+-----+
2 |     |     |     |     |  ♘  |     |     |  ♙  |
  +-----+-----+-----+-----+-----+-----+-----+-----+
1 |  ♖  |     |  ♗  |  ♕  |  ♔  |  ♗  |     |  ♖  |
  +-----+-----+-----+-----+-----+-----+-----+-----+
-> move of ♙ g5g6

     h     g     f     e     d     c     b     a     
  +-----+-----+-----+-----+-----+-----+-----+-----+
1 |  ♖  |     |  ♗  |  ♔  |  ♕  |  ♗  |     |  ♖  |
  +-----+-----+-----+-----+-----+-----+-----+-----+
2 |  ♙  |     |     |  ♘  |     |     |     |     |
  +-----+-----+-----+-----+-----+-----+-----+-----+
3 |     |     |     |     |  ♙  |  ♙  |     |  ♙  |
  +-----+-----+-----+-----+-----+-----+-----+-----+
4 |     |     |     |  ♙  |     |     |     |     |
  +-----+-----+-----+-----+-----+-----+-----+-----+
5 |     |     |  ♙  |  ♟  |     |     |  ♞  |     |
  +-----+-----+-----+-----+-----+-----+-----+-----+
6 |     |  ♙  |  ♟  |     |  ♛  |     |     |     |
  +-----+-----+-----+-----+-----+-----+-----+-----+
7 |  ♟  |  ♟  |     |  ♞  |     |  ♟  |  ♟  |  ♟  |
  +-----+-----+-----+-----+-----+-----+-----+-----+
8 |     |  ♚  |  ♜  |     |     |  ♝  |     |  ♜  |
  +-----+-----+-----+-----+-----+-----+-----+-----+
-> move of ♝ c8d7

     a     b     c     d     e     f     g     h     
  +-----+-----+-----+-----+-----+-----+-----+-----+
8 |  ♜  |     |     |     |     |  ♜  |  ♚  |     |
  +-----+-----+-----+-----+-----+-----+-----+-----+
7 |  ♟  |  ♟  |  ♟  |  ♝  |  ♞  |     |  ♟  |  ♟  |
  +-----+-----+-----+-----+-----+-----+-----+-----+
6 |     |     |     |  ♛  |     |  ♟  |  ♙  |     |
  +-----+-----+-----+-----+-----+-----+-----+-----+
5 |     |  ♞  |     |     |  ♟  |  ♙  |     |     |
  +-----+-----+-----+-----+-----+-----+-----+-----+
4 |     |     |     |     |  ♙  |     |     |     |
  +-----+-----+-----+-----+-----+-----+-----+-----+
3 |  ♙  |     |  ♙  |  ♙  |     |     |     |     |
  +-----+-----+-----+-----+-----+-----+-----+-----+
2 |     |     |     |     |  ♘  |     |     |  ♙  |
  +-----+-----+-----+-----+-----+-----+-----+-----+
1 |  ♖  |     |  ♗  |  ♕  |  ♔  |  ♗  |     |  ♖  |
  +-----+-----+-----+-----+-----+-----+-----+-----+
-> move of ♙ d3d4

     h     g     f     e     d     c     b     a     
  +-----+-----+-----+-----+-----+-----+-----+-----+
1 |  ♖  |     |  ♗  |  ♔  |  ♕  |  ♗  |     |  ♖  |
  +-----+-----+-----+-----+-----+-----+-----+-----+
2 |  ♙  |     |     |  ♘  |     |     |     |     |
  +-----+-----+-----+-----+-----+-----+-----+-----+
3 |     |     |     |     |     |  ♙  |     |  ♙  |
  +-----+-----+-----+-----+-----+-----+-----+-----+
4 |     |     |     |  ♙  |  ♙  |     |     |     |
  +-----+-----+-----+-----+-----+-----+-----+-----+
5 |     |     |  ♙  |  ♟  |     |     |  ♞  |     |
  +-----+-----+-----+-----+-----+-----+-----+-----+
6 |     |  ♙  |  ♟  |     |  ♛  |     |     |     |
  +-----+-----+-----+-----+-----+-----+-----+-----+
7 |  ♟  |  ♟  |     |  ♞  |  ♝  |  ♟  |  ♟  |  ♟  |
  +-----+-----+-----+-----+-----+-----+-----+-----+
8 |     |  ♚  |  ♜  |     |     |     |     |  ♜  |
  +-----+-----+-----+-----+-----+-----+-----+-----+
-> move of ♟ e5d4

     a     b     c     d     e     f     g     h     
  +-----+-----+-----+-----+-----+-----+-----+-----+
8 |  ♜  |     |     |     |     |  ♜  |  ♚  |     |
  +-----+-----+-----+-----+-----+-----+-----+-----+
7 |  ♟  |  ♟  |  ♟  |  ♝  |  ♞  |     |  ♟  |  ♟  |
  +-----+-----+-----+-----+-----+-----+-----+-----+
6 |     |     |     |  ♛  |     |  ♟  |  ♙  |     |
  +-----+-----+-----+-----+-----+-----+-----+-----+
5 |     |  ♞  |     |     |     |  ♙  |     |     |
  +-----+-----+-----+-----+-----+-----+-----+-----+
4 |     |     |     |  ♟  |  ♙  |     |     |     |
  +-----+-----+-----+-----+-----+-----+-----+-----+
3 |  ♙  |     |  ♙  |     |     |     |     |     |
  +-----+-----+-----+-----+-----+-----+-----+-----+
2 |     |     |     |     |  ♘  |     |     |  ♙  |
  +-----+-----+-----+-----+-----+-----+-----+-----+
1 |  ♖  |     |  ♗  |  ♕  |  ♔  |  ♗  |     |  ♖  |
  +-----+-----+-----+-----+-----+-----+-----+-----+
-> move of ♘ e2d4

     h     g     f     e     d     c     b     a     
  +-----+-----+-----+-----+-----+-----+-----+-----+
1 |  ♖  |     |  ♗  |  ♔  |  ♕  |  ♗  |     |  ♖  |
  +-----+-----+-----+-----+-----+-----+-----+-----+
2 |  ♙  |     |     |     |     |     |     |     |
  +-----+-----+-----+-----+-----+-----+-----+-----+
3 |     |     |     |     |     |  ♙  |     |  ♙  |
  +-----+-----+-----+-----+-----+-----+-----+-----+
4 |     |     |     |  ♙  |  ♘  |     |     |     |
  +-----+-----+-----+-----+-----+-----+-----+-----+
5 |     |     |  ♙  |     |     |     |  ♞  |     |
  +-----+-----+-----+-----+-----+-----+-----+-----+
6 |     |  ♙  |  ♟  |     |  ♛  |     |     |     |
  +-----+-----+-----+-----+-----+-----+-----+-----+
7 |  ♟  |  ♟  |     |  ♞  |  ♝  |  ♟  |  ♟  |  ♟  |
  +-----+-----+-----+-----+-----+-----+-----+-----+
8 |     |  ♚  |  ♜  |     |     |     |     |  ♜  |
  +-----+-----+-----+-----+-----+-----+-----+-----+
-> move of ♞ b5d4

     a     b     c     d     e     f     g     h     
  +-----+-----+-----+-----+-----+-----+-----+-----+
8 |  ♜  |     |     |     |     |  ♜  |  ♚  |     |
  +-----+-----+-----+-----+-----+-----+-----+-----+
7 |  ♟  |  ♟  |  ♟  |  ♝  |  ♞  |     |  ♟  |  ♟  |
  +-----+-----+-----+-----+-----+-----+-----+-----+
6 |     |     |     |  ♛  |     |  ♟  |  ♙  |     |
  +-----+-----+-----+-----+-----+-----+-----+-----+
5 |     |     |     |     |     |  ♙  |     |     |
  +-----+-----+-----+-----+-----+-----+-----+-----+
4 |     |     |     |  ♞  |  ♙  |     |     |     |
  +-----+-----+-----+-----+-----+-----+-----+-----+
3 |  ♙  |     |  ♙  |     |     |     |     |     |
  +-----+-----+-----+-----+-----+-----+-----+-----+
2 |     |     |     |     |     |     |     |  ♙  |
  +-----+-----+-----+-----+-----+-----+-----+-----+
1 |  ♖  |     |  ♗  |  ♕  |  ♔  |  ♗  |     |  ♖  |
  +-----+-----+-----+-----+-----+-----+-----+-----+
-> move of ♕ d1h5

     h     g     f     e     d     c     b     a     
  +-----+-----+-----+-----+-----+-----+-----+-----+
1 |  ♖  |     |  ♗  |  ♔  |     |  ♗  |     |  ♖  |
  +-----+-----+-----+-----+-----+-----+-----+-----+
2 |  ♙  |     |     |     |     |     |     |     |
  +-----+-----+-----+-----+-----+-----+-----+-----+
3 |     |     |     |     |     |  ♙  |     |  ♙  |
  +-----+-----+-----+-----+-----+-----+-----+-----+
4 |     |     |     |  ♙  |  ♞  |     |     |     |
  +-----+-----+-----+-----+-----+-----+-----+-----+
5 |  ♕  |     |  ♙  |     |     |     |     |     |
  +-----+-----+-----+-----+-----+-----+-----+-----+
6 |     |  ♙  |  ♟  |     |  ♛  |     |     |     |
  +-----+-----+-----+-----+-----+-----+-----+-----+
7 |  ♟  |  ♟  |     |  ♞  |  ♝  |  ♟  |  ♟  |  ♟  |
  +-----+-----+-----+-----+-----+-----+-----+-----+
8 |     |  ♚  |  ♜  |     |     |     |     |  ♜  |
  +-----+-----+-----+-----+-----+-----+-----+-----+
Error: move leaves your king in check.
-> move of ♟ h7h6

     a     b     c     d     e     f     g     h     
  +-----+-----+-----+-----+-----+-----+-----+-----+
8 |  ♜  |     |     |     |     |  ♜  |  ♚  |     |
  +-----+-----+-----+-----+-----+-----+-----+-----+
7 |  ♟  |  ♟  |  ♟  |  ♝  |  ♞  |     |  ♟  |     |
  +-----+-----+-----+-----+-----+-----+-----+-----+
6 |     |     |     |  ♛  |     |  ♟  |  ♙  |  ♟  |
  +-----+-----+-----+-----+-----+-----+-----+-----+
5 |     |     |     |     |     |  ♙  |     |  ♕  |
  +-----+-----+-----+-----+-----+-----+-----+-----+
4 |     |     |     |  ♞  |  ♙  |     |     |     |
  +-----+-----+-----+-----+-----+-----+-----+-----+
3 |  ♙  |     |  ♙  |     |     |     |     |     |
  +-----+-----+-----+-----+-----+-----+-----+-----+
2 |     |     |     |     |     |     |     |  ♙  |
  +-----+-----+-----+-----+-----+-----+-----+-----+
1 |  ♖  |     |  ♗  |     |  ♔  |  ♗  |     |  ♖  |
  +-----+-----+-----+-----+-----+-----+-----+-----+
-> move of ♙ c3d4

     h     g     f     e     d     c     b     a     
  +-----+-----+-----+-----+-----+-----+-----+-----+
1 |  ♖  |     |  ♗  |  ♔  |     |  ♗  |     |  ♖  |
  +-----+-----+-----+-----+-----+-----+-----+-----+
2 |  ♙  |     |     |     |     |     |     |     |
  +-----+-----+-----+-----+-----+-----+-----+-----+
3 |     |     |     |     |     |     |     |  ♙  |
  +-----+-----+-----+-----+-----+-----+-----+-----+
4 |     |     |     |  ♙  |  ♙  |     |     |     |
  +-----+-----+-----+-----+-----+-----+-----+-----+
5 |  ♕  |     |  ♙  |     |     |     |     |     |
  +-----+-----+-----+-----+-----+-----+-----+-----+
6 |  ♟  |  ♙  |  ♟  |     |  ♛  |     |     |     |
  +-----+-----+-----+-----+-----+-----+-----+-----+
7 |     |  ♟  |     |  ♞  |  ♝  |  ♟  |  ♟  |  ♟  |
  +-----+-----+-----+-----+-----+-----+-----+-----+
8 |     |  ♚  |  ♜  |     |     |     |     |  ♜  |
  +-----+-----+-----+-----+-----+-----+-----+-----+
-> move of ♛ d6d4

     a     b     c     d     e     f     g     h     
  +-----+-----+-----+-----+-----+-----+-----+-----+
8 |  ♜  |     |     |     |     |  ♜  |  ♚  |     |
  +-----+-----+-----+-----+-----+-----+-----+-----+
7 |  ♟  |  ♟  |  ♟  |  ♝  |  ♞  |     |  ♟  |     |
  +-----+-----+-----+-----+-----+-----+-----+-----+
6 |     |     |     |     |     |  ♟  |  ♙  |  ♟  |
  +-----+-----+-----+-----+-----+-----+-----+-----+
5 |     |     |     |     |     |  ♙  |     |  ♕  |
  +-----+-----+-----+-----+-----+-----+-----+-----+
4 |     |     |     |  ♛  |  ♙  |     |     |     |
  +-----+-----+-----+-----+-----+-----+-----+-----+
3 |  ♙  |     |     |     |     |     |     |     |
  +-----+-----+-----+-----+-----+-----+-----+-----+
2 |     |     |     |     |     |     |     |  ♙  |
  +-----+-----+-----+-----+-----+-----+-----+-----+
1 |  ♖  |     |  ♗  |     |  ♔  |  ♗  |     |  ♖  |
  +-----+-----+-----+-----+-----+-----+-----+-----+
-> move of ♖ a1a2

     h     g     f     e     d     c     b     a     
  +-----+-----+-----+-----+-----+-----+-----+-----+
1 |  ♖  |     |  ♗  |  ♔  |     |  ♗  |     |     |
  +-----+-----+-----+-----+-----+-----+-----+-----+
2 |  ♙  |     |     |     |     |     |     |  ♖  |
  +-----+-----+-----+-----+-----+-----+-----+-----+
3 |     |     |     |     |     |     |     |  ♙  |
  +-----+-----+-----+-----+-----+-----+-----+-----+
4 |     |     |     |  ♙  |  ♛  |     |     |     |
  +-----+-----+-----+-----+-----+-----+-----+-----+
5 |  ♕  |     |  ♙  |     |     |     |     |     |
  +-----+-----+-----+-----+-----+-----+-----+-----+
6 |  ♟  |  ♙  |  ♟  |     |     |     |     |     |
  +-----+-----+-----+-----+-----+-----+-----+-----+
7 |     |  ♟  |     |  ♞  |  ♝  |  ♟  |  ♟  |  ♟  |
  +-----+-----+-----+-----+-----+-----+-----+-----+
8 |     |  ♚  |  ♜  |     |     |     |     |  ♜  |
  +-----+-----+-----+-----+-----+-----+-----+-----+
-> move of ♛ d4e4

     a     b     c     d     e     f     g     h     
  +-----+-----+-----+-----+-----+-----+-----+-----+
8 |  ♜  |     |     |     |     |  ♜  |  ♚  |     |
  +-----+-----+-----+-----+-----+-----+-----+-----+
7 |  ♟  |  ♟  |  ♟  |  ♝  |  ♞  |     |  ♟  |     |
  +-----+-----+-----+-----+-----+-----+-----+-----+
6 |     |     |     |     |     |  ♟  |  ♙  |  ♟  |
  +-----+-----+-----+-----+-----+-----+-----+-----+
5 |     |     |     |     |     |  ♙  |     |  ♕  |
  +-----+-----+-----+-----+-----+-----+-----+-----+
4 |     |     |     |     |  ♛  |     |     |     |
  +-----+-----+-----+-----+-----+-----+-----+-----+
3 |  ♙  |     |     |     |     |     |     |     |
  +-----+-----+-----+-----+-----+-----+-----+-----+
2 |  ♖  |     |     |     |     |     |     |  ♙  |
  +-----+-----+-----+-----+-----+-----+-----+-----+
1 |     |     |  ♗  |     |  ♔  |  ♗  |     |  ♖  |
  +-----+-----+-----+-----+-----+-----+-----+-----+
-> check
-> move of ♖ a2e2

     h     g     f     e     d     c     b     a     
  +-----+-----+-----+-----+-----+-----+-----+-----+
1 |  ♖  |     |  ♗  |  ♔  |     |  ♗  |     |     |
  +-----+-----+-----+-----+-----+-----+-----+-----+
2 |  ♙  |     |     |  ♖  |     |     |     |     |
  +-----+-----+-----+-----+-----+-----+-----+-----+
3 |     |     |     |     |     |     |     |  ♙  |
  +-----+-----+-----+-----+-----+-----+-----+-----+
4 |     |     |     |  ♛  |     |     |     |     |
  +-----+-----+-----+-----+-----+-----+-----+-----+
5 |  ♕  |     |  ♙  |     |     |     |     |     |
  +-----+-----+-----+-----+-----+-----+-----+-----+
6 |  ♟  |  ♙  |  ♟  |     |     |     |     |     |
  +-----+-----+-----+-----+-----+-----+-----+-----+
7 |     |  ♟  |     |  ♞  |  ♝  |  ♟  |  ♟  |  ♟  |
  +-----+-----+-----+-----+-----+-----+-----+-----+
8 |     |  ♚  |  ♜  |     |     |     |     |  ♜  |
  +-----+-----+-----+-----+-----+-----+-----+-----+
-> move of ♛ e4h1

     a     b     c     d     e     f     g     h     
  +-----+-----+-----+-----+-----+-----+-----+-----+
8 |  ♜  |     |     |     |     |  ♜  |  ♚  |     |
  +-----+-----+-----+-----+-----+-----+-----+-----+
7 |  ♟  |  ♟  |  ♟  |  ♝  |  ♞  |     |  ♟  |     |
  +-----+-----+-----+-----+-----+-----+-----+-----+
6 |     |     |     |     |     |  ♟  |  ♙  |  ♟  |
  +-----+-----+-----+-----+-----+-----+-----+-----+
5 |     |     |     |     |     |  ♙  |     |  ♕  |
  +-----+-----+-----+-----+-----+-----+-----+-----+
4 |     |     |     |     |     |     |     |     |
  +-----+-----+-----+-----+-----+-----+-----+-----+
3 |  ♙  |     |     |     |     |     |     |     |
  +-----+-----+-----+-----+-----+-----+-----+-----+
2 |     |     |     |     |  ♖  |     |     |  ♙  |
  +-----+-----+-----+-----+-----+-----+-----+-----+
1 |     |     |  ♗  |     |  ♔  |  ♗  |     |  ♛  |
  +-----+-----+-----+-----+-----+-----+-----+-----+
-> move of ♖ e2e7

     h     g     f     e     d     c     b     a     
  +-----+-----+-----+-----+-----+-----+-----+-----+
1 |  ♛  |     |  ♗  |  ♔  |     |  ♗  |     |     |
  +-----+-----+-----+-----+-----+-----+-----+-----+
2 |  ♙  |     |     |     |     |     |     |     |
  +-----+-----+-----+-----+-----+-----+-----+-----+
3 |     |     |     |     |     |     |     |  ♙  |
  +-----+-----+-----+-----+-----+-----+-----+-----+
4 |     |     |     |     |     |     |     |     |
  +-----+-----+-----+-----+-----+-----+-----+-----+
5 |  ♕  |     |  ♙  |     |     |     |     |     |
  +-----+-----+-----+-----+-----+-----+-----+-----+
6 |  ♟  |  ♙  |  ♟  |     |     |     |     |     |
  +-----+-----+-----+-----+-----+-----+-----+-----+
7 |     |  ♟  |     |  ♖  |  ♝  |  ♟  |  ♟  |  ♟  |
  +-----+-----+-----+-----+-----+-----+-----+-----+
8 |     |  ♚  |  ♜  |     |     |     |     |  ♜  |
  +-----+-----+-----+-----+-----+-----+-----+-----+
-> move of ♜ a8e8

     a     b     c     d     e     f     g     h     
  +-----+-----+-----+-----+-----+-----+-----+-----+
8 |     |     |     |     |  ♜  |  ♜  |  ♚  |     |
  +-----+-----+-----+-----+-----+-----+-----+-----+
7 |  ♟  |  ♟  |  ♟  |  ♝  |  ♖  |     |  ♟  |     |
  +-----+-----+-----+-----+-----+-----+-----+-----+
6 |     |     |     |     |     |  ♟  |  ♙  |  ♟  |
  +-----+-----+-----+-----+-----+-----+-----+-----+
5 |     |     |     |     |     |  ♙  |     |  ♕  |
  +-----+-----+-----+-----+-----+-----+-----+-----+
4 |     |     |     |     |     |     |     |     |
  +-----+-----+-----+-----+-----+-----+-----+-----+
3 |  ♙  |     |     |     |     |     |     |     |
  +-----+-----+-----+-----+-----+-----+-----+-----+
2 |     |     |     |     |     |     |     |  ♙  |
  +-----+-----+-----+-----+-----+-----+-----+-----+
1 |     |     |  ♗  |     |  ♔  |  ♗  |     |  ♛  |
  +-----+-----+-----+-----+-----+-----+-----+-----+
-> move of ♖ e7e8

     h     g     f     e     d     c     b     a     
  +-----+-----+-----+-----+-----+-----+-----+-----+
1 |  ♛  |     |  ♗  |  ♔  |     |  ♗  |     |     |
  +-----+-----+-----+-----+-----+-----+-----+-----+
2 |  ♙  |     |     |     |     |     |     |     |
  +-----+-----+-----+-----+-----+-----+-----+-----+
3 |     |     |     |     |     |     |     |  ♙  |
  +-----+-----+-----+-----+-----+-----+-----+-----+
4 |     |     |     |     |     |     |     |     |
  +-----+-----+-----+-----+-----+-----+-----+-----+
5 |  ♕  |     |  ♙  |     |     |     |     |     |
  +-----+-----+-----+-----+-----+-----+-----+-----+
6 |  ♟  |  ♙  |  ♟  |     |     |     |     |     |
  +-----+-----+-----+-----+-----+-----+-----+-----+
7 |     |  ♟  |     |     |  ♝  |  ♟  |  ♟  |  ♟  |
  +-----+-----+-----+-----+-----+-----+-----+-----+
8 |     |  ♚  |  ♜  |  ♖  |     |     |     |     |
  +-----+-----+-----+-----+-----+-----+-----+-----+
-> move of ♜ f8e8

     a     b     c     d     e     f     g     h     
  +-----+-----+-----+-----+-----+-----+-----+-----+
8 |     |     |     |     |  ♜  |     |  ♚  |     |
  +-----+-----+-----+-----+-----+-----+-----+-----+
7 |  ♟  |  ♟  |  ♟  |  ♝  |     |     |  ♟  |     |
  +-----+-----+-----+-----+-----+-----+-----+-----+
6 |     |     |     |     |     |  ♟  |  ♙  |  ♟  |
  +-----+-----+-----+-----+-----+-----+-----+-----+
5 |     |     |     |     |     |  ♙  |     |  ♕  |
  +-----+-----+-----+-----+-----+-----+-----+-----+
4 |     |     |     |     |     |     |     |     |
  +-----+-----+-----+-----+-----+-----+-----+-----+
3 |  ♙  |     |     |     |     |     |     |     |
  +-----+-----+-----+-----+-----+-----+-----+-----+
2 |     |     |     |     |     |     |     |  ♙  |
  +-----+-----+-----+-----+-----+-----+-----+-----+
1 |     |     |  ♗  |     |  ♔  |  ♗  |     |  ♛  |
  +-----+-----+-----+-----+-----+-----+-----+-----+
-> check
-> move of ♔ e1f2

     h     g     f     e     d     c     b     a     
  +-----+-----+-----+-----+-----+-----+-----+-----+
1 |  ♛  |     |  ♗  |     |     |  ♗  |     |     |
  +-----+-----+-----+-----+-----+-----+-----+-----+
2 |  ♙  |     |  ♔  |     |     |     |     |     |
  +-----+-----+-----+-----+-----+-----+-----+-----+
3 |     |     |     |     |     |     |     |  ♙  |
  +-----+-----+-----+-----+-----+-----+-----+-----+
4 |     |     |     |     |     |     |     |     |
  +-----+-----+-----+-----+-----+-----+-----+-----+
5 |  ♕  |     |  ♙  |     |     |     |     |     |
  +-----+-----+-----+-----+-----+-----+-----+-----+
6 |  ♟  |  ♙  |  ♟  |     |     |     |     |     |
  +-----+-----+-----+-----+-----+-----+-----+-----+
7 |     |  ♟  |     |     |  ♝  |  ♟  |  ♟  |  ♟  |
  +-----+-----+-----+-----+-----+-----+-----+-----+
8 |     |  ♚  |     |  ♜  |     |     |     |     |
  +-----+-----+-----+-----+-----+-----+-----+-----+
-> move of ♝ d7c6

     a     b     c     d     e     f     g     h     
  +-----+-----+-----+-----+-----+-----+-----+-----+
8 |     |     |     |     |  ♜  |     |  ♚  |     |
  +-----+-----+-----+-----+-----+-----+-----+-----+
7 |  ♟  |  ♟  |  ♟  |     |     |     |  ♟  |     |
  +-----+-----+-----+-----+-----+-----+-----+-----+
6 |     |     |  ♝  |     |     |  ♟  |  ♙  |  ♟  |
  +-----+-----+-----+-----+-----+-----+-----+-----+
5 |     |     |     |     |     |  ♙  |     |  ♕  |
  +-----+-----+-----+-----+-----+-----+-----+-----+
4 |     |     |     |     |     |     |     |     |
  +-----+-----+-----+-----+-----+-----+-----+-----+
3 |  ♙  |     |     |     |     |     |     |     |
  +-----+-----+-----+-----+-----+-----+-----+-----+
2 |     |     |     |     |     |  ♔  |     |  ♙  |
  +-----+-----+-----+-----+-----+-----+-----+-----+
1 |     |     |  ♗  |     |     |  ♗  |     |  ♛  |
  +-----+-----+-----+-----+-----+-----+-----+-----+
-> move of ♗ c1h6

     h     g     f     e     d     c     b     a     
  +-----+-----+-----+-----+-----+-----+-----+-----+
1 |  ♛  |     |  ♗  |     |     |     |     |     |
  +-----+-----+-----+-----+-----+-----+-----+-----+
2 |  ♙  |     |  ♔  |     |     |     |     |     |
  +-----+-----+-----+-----+-----+-----+-----+-----+
3 |     |     |     |     |     |     |     |  ♙  |
  +-----+-----+-----+-----+-----+-----+-----+-----+
4 |     |     |     |     |     |     |     |     |
  +-----+-----+-----+-----+-----+-----+-----+-----+
5 |  ♕  |     |  ♙  |     |     |     |     |     |
  +-----+-----+-----+-----+-----+-----+-----+-----+
6 |  ♗  |  ♙  |  ♟  |     |     |  ♝  |     |     |
  +-----+-----+-----+-----+-----+-----+-----+-----+
7 |     |  ♟  |     |     |     |  ♟  |  ♟  |  ♟  |
  +-----+-----+-----+-----+-----+-----+-----+-----+
8 |     |  ♚  |     |  ♜  |     |     |     |     |
  +-----+-----+-----+-----+-----+-----+-----+-----+
-> move of ♟ g7h6

     a     b     c     d     e     f     g     h     
  +-----+-----+-----+-----+-----+-----+-----+-----+
8 |     |     |     |     |  ♜  |     |  ♚  |     |
  +-----+-----+-----+-----+-----+-----+-----+-----+
7 |  ♟  |  ♟  |  ♟  |     |     |     |     |     |
  +-----+-----+-----+-----+-----+-----+-----+-----+
6 |     |     |  ♝  |     |     |  ♟  |  ♙  |  ♟  |
  +-----+-----+-----+-----+-----+-----+-----+-----+
5 |     |     |     |     |     |  ♙  |     |  ♕  |
  +-----+-----+-----+-----+-----+-----+-----+-----+
4 |     |     |     |     |     |     |     |     |
  +-----+-----+-----+-----+-----+-----+-----+-----+
3 |  ♙  |     |     |     |     |     |     |     |
  +-----+-----+-----+-----+-----+-----+-----+-----+
2 |     |     |     |     |     |  ♔  |     |  ♙  |
  +-----+-----+-----+-----+-----+-----+-----+-----+
1 |     |     |     |     |     |  ♗  |     |  ♛  |
  +-----+-----+-----+-----+-----+-----+-----+-----+
-> move of ♗ f1c4

     h     g     f     e     d     c     b     a     
  +-----+-----+-----+-----+-----+-----+-----+-----+
1 |  ♛  |     |     |     |     |     |     |     |
  +-----+-----+-----+-----+-----+-----+-----+-----+
2 |  ♙  |     |  ♔  |     |     |     |     |     |
  +-----+-----+-----+-----+-----+-----+-----+-----+
3 |     |     |     |     |     |     |     |  ♙  |
  +-----+-----+-----+-----+-----+-----+-----+-----+
4 |     |     |     |     |     |  ♗  |     |     |
  +-----+-----+-----+-----+-----+-----+-----+-----+
5 |  ♕  |     |  ♙  |     |     |     |     |     |
  +-----+-----+-----+-----+-----+-----+-----+-----+
6 |  ♟  |  ♙  |  ♟  |     |     |  ♝  |     |     |
  +-----+-----+-----+-----+-----+-----+-----+-----+
7 |     |     |     |     |     |  ♟  |  ♟  |  ♟  |
  +-----+-----+-----+-----+-----+-----+-----+-----+
8 |     |  ♚  |     |  ♜  |     |     |     |     |
  +-----+-----+-----+-----+-----+-----+-----+-----+
-> check
-> move of ♚ g8h8

     a     b     c     d     e     f     g     h     
  +-----+-----+-----+-----+-----+-----+-----+-----+
8 |     |     |     |     |  ♜  |     |     |  ♚  |
  +-----+-----+-----+-----+-----+-----+-----+-----+
7 |  ♟  |  ♟  |  ♟  |     |     |     |     |     |
  +-----+-----+-----+-----+-----+-----+-----+-----+
6 |     |     |  ♝  |     |     |  ♟  |  ♙  |  ♟  |
  +-----+-----+-----+-----+-----+-----+-----+-----+
5 |     |     |     |     |     |  ♙  |     |  ♕  |
  +-----+-----+-----+-----+-----+-----+-----+-----+
4 |     |     |  ♗  |     |     |     |     |     |
  +-----+-----+-----+-----+-----+-----+-----+-----+
3 |  ♙  |     |     |     |     |     |     |     |
  +-----+-----+-----+-----+-----+-----+-----+-----+
2 |     |     |     |     |     |  ♔  |     |  ♙  |
  +-----+-----+-----+-----+-----+-----+-----+-----+
1 |     |     |     |     |     |     |     |  ♛  |
  +-----+-----+-----+-----+-----+-----+-----+-----+
-> move of ♕ h5h6

     h     g     f     e     d     c     b     a     
  +-----+-----+-----+-----+-----+-----+-----+-----+
1 |  ♛  |     |     |     |     |     |     |     |
  +-----+-----+-----+-----+-----+-----+-----+-----+
2 |  ♙  |     |  ♔  |     |     |     |     |     |
  +-----+-----+-----+-----+-----+-----+-----+-----+
3 |     |     |     |     |     |     |     |  ♙  |
  +-----+-----+-----+-----+-----+-----+-----+-----+
4 |     |     |     |     |     |  ♗  |     |     |
  +-----+-----+-----+-----+-----+-----+-----+-----+
5 |     |     |  ♙  |     |     |     |     |     |
  +-----+-----+-----+-----+-----+-----+-----+-----+
6 |  ♕  |  ♙  |  ♟  |     |     |  ♝  |     |     |
  +-----+-----+-----+-----+-----+-----+-----+-----+
7 |     |     |     |     |     |  ♟  |  ♟  |  ♟  |
  +-----+-----+-----+-----+-----+-----+-----+-----+
8 |  ♚  |     |     |  ♜  |     |     |     |     |
  +-----+-----+-----+-----+-----+-----+-----+-----+
-> check
-> checkmate
,,,,,,,bQ,,,,,,wK,,wP,wP,,,,,,,,,,wB,,,,,,,,,,,wP,,,,,bB,,,bP,wP,wQ,bP,bP,bP,,,,,,,,,,bR,,,bK, 1-0
  -> [0;32mreference position: OK[0m
  -> [0;32mreference result: OK[0m
  -> [0m(exit code=0)
[0;33m> data/4-leg-mat-berger.txt[0m

     a     b     c     d     e     f     g     h     
  +-----+-----+-----+-----+-----+-----+-----+-----+
8 |  ♜  |  ♞  |  ♝  |  ♛  |  ♚  |  ♝  |  ♞  |  ♜  |
  +-----+-----+-----+-----+-----+-----+-----+-----+
7 |  ♟  |  ♟  |  ♟  |  ♟  |  ♟  |  ♟  |  ♟  |  ♟  |
  +-----+-----+-----+-----+-----+-----+-----+-----+
6 |     |     |     |     |     |     |     |     |
  +-----+-----+-----+-----+-----+-----+-----+-----+
5 |     |     |     |     |     |     |     |     |
  +-----+-----+-----+-----+-----+-----+-----+-----+
4 |     |     |     |     |     |     |     |     |
  +-----+-----+-----+-----+-----+-----+-----+-----+
3 |     |     |     |     |     |     |     |     |
  +-----+-----+-----+-----+-----+-----+-----+-----+
2 |  ♙  |  ♙  |  ♙  |  ♙  |  ♙  |  ♙  |  ♙  |  ♙  |
  +-----+-----+-----+-----+-----+-----+-----+-----+
1 |  ♖  |  ♘  |  ♗  |  ♕  |  ♔  |  ♗  |  ♘  |  ♖  |
  +-----+-----+-----+-----+-----+-----+-----+-----+
-> move of ♙ e2e4

     h     g     f     e     d     c     b     a     
  +-----+-----+-----+-----+-----+-----+-----+-----+
1 |  ♖  |  ♘  |  ♗  |  ♔  |  ♕  |  ♗  |  ♘  |  ♖  |
  +-----+-----+-----+-----+-----+-----+-----+-----+
2 |  ♙  |  ♙  |  ♙  |     |  ♙  |  ♙  |  ♙  |  ♙  |
  +-----+-----+-----+-----+-----+-----+-----+-----+
3 |     |     |     |     |     |     |     |     |
  +-----+-----+-----+-----+-----+-----+-----+-----+
4 |     |     |     |  ♙  |     |     |     |     |
  +-----+-----+-----+-----+-----+-----+-----+-----+
5 |     |     |     |     |     |     |     |     |
  +-----+-----+-----+-----+-----+-----+-----+-----+
6 |     |     |     |     |     |     |     |     |
  +-----+-----+-----+-----+-----+-----+-----+-----+
7 |  ♟  |  ♟  |  ♟  |  ♟  |  ♟  |  ♟  |  ♟  |  ♟  |
  +-----+-----+-----+-----+-----+-----+-----+-----+
8 |  ♜  |  ♞  |  ♝  |  ♚  |  ♛  |  ♝  |  ♞  |  ♜  |
  +-----+-----+-----+-----+-----+-----+-----+-----+
-> move of ♟ e7e5

     a     b     c     d     e     f     g     h     
  +-----+-----+-----+-----+-----+-----+-----+-----+
8 |  ♜  |  ♞  |  ♝  |  ♛  |  ♚  |  ♝  |  ♞  |  ♜  |
  +-----+-----+-----+-----+-----+-----+-----+-----+
7 |  ♟  |  ♟  |  ♟  |  ♟  |     |  ♟  |  ♟  |  ♟  |
  +-----+-----+-----+-----+-----+-----+-----+-----+
6 |     |     |     |     |     |     |     |     |
  +-----+-----+-----+-----+-----+-----+-----+-----+
5 |     |     |     |     |  ♟  |     |     |     |
  +-----+-----+-----+-----+-----+-----+-----+-----+
4 |     |     |     |     |  ♙  |     |     |     |
  +-----+-----+-----+-----+-----+-----+-----+-----+
3 |     |     |     |     |     |     |     |     |
  +-----+-----+-----+-----+-----+-----+-----+-----+
2 |  ♙  |  ♙  |  ♙  |  ♙  |     |  ♙  |  ♙  |  ♙  |
  +-----+-----+-----+-----+-----+-----+-----+-----+
1 |  ♖  |  ♘  |  ♗  |  ♕  |  ♔  |  ♗  |  ♘  |  ♖  |
  +-----+-----+-----+-----+-----+-----+-----+-----+
-> move of ♗ f1c4

     h     g     f     e     d     c     b     a     
  +-----+-----+-----+-----+-----+-----+-----+-----+
1 |  ♖  |  ♘  |     |  ♔  |  ♕  |  ♗  |  ♘  |  ♖  |
  +-----+-----+-----+-----+-----+-----+-----+-----+
2 |  ♙  |  ♙  |  ♙  |     |  ♙  |  ♙  |  ♙  |  ♙  |
  +-----+-----+-----+-----+-----+-----+-----+-----+
3 |     |     |     |     |     |     |     |     |
  +-----+-----+-----+-----+-----+-----+-----+-----+
4 |     |     |     |  ♙  |     |  ♗  |     |     |
  +-----+-----+-----+-----+-----+-----+-----+-----+
5 |     |     |     |  ♟  |     |     |     |     |
  +-----+-----+-----+-----+-----+-----+-----+-----+
6 |     |     |     |     |     |     |     |     |
  +-----+-----+-----+-----+-----+-----+-----+-----+
7 |  ♟  |  ♟  |  ♟  |     |  ♟  |  ♟  |  ♟  |  ♟  |
  +-----+-----+-----+-----+-----+-----+-----+-----+
8 |  ♜  |  ♞  |  ♝  |  ♚  |  ♛  |  ♝  |  ♞  |  ♜  |
  +-----+-----+-----+-----+-----+-----+-----+-----+
-> move of ♝ f8c5

     a     b     c     d     e     f     g     h     
  +-----+-----+-----+-----+-----+-----+-----+-----+
8 |  ♜  |  ♞  |  ♝  |  ♛  |  ♚  |     |  ♞  |  ♜  |
  +-----+-----+-----+-----+-----+-----+-----+-----+
7 |  ♟  |  ♟  |  ♟  |  ♟  |     |  ♟  |  ♟  |  ♟  |
  +-----+-----+-----+-----+-----+-----+-----+-----+
6 |     |     |     |     |     |     |     |     |
  +-----+-----+-----+-----+-----+-----+-----+-----+
5 |     |     |  ♝  |     |  ♟  |     |     |     |
  +-----+-----+-----+-----+-----+-----+-----+-----+
4 |     |     |  ♗  |     |  ♙  |     |     |     |
  +-----+-----+-----+-----+-----+-----+-----+-----+
3 |     |     |     |     |     |     |     |     |
  +-----+-----+-----+-----+-----+-----+-----+-----+
2 |  ♙  |  ♙  |  ♙  |  ♙  |     |  ♙  |  ♙  |  ♙  |
  +-----+-----+-----+-----+-----+-----+-----+-----+
1 |  ♖  |  ♘  |  ♗  |  ♕  |  ♔  |     |  ♘  |  ♖  |
  +-----+-----+-----+-----+-----+-----+-----+-----+
-> move of ♕ d1h5

     h     g     f     e     d     c     b     a     
  +-----+-----+-----+-----+-----+-----+-----+-----+
1 |  ♖  |  ♘  |     |  ♔  |     |  ♗  |  ♘  |  ♖  |
  +-----+-----+-----+-----+-----+-----+-----+-----+
2 |  ♙  |  ♙  |  ♙  |     |  ♙  |  ♙  |  ♙  |  ♙  |
  +-----+-----+-----+-----+-----+-----+-----+-----+
3 |     |     |     |     |     |     |     |     |
  +-----+-----+-----+-----+-----+-----+-----+-----+
4 |     |     |     |  ♙  |     |  ♗  |     |     |
  +-----+-----+-----+-----+-----+-----+-----+-----+
5 |  ♕  |     |     |  ♟  |     |  ♝  |     |     |
  +-----+-----+-----+-----+-----+-----+-----+-----+
6 |     |     |     |     |     |     |     |     |
  +-----+-----+-----+-----+-----+-----+-----+-----+
7 |  ♟  |  ♟  |  ♟  |     |  ♟  |  ♟  |  ♟  |  ♟  |
  +-----+-----+-----+-----+-----+-----+-----+-----+
8 |  ♜  |  ♞  |     |  ♚  |  ♛  |  ♝  |  ♞  |  ♜  |
  +-----+-----+-----+-----+-----+-----+-----+-----+
-> move of ♞ b8c6

     a     b     c     d     e     f     g     h     
  +-----+-----+-----+-----+-----+-----+-----+-----+
8 |  ♜  |     |  ♝  |  ♛  |  ♚  |     |  ♞  |  ♜  |
  +-----+-----+-----+-----+-----+-----+-----+-----+
7 |  ♟  |  ♟  |  ♟  |  ♟  |     |  ♟  |  ♟  |  ♟  |
  +-----+-----+-----+-----+-----+-----+-----+-----+
6 |     |     |  ♞  |     |     |     |     |     |
  +-----+-----+-----+-----+-----+-----+-----+-----+
5 |     |     |  ♝  |     |  ♟  |     |     |  ♕  |
  +-----+-----+-----+-----+-----+-----+-----+-----+
4 |     |     |  ♗  |     |  ♙  |     |     |     |
  +-----+-----+-----+-----+-----+-----+-----+-----+
3 |     |     |     |     |     |     |     |     |
  +-----+-----+-----+-----+-----+-----+-----+-----+
2 |  ♙  |  ♙  |  ♙  |  ♙  |     |  ♙  |  ♙  |  ♙  |
  +-----+-----+-----+-----+-----+-----+-----+-----+
1 |  ♖  |  ♘  |  ♗  |     |  ♔  |     |  ♘  |  ♖  |
  +-----+-----+-----+-----+-----+-----+-----+-----+
-> move of ♕ h5f7

     h     g     f     e     d     c     b     a     
  +-----+-----+-----+-----+-----+-----+-----+-----+
1 |  ♖  |  ♘  |     |  ♔  |     |  ♗  |  ♘  |  ♖  |
  +-----+-----+-----+-----+-----+-----+-----+-----+
2 |  ♙  |  ♙  |  ♙  |     |  ♙  |  ♙  |  ♙  |  ♙  |
  +-----+-----+-----+-----+-----+-----+-----+-----+
3 |     |     |     |     |     |     |     |     |
  +-----+-----+-----+-----+-----+-----+-----+-----+
4 |     |     |     |  ♙  |     |  ♗  |     |     |
  +-----+-----+-----+-----+-----+-----+-----+-----+
5 |     |     |     |  ♟  |     |  ♝  |     |     |
  +-----+-----+-----+-----+-----+-----+-----+-----+
6 |     |     |     |     |     |  ♞  |     |     |
  +-----+-----+-----+-----+-----+-----+-----+-----+
7 |  ♟  |  ♟  |  ♕  |     |  ♟  |  ♟  |  ♟  |  ♟  |
  +-----+-----+-----+-----+-----+-----+-----+-----+
8 |  ♜  |  ♞  |     |  ♚  |  ♛  |  ♝  |     |  ♜  |
  +-----+-----+-----+-----+-----+-----+-----+-----+
-> check
-> checkmate
wR,wN,wB,,wK,,wN,wR,wP,wP,wP,wP,,wP,wP,wP,,,,,,,,,,,wB,,wP,,,,,,bB,,bP,,,,,,bN,,,,,,bP,bP,bP,bP,,wQ,bP,bP,bR,,bB,bQ,bK,,bN,bR, 1-0
  -> [0;32mreference position: OK[0m
  -> [0;32mreference result: OK[0m
  -> [0m(exit code=0)
[0;33m> data/4-leg-mat-decouv.txt[0m

     a     b     c     d     e     f     g     h     
  +-----+-----+-----+-----+-----+-----+-----+-----+
8 |  ♜  |  ♞  |  ♝  |  ♛  |  ♚  |  ♝  |  ♞  |  ♜  |
  +-----+-----+-----+-----+-----+-----+-----+-----+
7 |  ♟  |  ♟  |  ♟  |  ♟  |  ♟  |  ♟  |  ♟  |  ♟  |
  +-----+-----+-----+-----+-----+-----+-----+-----+
6 |     |     |     |     |     |     |     |     |
  +-----+-----+-----+-----+-----+-----+-----+-----+
5 |     |     |     |     |     |     |     |     |
  +-----+-----+-----+-----+-----+-----+-----+-----+
4 |     |     |     |     |     |     |     |     |
  +-----+-----+-----+-----+-----+-----+-----+-----+
3 |     |     |     |     |     |     |     |     |
  +-----+-----+-----+-----+-----+-----+-----+-----+
2 |  ♙  |  ♙  |  ♙  |  ♙  |  ♙  |  ♙  |  ♙  |  ♙  |
  +-----+-----+-----+-----+-----+-----+-----+-----+
1 |  ♖  |  ♘  |  ♗  |  ♕  |  ♔  |  ♗  |  ♘  |  ♖  |
  +-----+-----+-----+-----+-----+-----+-----+-----+
-> move of ♙ e2e4

     h     g     f     e     d     c     b     a     
  +-----+-----+-----+-----+-----+-----+-----+-----+
1 |  ♖  |  ♘  |  ♗  |  ♔  |  ♕  |  ♗  |  ♘  |  ♖  |
  +-----+-----+-----+-----+-----+-----+-----+-----+
2 |  ♙  |  ♙  |  ♙  |     |  ♙  |  ♙  |  ♙  |  ♙  |
  +-----+-----+-----+-----+-----+-----+-----+-----+
3 |     |     |     |     |     |     |     |     |
  +-----+-----+-----+-----+-----+-----+-----+-----+
4 |     |     |     |  ♙  |     |     |     |     |
  +-----+-----+-----+-----+-----+-----+-----+-----+
5 |     |     |     |     |     |     |     |     |
  +-----+-----+-----+-----+-----+-----+-----+-----+
6 |     |     |     |     |     |     |     |     |
  +-----+-----+-----+-----+-----+-----+-----+-----+
7 |  ♟  |  ♟  |  ♟  |  ♟  |  ♟  |  ♟  |  ♟  |  ♟  |
  +-----+-----+-----+-----+-----+-----+-----+-----+
8 |  ♜  |  ♞  |  ♝  |  ♚  |  ♛  |  ♝  |  ♞  |  ♜  |
  +-----+-----+-----+-----+-----+-----+-----+-----+
-> move of ♟ e7e5

     a     b     c     d     e     f     g     h     
  +-----+-----+-----+-----+-----+-----+-----+-----+
8 |  ♜  |  ♞  |  ♝  |  ♛  |  ♚  |  ♝  |  ♞  |  ♜  |
  +-----+-----+-----+-----+-----+-----+-----+-----+
7 |  ♟  |  ♟  |  ♟  |  ♟  |     |  ♟  |  ♟  |  ♟  |
  +-----+-----+-----+-----+-----+-----+-----+-----+
6 |     |     |     |     |     |     |     |     |
  +-----+-----+-----+-----+-----+-----+-----+-----+
5 |     |     |     |     |  ♟  |     |     |     |
  +-----+-----+-----+-----+-----+-----+-----+-----+
4 |     |     |     |     |  ♙  |     |     |     |
  +-----+-----+-----+-----+-----+-----+-----+-----+
3 |     |     |     |     |     |     |     |     |
  +-----+-----+-----+-----+-----+-----+-----+-----+
2 |  ♙  |  ♙  |  ♙  |  ♙  |     |  ♙  |  ♙  |  ♙  |
  +-----+-----+-----+-----+-----+-----+-----+-----+
1 |  ♖  |  ♘  |  ♗  |  ♕  |  ♔  |  ♗  |  ♘  |  ♖  |
  +-----+-----+-----+-----+-----+-----+-----+-----+
-> move of ♕ d1h5

     h     g     f     e     d     c     b     a     
  +-----+-----+-----+-----+-----+-----+-----+-----+
1 |  ♖  |  ♘  |  ♗  |  ♔  |     |  ♗  |  ♘  |  ♖  |
  +-----+-----+-----+-----+-----+-----+-----+-----+
2 |  ♙  |  ♙  |  ♙  |     |  ♙  |  ♙  |  ♙  |  ♙  |
  +-----+-----+-----+-----+-----+-----+-----+-----+
3 |     |     |     |     |     |     |     |     |
  +-----+-----+-----+-----+-----+-----+-----+-----+
4 |     |     |     |  ♙  |     |     |     |     |
  +-----+-----+-----+-----+-----+-----+-----+-----+
5 |  ♕  |     |     |  ♟  |     |     |     |     |
  +-----+-----+-----+-----+-----+-----+-----+-----+
6 |     |     |     |     |     |     |     |     |
  +-----+-----+-----+-----+-----+-----+-----+-----+
7 |  ♟  |  ♟  |  ♟  |     |  ♟  |  ♟  |  ♟  |  ♟  |
  +-----+-----+-----+-----+-----+-----+-----+-----+
8 |  ♜  |  ♞  |  ♝  |  ♚  |  ♛  |  ♝  |  ♞  |  ♜  |
  +-----+-----+-----+-----+-----+-----+-----+-----+
-> move of ♟ g7g6

     a     b     c     d     e     f     g     h     
  +-----+-----+-----+-----+-----+-----+-----+-----+
8 |  ♜  |  ♞  |  ♝  |  ♛  |  ♚  |  ♝  |  ♞  |  ♜  |
  +-----+-----+-----+-----+-----+-----+-----+-----+
7 |  ♟  |  ♟  |  ♟  |  ♟  |     |  ♟  |     |  ♟  |
  +-----+-----+-----+-----+-----+-----+-----+-----+
6 |     |     |     |     |     |     |  ♟  |     |
  +-----+-----+-----+-----+-----+-----+-----+-----+
5 |     |     |     |     |  ♟  |     |     |  ♕  |
  +-----+-----+-----+-----+-----+-----+-----+-----+
4 |     |     |     |     |  ♙  |     |     |     |
  +-----+-----+-----+-----+-----+-----+-----+-----+
3 |     |     |     |     |     |     |     |     |
  +-----+-----+-----+-----+-----+-----+-----+-----+
2 |  ♙  |  ♙  |  ♙  |  ♙  |     |  ♙  |  ♙  |  ♙  |
  +-----+-----+-----+-----+-----+-----+-----+-----+
1 |  ♖  |  ♘  |  ♗  |     |  ♔  |  ♗  |  ♘  |  ♖  |
  +-----+-----+-----+-----+-----+-----+-----+-----+
-> move of ♕ h5f3

     h     g     f     e     d     c     b     a     
  +-----+-----+-----+-----+-----+-----+-----+-----+
1 |  ♖  |  ♘  |  ♗  |  ♔  |     |  ♗  |  ♘  |  ♖  |
  +-----+-----+-----+-----+-----+-----+-----+-----+
2 |  ♙  |  ♙  |  ♙  |     |  ♙  |  ♙  |  ♙  |  ♙  |
  +-----+-----+-----+-----+-----+-----+-----+-----+
3 |     |     |  ♕  |     |     |     |     |     |
  +-----+-----+-----+-----+-----+-----+-----+-----+
4 |     |     |     |  ♙  |     |     |     |     |
  +-----+-----+-----+-----+-----+-----+-----+-----+
5 |     |     |     |  ♟  |     |     |     |     |
  +-----+-----+-----+-----+-----+-----+-----+-----+
6 |     |  ♟  |     |     |     |     |     |     |
  +-----+-----+-----+-----+-----+-----+-----+-----+
7 |  ♟  |     |  ♟  |     |  ♟  |  ♟  |  ♟  |  ♟  |
  +-----+-----+-----+-----+-----+-----+-----+-----+
8 |  ♜  |  ♞  |  ♝  |  ♚  |  ♛  |  ♝  |  ♞  |  ♜  |
  +-----+-----+-----+-----+-----+-----+-----+-----+
-> move of ♝ f8g7

     a     b     c     d     e     f     g     h     
  +-----+-----+-----+-----+-----+-----+-----+-----+
8 |  ♜  |  ♞  |  ♝  |  ♛  |  ♚  |     |  ♞  |  ♜  |
  +-----+-----+-----+-----+-----+-----+-----+-----+
7 |  ♟  |  ♟  |  ♟  |  ♟  |     |  ♟  |  ♝  |  ♟  |
  +-----+-----+-----+-----+-----+-----+-----+-----+
6 |     |     |     |     |     |     |  ♟  |     |
  +-----+-----+-----+-----+-----+-----+-----+-----+
5 |     |     |     |     |  ♟  |     |     |     |
  +-----+-----+-----+-----+-----+-----+-----+-----+
4 |     |     |     |     |  ♙  |     |     |     |
  +-----+-----+-----+-----+-----+-----+-----+-----+
3 |     |     |     |     |     |  ♕  |     |     |
  +-----+-----+-----+-----+-----+-----+-----+-----+
2 |  ♙  |  ♙  |  ♙  |  ♙  |     |  ♙  |  ♙  |  ♙  |
  +-----+-----+-----+-----+-----+-----+-----+-----+
1 |  ♖  |  ♘  |  ♗  |     |  ♔  |  ♗  |  ♘  |  ♖  |
  +-----+-----+-----+-----+-----+-----+-----+-----+
-> move of ♗ f1c4

     h     g     f     e     d     c     b     a     
  +-----+-----+-----+-----+-----+-----+-----+-----+
1 |  ♖  |  ♘  |     |  ♔  |     |  ♗  |  ♘  |  ♖  |
  +-----+-----+-----+-----+-----+-----+-----+-----+
2 |  ♙  |  ♙  |  ♙  |     |  ♙  |  ♙  |  ♙  |  ♙  |
  +-----+-----+-----+-----+-----+-----+-----+-----+
3 |     |     |  ♕  |     |     |     |     |     |
  +-----+-----+-----+-----+-----+-----+-----+-----+
4 |     |     |     |  ♙  |     |  ♗  |     |     |
  +-----+-----+-----+-----+-----+-----+-----+-----+
5 |     |     |     |  ♟  |     |     |     |     |
  +-----+-----+-----+-----+-----+-----+-----+-----+
6 |     |  ♟  |     |     |     |     |     |     |
  +-----+-----+-----+-----+-----+-----+-----+-----+
7 |  ♟  |  ♝  |  ♟  |     |  ♟  |  ♟  |  ♟  |  ♟  |
  +-----+-----+-----+-----+-----+-----+-----+-----+
8 |  ♜  |  ♞  |     |  ♚  |  ♛  |  ♝  |  ♞  |  ♜  |
  +-----+-----+-----+-----+-----+-----+-----+-----+
-> move of ♞ g8e7

     a     b     c     d     e     f     g     h     
  +-----+-----+-----+-----+-----+-----+-----+-----+
8 |  ♜  |  ♞  |  ♝  |  ♛  |  ♚  |     |     |  ♜  |
  +-----+-----+-----+-----+-----+-----+-----+-----+
7 |  ♟  |  ♟  |  ♟  |  ♟  |  ♞  |  ♟  |  ♝  |  ♟  |
  +-----+-----+-----+-----+-----+-----+-----+-----+
6 |     |     |     |     |     |     |  ♟  |     |
  +-----+-----+-----+-----+-----+-----+-----+-----+
5 |     |     |     |     |  ♟  |     |     |     |
  +-----+-----+-----+-----+-----+-----+-----+-----+
4 |     |     |  ♗  |     |  ♙  |     |     |     |
  +-----+-----+-----+-----+-----+-----+-----+-----+
3 |     |     |     |     |     |  ♕  |     |     |
  +-----+-----+-----+-----+-----+-----+-----+-----+
2 |  ♙  |  ♙  |  ♙  |  ♙  |     |  ♙  |  ♙  |  ♙  |
  +-----+-----+-----+-----+-----+-----+-----+-----+
1 |  ♖  |  ♘  |  ♗  |     |  ♔  |     |  ♘  |  ♖  |
  +-----+-----+-----+-----+-----+-----+-----+-----+
-> move of ♗ c4f7

     h     g     f     e     d     c     b     a     
  +-----+-----+-----+-----+-----+-----+-----+-----+
1 |  ♖  |  ♘  |     |  ♔  |     |  ♗  |  ♘  |  ♖  |
  +-----+-----+-----+-----+-----+-----+-----+-----+
2 |  ♙  |  ♙  |  ♙  |     |  ♙  |  ♙  |  ♙  |  ♙  |
  +-----+-----+-----+-----+-----+-----+-----+-----+
3 |     |     |  ♕  |     |     |     |     |     |
  +-----+-----+-----+-----+-----+-----+-----+-----+
4 |     |     |     |  ♙  |     |     |     |     |
  +-----+-----+-----+-----+-----+-----+-----+-----+
5 |     |     |     |  ♟  |     |     |     |     |
  +-----+-----+-----+-----+-----+-----+-----+-----+
6 |     |  ♟  |     |     |     |     |     |     |
  +-----+-----+-----+-----+-----+-----+-----+-----+
7 |  ♟  |  ♝  |  ♗  |  ♞  |  ♟  |  ♟  |  ♟  |  ♟  |
  +-----+-----+-----+-----+-----+-----+-----+-----+
8 |  ♜  |     |     |  ♚  |  ♛  |  ♝  |  ♞  |  ♜  |
  +-----+-----+-----+-----+-----+-----+-----+-----+
-> check
-> move of ♚ e8f8

     a     b     c     d     e     f     g     h     
  +-----+-----+-----+-----+-----+-----+-----+-----+
8 |  ♜  |  ♞  |  ♝  |  ♛  |     |  ♚  |     |  ♜  |
  +-----+-----+-----+-----+-----+-----+-----+-----+
7 |  ♟  |  ♟  |  ♟  |  ♟  |  ♞  |  ♗  |  ♝  |  ♟  |
  +-----+-----+-----+-----+-----+-----+-----+-----+
6 |     |     |     |     |     |     |  ♟  |     |
  +-----+-----+-----+-----+-----+-----+-----+-----+
5 |     |     |     |     |  ♟  |     |     |     |
  +-----+-----+-----+-----+-----+-----+-----+-----+
4 |     |     |     |     |  ♙  |     |     |     |
  +-----+-----+-----+-----+-----+-----+-----+-----+
3 |     |     |     |     |     |  ♕  |     |     |
  +-----+-----+-----+-----+-----+-----+-----+-----+
2 |  ♙  |  ♙  |  ♙  |  ♙  |     |  ♙  |  ♙  |  ♙  |
  +-----+-----+-----+-----+-----+-----+-----+-----+
1 |  ♖  |  ♘  |  ♗  |     |  ♔  |     |  ♘  |  ♖  |
  +-----+-----+-----+-----+-----+-----+-----+-----+
-> move of ♗ f7g6

     h     g     f     e     d     c     b     a     
  +-----+-----+-----+-----+-----+-----+-----+-----+
1 |  ♖  |  ♘  |     |  ♔  |     |  ♗  |  ♘  |  ♖  |
  +-----+-----+-----+-----+-----+-----+-----+-----+
2 |  ♙  |  ♙  |  ♙  |     |  ♙  |  ♙  |  ♙  |  ♙  |
  +-----+-----+-----+-----+-----+-----+-----+-----+
3 |     |     |  ♕  |     |     |     |     |     |
  +-----+-----+-----+-----+-----+-----+-----+-----+
4 |     |     |     |  ♙  |     |     |     |     |
  +-----+-----+-----+-----+-----+-----+-----+-----+
5 |     |     |     |  ♟  |     |     |     |     |
  +-----+-----+-----+-----+-----+-----+-----+-----+
6 |     |  ♗  |     |     |     |     |     |     |
  +-----+-----+-----+-----+-----+-----+-----+-----+
7 |  ♟  |  ♝  |     |  ♞  |  ♟  |  ♟  |  ♟  |  ♟  |
  +-----+-----+-----+-----+-----+-----+-----+-----+
8 |  ♜  |     |  ♚  |     |  ♛  |  ♝  |  ♞  |  ♜  |
  +-----+-----+-----+-----+-----+-----+-----+-----+
-> check
Error: move leaves your king in check.
-> move of ♞ e7f5

     a     b     c     d     e     f     g     h     
  +-----+-----+-----+-----+-----+-----+-----+-----+
8 |  ♜  |  ♞  |  ♝  |  ♛  |     |  ♚  |     |  ♜  |
  +-----+-----+-----+-----+-----+-----+-----+-----+
7 |  ♟  |  ♟  |  ♟  |  ♟  |     |     |  ♝  |  ♟  |
  +-----+-----+-----+-----+-----+-----+-----+-----+
6 |     |     |     |     |     |     |  ♗  |     |
  +-----+-----+-----+-----+-----+-----+-----+-----+
5 |     |     |     |     |  ♟  |  ♞  |     |     |
  +-----+-----+-----+-----+-----+-----+-----+-----+
4 |     |     |     |     |  ♙  |     |     |     |
  +-----+-----+-----+-----+-----+-----+-----+-----+
3 |     |     |     |     |     |  ♕  |     |     |
  +-----+-----+-----+-----+-----+-----+-----+-----+
2 |  ♙  |  ♙  |  ♙  |  ♙  |     |  ♙  |  ♙  |  ♙  |
  +-----+-----+-----+-----+-----+-----+-----+-----+
1 |  ♖  |  ♘  |  ♗  |     |  ♔  |     |  ♘  |  ♖  |
  +-----+-----+-----+-----+-----+-----+-----+-----+
-> move of ♕ f3f5

     h     g     f     e     d     c     b     a     
  +-----+-----+-----+-----+-----+-----+-----+-----+
1 |  ♖  |  ♘  |     |  ♔  |     |  ♗  |  ♘  |  ♖  |
  +-----+-----+-----+-----+-----+-----+-----+-----+
2 |  ♙  |  ♙  |  ♙  |     |  ♙  |  ♙  |  ♙  |  ♙  |
  +-----+-----+-----+-----+-----+-----+-----+-----+
3 |     |     |     |     |     |     |     |     |
  +-----+-----+-----+-----+-----+-----+-----+-----+
4 |     |     |     |  ♙  |     |     |     |     |
  +-----+-----+-----+-----+-----+-----+-----+-----+
5 |     |     |  ♕  |  ♟  |     |     |     |     |
  +-----+-----+-----+-----+-----+-----+-----+-----+
6 |     |  ♗  |     |     |     |     |     |     |
  +-----+-----+-----+-----+-----+-----+-----+-----+
7 |  ♟  |  ♝  |     |     |  ♟  |  ♟  |  ♟  |  ♟  |
  +-----+-----+-----+-----+-----+-----+-----+-----+
8 |  ♜  |     |  ♚  |     |  ♛  |  ♝  |  ♞  |  ♜  |
  +-----+-----+-----+-----+-----+-----+-----+-----+
-> check
-> move of ♚ f8g8

     a     b     c     d     e     f     g     h     
  +-----+-----+-----+-----+-----+-----+-----+-----+
8 |  ♜  |  ♞  |  ♝  |  ♛  |     |     |  ♚  |  ♜  |
  +-----+-----+-----+-----+-----+-----+-----+-----+
7 |  ♟  |  ♟  |  ♟  |  ♟  |     |     |  ♝  |  ♟  |
  +-----+-----+-----+-----+-----+-----+-----+-----+
6 |     |     |     |     |     |     |  ♗  |     |
  +-----+-----+-----+-----+-----+-----+-----+-----+
5 |     |     |     |     |  ♟  |  ♕  |     |     |
  +-----+-----+-----+-----+-----+-----+-----+-----+
4 |     |     |     |     |  ♙  |     |     |     |
  +-----+-----+-----+-----+-----+-----+-----+-----+
3 |     |     |     |     |     |     |     |     |
  +-----+-----+-----+-----+-----+-----+-----+-----+
2 |  ♙  |  ♙  |  ♙  |  ♙  |     |  ♙  |  ♙  |  ♙  |
  +-----+-----+-----+-----+-----+-----+-----+-----+
1 |  ♖  |  ♘  |  ♗  |     |  ♔  |     |  ♘  |  ♖  |
  +-----+-----+-----+-----+-----+-----+-----+-----+
-> move of ♕ f5f7

     h     g     f     e     d     c     b     a     
  +-----+-----+-----+-----+-----+-----+-----+-----+
1 |  ♖  |  ♘  |     |  ♔  |     |  ♗  |  ♘  |  ♖  |
  +-----+-----+-----+-----+-----+-----+-----+-----+
2 |  ♙  |  ♙  |  ♙  |     |  ♙  |  ♙  |  ♙  |  ♙  |
  +-----+-----+-----+-----+-----+-----+-----+-----+
3 |     |     |     |     |     |     |     |     |
  +-----+-----+-----+-----+-----+-----+-----+-----+
4 |     |     |     |  ♙  |     |     |     |     |
  +-----+-----+-----+-----+-----+-----+-----+-----+
5 |     |     |     |  ♟  |     |     |     |     |
  +-----+-----+-----+-----+-----+-----+-----+-----+
6 |     |  ♗  |     |     |     |     |     |     |
  +-----+-----+-----+-----+-----+-----+-----+-----+
7 |  ♟  |  ♝  |  ♕  |     |  ♟  |  ♟  |  ♟  |  ♟  |
  +-----+-----+-----+-----+-----+-----+-----+-----+
8 |  ♜  |  ♚  |     |     |  ♛  |  ♝  |  ♞  |  ♜  |
  +-----+-----+-----+-----+-----+-----+-----+-----+
-> check
-> checkmate
wR,wN,wB,,wK,,wN,wR,wP,wP,wP,wP,,wP,wP,wP,,,,,,,,,,,,,wP,,,,,,,,bP,,,,,,,,,,wB,,bP,bP,bP,bP,,wQ,bB,bP,bR,bN,bB,bQ,,,bK,bR, 1-0
  -> [0;32mreference position: OK[0m
  -> [0;32mreference result: OK[0m
  -> [0m(exit code=0)
[0;33m> data/4-leg-mat-parade.txt[0m

     a     b     c     d     e     f     g     h     
  +-----+-----+-----+-----+-----+-----+-----+-----+
8 |  ♜  |  ♞  |  ♝  |  ♛  |  ♚  |  ♝  |  ♞  |  ♜  |
  +-----+-----+-----+-----+-----+-----+-----+-----+
7 |  ♟  |  ♟  |  ♟  |  ♟  |  ♟  |  ♟  |  ♟  |  ♟  |
  +-----+-----+-----+-----+-----+-----+-----+-----+
6 |     |     |     |     |     |     |     |     |
  +-----+-----+-----+-----+-----+-----+-----+-----+
5 |     |     |     |     |     |     |     |     |
  +-----+-----+-----+-----+-----+-----+-----+-----+
4 |     |     |     |     |     |     |     |     |
  +-----+-----+-----+-----+-----+-----+-----+-----+
3 |     |     |     |     |     |     |     |     |
  +-----+-----+-----+-----+-----+-----+-----+-----+
2 |  ♙  |  ♙  |  ♙  |  ♙  |  ♙  |  ♙  |  ♙  |  ♙  |
  +-----+-----+-----+-----+-----+-----+-----+-----+
1 |  ♖  |  ♘  |  ♗  |  ♕  |  ♔  |  ♗  |  ♘  |  ♖  |
  +-----+-----+-----+-----+-----+-----+-----+-----+
-> move of ♙ e2e4

     h     g     f     e     d     c     b     a     
  +-----+-----+-----+-----+-----+-----+-----+-----+
1 |  ♖  |  ♘  |  ♗  |  ♔  |  ♕  |  ♗  |  ♘  |  ♖  |
  +-----+-----+-----+-----+-----+-----+-----+-----+
2 |  ♙  |  ♙  |  ♙  |     |  ♙  |  ♙  |  ♙  |  ♙  |
  +-----+-----+-----+-----+-----+-----+-----+-----+
3 |     |     |     |     |     |     |     |     |
  +-----+-----+-----+-----+-----+-----+-----+-----+
4 |     |     |     |  ♙  |     |     |     |     |
  +-----+-----+-----+-----+-----+-----+-----+-----+
5 |     |     |     |     |     |     |     |     |
  +-----+-----+-----+-----+-----+-----+-----+-----+
6 |     |     |     |     |     |     |     |     |
  +-----+-----+-----+-----+-----+-----+-----+-----+
7 |  ♟  |  ♟  |  ♟  |  ♟  |  ♟  |  ♟  |  ♟  |  ♟  |
  +-----+-----+-----+-----+-----+-----+-----+-----+
8 |  ♜  |  ♞  |  ♝  |  ♚  |  ♛  |  ♝  |  ♞  |  ♜  |
  +-----+-----+-----+-----+-----+-----+-----+-----+
-> move of ♟ e7e5

     a     b     c     d     e     f     g     h     
  +-----+-----+-----+-----+-----+-----+-----+-----+
8 |  ♜  |  ♞  |  ♝  |  ♛  |  ♚  |  ♝  |  ♞  |  ♜  |
  +-----+-----+-----+-----+-----+-----+-----+-----+
7 |  ♟  |  ♟  |  ♟  |  ♟  |     |  ♟  |  ♟  |  ♟  |
  +-----+-----+-----+-----+-----+-----+-----+-----+
6 |     |     |     |     |     |     |     |     |
  +-----+-----+-----+-----+-----+-----+-----+-----+
5 |     |     |     |     |  ♟  |     |     |     |
  +-----+-----+-----+-----+-----+-----+-----+-----+
4 |     |     |     |     |  ♙  |     |     |     |
  +-----+-----+-----+-----+-----+-----+-----+-----+
3 |     |     |     |     |     |     |     |     |
  +-----+-----+-----+-----+-----+-----+-----+-----+
2 |  ♙  |  ♙  |  ♙  |  ♙  |     |  ♙  |  ♙  |  ♙  |
  +-----+-----+-----+-----+-----+-----+-----+-----+
1 |  ♖  |  ♘  |  ♗  |  ♕  |  ♔  |  ♗  |  ♘  |  ♖  |
  +-----+-----+-----+-----+-----+-----+-----+-----+
-> move of ♙ d2d4

     h     g     f     e     d     c     b     a     
  +-----+-----+-----+-----+-----+-----+-----+-----+
1 |  ♖  |  ♘  |  ♗  |  ♔  |  ♕  |  ♗  |  ♘  |  ♖  |
  +-----+-----+-----+-----+-----+-----+-----+-----+
2 |  ♙  |  ♙  |  ♙  |     |     |  ♙  |  ♙  |  ♙  |
  +-----+-----+-----+-----+-----+-----+-----+-----+
3 |     |     |     |     |     |     |     |     |
  +-----+-----+-----+-----+-----+-----+-----+-----+
4 |     |     |     |  ♙  |  ♙  |     |     |     |
  +-----+-----+-----+-----+-----+-----+-----+-----+
5 |     |     |     |  ♟  |     |     |     |     |
  +-----+-----+-----+-----+-----+-----+-----+-----+
6 |     |     |     |     |     |     |     |     |
  +-----+-----+-----+-----+-----+-----+-----+-----+
7 |  ♟  |  ♟  |  ♟  |     |  ♟  |  ♟  |  ♟  |  ♟  |
  +-----+-----+-----+-----+-----+-----+-----+-----+
8 |  ♜  |  ♞  |  ♝  |  ♚  |  ♛  |  ♝  |  ♞  |  ♜  |
  +-----+-----+-----+-----+-----+-----+-----+-----+
-> move of ♟ e5d4

     a     b     c     d     e     f     g     h     
  +-----+-----+-----+-----+-----+-----+-----+-----+
8 |  ♜  |  ♞  |  ♝  |  ♛  |  ♚  |  ♝  |  ♞  |  ♜  |
  +-----+-----+-----+-----+-----+-----+-----+-----+
7 |  ♟  |  ♟  |  ♟  |  ♟  |     |  ♟  |  ♟  |  ♟  |
  +-----+-----+-----+-----+-----+-----+-----+-----+
6 |     |     |     |     |     |     |     |     |
  +-----+-----+-----+-----+-----+-----+-----+-----+
5 |     |     |     |     |     |     |     |     |
  +-----+-----+-----+-----+-----+-----+-----+-----+
4 |     |     |     |  ♟  |  ♙  |     |     |     |
  +-----+-----+-----+-----+-----+-----+-----+-----+
3 |     |     |     |     |     |     |     |     |
  +-----+-----+-----+-----+-----+-----+-----+-----+
2 |  ♙  |  ♙  |  ♙  |     |     |  ♙  |  ♙  |  ♙  |
  +-----+-----+-----+-----+-----+-----+-----+-----+
1 |  ♖  |  ♘  |  ♗  |  ♕  |  ♔  |  ♗  |  ♘  |  ♖  |
  +-----+-----+-----+-----+-----+-----+-----+-----+
-> move of ♗ c1g5

     h     g     f     e     d     c     b     a     
  +-----+-----+-----+-----+-----+-----+-----+-----+
1 |  ♖  |  ♘  |  ♗  |  ♔  |  ♕  |     |  ♘  |  ♖  |
  +-----+-----+-----+-----+-----+-----+-----+-----+
2 |  ♙  |  ♙  |  ♙  |     |     |  ♙  |  ♙  |  ♙  |
  +-----+-----+-----+-----+-----+-----+-----+-----+
3 |     |     |     |     |     |     |     |     |
  +-----+-----+-----+-----+-----+-----+-----+-----+
4 |     |     |     |  ♙  |  ♟  |     |     |     |
  +-----+-----+-----+-----+-----+-----+-----+-----+
5 |     |  ♗  |     |     |     |     |     |     |
  +-----+-----+-----+-----+-----+-----+-----+-----+
6 |     |     |     |     |     |     |     |     |
  +-----+-----+-----+-----+-----+-----+-----+-----+
7 |  ♟  |  ♟  |  ♟  |     |  ♟  |  ♟  |  ♟  |  ♟  |
  +-----+-----+-----+-----+-----+-----+-----+-----+
8 |  ♜  |  ♞  |  ♝  |  ♚  |  ♛  |  ♝  |  ♞  |  ♜  |
  +-----+-----+-----+-----+-----+-----+-----+-----+
-> move of ♟ a7a6

     a     b     c     d     e     f     g     h     
  +-----+-----+-----+-----+-----+-----+-----+-----+
8 |  ♜  |  ♞  |  ♝  |  ♛  |  ♚  |  ♝  |  ♞  |  ♜  |
  +-----+-----+-----+-----+-----+-----+-----+-----+
7 |     |  ♟  |  ♟  |  ♟  |     |  ♟  |  ♟  |  ♟  |
  +-----+-----+-----+-----+-----+-----+-----+-----+
6 |  ♟  |     |     |     |     |     |     |     |
  +-----+-----+-----+-----+-----+-----+-----+-----+
5 |     |     |     |     |     |     |  ♗  |     |
  +-----+-----+-----+-----+-----+-----+-----+-----+
4 |     |     |     |  ♟  |  ♙  |     |     |     |
  +-----+-----+-----+-----+-----+-----+-----+-----+
3 |     |     |     |     |     |     |     |     |
  +-----+-----+-----+-----+-----+-----+-----+-----+
2 |  ♙  |  ♙  |  ♙  |     |     |  ♙  |  ♙  |  ♙  |
  +-----+-----+-----+-----+-----+-----+-----+-----+
1 |  ♖  |  ♘  |     |  ♕  |  ♔  |  ♗  |  ♘  |  ♖  |
  +-----+-----+-----+-----+-----+-----+-----+-----+
-> move of ♕ d1d4

     h     g     f     e     d     c     b     a     
  +-----+-----+-----+-----+-----+-----+-----+-----+
1 |  ♖  |  ♘  |  ♗  |  ♔  |     |     |  ♘  |  ♖  |
  +-----+-----+-----+-----+-----+-----+-----+-----+
2 |  ♙  |  ♙  |  ♙  |     |     |  ♙  |  ♙  |  ♙  |
  +-----+-----+-----+-----+-----+-----+-----+-----+
3 |     |     |     |     |     |     |     |     |
  +-----+-----+-----+-----+-----+-----+-----+-----+
4 |     |     |     |  ♙  |  ♕  |     |     |     |
  +-----+-----+-----+-----+-----+-----+-----+-----+
5 |     |  ♗  |     |     |     |     |     |     |
  +-----+-----+-----+-----+-----+-----+-----+-----+
6 |     |     |     |     |     |     |     |  ♟  |
  +-----+-----+-----+-----+-----+-----+-----+-----+
7 |  ♟  |  ♟  |  ♟  |     |  ♟  |  ♟  |  ♟  |     |
  +-----+-----+-----+-----+-----+-----+-----+-----+
8 |  ♜  |  ♞  |  ♝  |  ♚  |  ♛  |  ♝  |  ♞  |  ♜  |
  +-----+-----+-----+-----+-----+-----+-----+-----+
-> move of ♟ c7c6

     a     b     c     d     e     f     g     h     
  +-----+-----+-----+-----+-----+-----+-----+-----+
8 |  ♜  |  ♞  |  ♝  |  ♛  |  ♚  |  ♝  |  ♞  |  ♜  |
  +-----+-----+-----+-----+-----+-----+-----+-----+
7 |     |  ♟  |     |  ♟  |     |  ♟  |  ♟  |  ♟  |
  +-----+-----+-----+-----+-----+-----+-----+-----+
6 |  ♟  |     |  ♟  |     |     |     |     |     |
  +-----+-----+-----+-----+-----+-----+-----+-----+
5 |     |     |     |     |     |     |  ♗  |     |
  +-----+-----+-----+-----+-----+-----+-----+-----+
4 |     |     |     |  ♕  |  ♙  |     |     |     |
  +-----+-----+-----+-----+-----+-----+-----+-----+
3 |     |     |     |     |     |     |     |     |
  +-----+-----+-----+-----+-----+-----+-----+-----+
2 |  ♙  |  ♙  |  ♙  |     |     |  ♙  |  ♙  |  ♙  |
  +-----+-----+-----+-----+-----+-----+-----+-----+
1 |  ♖  |  ♘  |     |     |  ♔  |  ♗  |  ♘  |  ♖  |
  +-----+-----+-----+-----+-----+-----+-----+-----+
-> move of ♕ d4e5

     h     g     f     e     d     c     b     a     
  +-----+-----+-----+-----+-----+-----+-----+-----+
1 |  ♖  |  ♘  |  ♗  |  ♔  |     |     |  ♘  |  ♖  |
  +-----+-----+-----+-----+-----+-----+-----+-----+
2 |  ♙  |  ♙  |  ♙  |     |     |  ♙  |  ♙  |  ♙  |
  +-----+-----+-----+-----+-----+-----+-----+-----+
3 |     |     |     |     |     |     |     |     |
  +-----+-----+-----+-----+-----+-----+-----+-----+
4 |     |     |     |  ♙  |     |     |     |     |
  +-----+-----+-----+-----+-----+-----+-----+-----+
5 |     |  ♗  |     |  ♕  |     |     |     |     |
  +-----+-----+-----+-----+-----+-----+-----+-----+
6 |     |     |     |     |     |  ♟  |     |  ♟  |
  +-----+-----+-----+-----+-----+-----+-----+-----+
7 |  ♟  |  ♟  |  ♟  |     |  ♟  |     |  ♟  |     |
  +-----+-----+-----+-----+-----+-----+-----+-----+
8 |  ♜  |  ♞  |  ♝  |  ♚  |  ♛  |  ♝  |  ♞  |  ♜  |
  +-----+-----+-----+-----+-----+-----+-----+-----+
-> check
-> move of ♝ f8e7

     a     b     c     d     e     f     g     h     
  +-----+-----+-----+-----+-----+-----+-----+-----+
8 |  ♜  |  ♞  |  ♝  |  ♛  |  ♚  |     |  ♞  |  ♜  |
  +-----+-----+-----+-----+-----+-----+-----+-----+
7 |     |  ♟  |     |  ♟  |  ♝  |  ♟  |  ♟  |  ♟  |
  +-----+-----+-----+-----+-----+-----+-----+-----+
6 |  ♟  |     |  ♟  |     |     |     |     |     |
  +-----+-----+-----+-----+-----+-----+-----+-----+
5 |     |     |     |     |  ♕  |     |  ♗  |     |
  +-----+-----+-----+-----+-----+-----+-----+-----+
4 |     |     |     |     |  ♙  |     |     |     |
  +-----+-----+-----+-----+-----+-----+-----+-----+
3 |     |     |     |     |     |     |     |     |
  +-----+-----+-----+-----+-----+-----+-----+-----+
2 |  ♙  |  ♙  |  ♙  |     |     |  ♙  |  ♙  |  ♙  |
  +-----+-----+-----+-----+-----+-----+-----+-----+
1 |  ♖  |  ♘  |     |     |  ♔  |  ♗  |  ♘  |  ♖  |
  +-----+-----+-----+-----+-----+-----+-----+-----+
-> move of ♘ b1c3

     h     g     f     e     d     c     b     a     
  +-----+-----+-----+-----+-----+-----+-----+-----+
1 |  ♖  |  ♘  |  ♗  |  ♔  |     |     |     |  ♖  |
  +-----+-----+-----+-----+-----+-----+-----+-----+
2 |  ♙  |  ♙  |  ♙  |     |     |  ♙  |  ♙  |  ♙  |
  +-----+-----+-----+-----+-----+-----+-----+-----+
3 |     |     |     |     |     |  ♘  |     |     |
  +-----+-----+-----+-----+-----+-----+-----+-----+
4 |     |     |     |  ♙  |     |     |     |     |
  +-----+-----+-----+-----+-----+-----+-----+-----+
5 |     |  ♗  |     |  ♕  |     |     |     |     |
  +-----+-----+-----+-----+-----+-----+-----+-----+
6 |     |     |     |     |     |  ♟  |     |  ♟  |
  +-----+-----+-----+-----+-----+-----+-----+-----+
7 |  ♟  |  ♟  |  ♟  |  ♝  |  ♟  |     |  ♟  |     |
  +-----+-----+-----+-----+-----+-----+-----+-----+
8 |  ♜  |  ♞  |     |  ♚  |  ♛  |  ♝  |  ♞  |  ♜  |
  +-----+-----+-----+-----+-----+-----+-----+-----+
-> move of ♟ c6c5

     a     b     c     d     e     f     g     h     
  +-----+-----+-----+-----+-----+-----+-----+-----+
8 |  ♜  |  ♞  |  ♝  |  ♛  |  ♚  |     |  ♞  |  ♜  |
  +-----+-----+-----+-----+-----+-----+-----+-----+
7 |     |  ♟  |     |  ♟  |  ♝  |  ♟  |  ♟  |  ♟  |
  +-----+-----+-----+-----+-----+-----+-----+-----+
6 |  ♟  |     |     |     |     |     |     |     |
  +-----+-----+-----+-----+-----+-----+-----+-----+
5 |     |     |  ♟  |     |  ♕  |     |  ♗  |     |
  +-----+-----+-----+-----+-----+-----+-----+-----+
4 |     |     |     |     |  ♙  |     |     |     |
  +-----+-----+-----+-----+-----+-----+-----+-----+
3 |     |     |  ♘  |     |     |     |     |     |
  +-----+-----+-----+-----+-----+-----+-----+-----+
2 |  ♙  |  ♙  |  ♙  |     |     |  ♙  |  ♙  |  ♙  |
  +-----+-----+-----+-----+-----+-----+-----+-----+
1 |  ♖  |     |     |     |  ♔  |  ♗  |  ♘  |  ♖  |
  +-----+-----+-----+-----+-----+-----+-----+-----+
-> move of ♘ c3d5

     h     g     f     e     d     c     b     a     
  +-----+-----+-----+-----+-----+-----+-----+-----+
1 |  ♖  |  ♘  |  ♗  |  ♔  |     |     |     |  ♖  |
  +-----+-----+-----+-----+-----+-----+-----+-----+
2 |  ♙  |  ♙  |  ♙  |     |     |  ♙  |  ♙  |  ♙  |
  +-----+-----+-----+-----+-----+-----+-----+-----+
3 |     |     |     |     |     |     |     |     |
  +-----+-----+-----+-----+-----+-----+-----+-----+
4 |     |     |     |  ♙  |     |     |     |     |
  +-----+-----+-----+-----+-----+-----+-----+-----+
5 |     |  ♗  |     |  ♕  |  ♘  |  ♟  |     |     |
  +-----+-----+-----+-----+-----+-----+-----+-----+
6 |     |     |     |     |     |     |     |  ♟  |
  +-----+-----+-----+-----+-----+-----+-----+-----+
7 |  ♟  |  ♟  |  ♟  |  ♝  |  ♟  |     |  ♟  |     |
  +-----+-----+-----+-----+-----+-----+-----+-----+
8 |  ♜  |  ♞  |     |  ♚  |  ♛  |  ♝  |  ♞  |  ♜  |
  +-----+-----+-----+-----+-----+-----+-----+-----+
-> move of ♞ b8c6

     a     b     c     d     e     f     g     h     
  +-----+-----+-----+-----+-----+-----+-----+-----+
8 |  ♜  |     |  ♝  |  ♛  |  ♚  |     |  ♞  |  ♜  |
  +-----+-----+-----+-----+-----+-----+-----+-----+
7 |     |  ♟  |     |  ♟  |  ♝  |  ♟  |  ♟  |  ♟  |
  +-----+-----+-----+-----+-----+-----+-----+-----+
6 |  ♟  |     |  ♞  |     |     |     |     |     |
  +-----+-----+-----+-----+-----+-----+-----+-----+
5 |     |     |  ♟  |  ♘  |  ♕  |     |  ♗  |     |
  +-----+-----+-----+-----+-----+-----+-----+-----+
4 |     |     |     |     |  ♙  |     |     |     |
  +-----+-----+-----+-----+-----+-----+-----+-----+
3 |     |     |     |     |     |     |     |     |
  +-----+-----+-----+-----+-----+-----+-----+-----+
2 |  ♙  |  ♙  |  ♙  |     |     |  ♙  |  ♙  |  ♙  |
  +-----+-----+-----+-----+-----+-----+-----+-----+
1 |  ♖  |     |     |     |  ♔  |  ♗  |  ♘  |  ♖  |
  +-----+-----+-----+-----+-----+-----+-----+-----+
-> move of ♘ d5c7

     h     g     f     e     d     c     b     a     
  +-----+-----+-----+-----+-----+-----+-----+-----+
1 |  ♖  |  ♘  |  ♗  |  ♔  |     |     |     |  ♖  |
  +-----+-----+-----+-----+-----+-----+-----+-----+
2 |  ♙  |  ♙  |  ♙  |     |     |  ♙  |  ♙  |  ♙  |
  +-----+-----+-----+-----+-----+-----+-----+-----+
3 |     |     |     |     |     |     |     |     |
  +-----+-----+-----+-----+-----+-----+-----+-----+
4 |     |     |     |  ♙  |     |     |     |     |
  +-----+-----+-----+-----+-----+-----+-----+-----+
5 |     |  ♗  |     |  ♕  |     |  ♟  |     |     |
  +-----+-----+-----+-----+-----+-----+-----+-----+
6 |     |     |     |     |     |  ♞  |     |  ♟  |
  +-----+-----+-----+-----+-----+-----+-----+-----+
7 |  ♟  |  ♟  |  ♟  |  ♝  |  ♟  |  ♘  |  ♟  |     |
  +-----+-----+-----+-----+-----+-----+-----+-----+
8 |  ♜  |  ♞  |     |  ♚  |  ♛  |  ♝  |     |  ♜  |
  +-----+-----+-----+-----+-----+-----+-----+-----+
-> check
-> move of ♚ e8f8

     a     b     c     d     e     f     g     h     
  +-----+-----+-----+-----+-----+-----+-----+-----+
8 |  ♜  |     |  ♝  |  ♛  |     |  ♚  |  ♞  |  ♜  |
  +-----+-----+-----+-----+-----+-----+-----+-----+
7 |     |  ♟  |  ♘  |  ♟  |  ♝  |  ♟  |  ♟  |  ♟  |
  +-----+-----+-----+-----+-----+-----+-----+-----+
6 |  ♟  |     |  ♞  |     |     |     |     |     |
  +-----+-----+-----+-----+-----+-----+-----+-----+
5 |     |     |  ♟  |     |  ♕  |     |  ♗  |     |
  +-----+-----+-----+-----+-----+-----+-----+-----+
4 |     |     |     |     |  ♙  |     |     |     |
  +-----+-----+-----+-----+-----+-----+-----+-----+
3 |     |     |     |     |     |     |     |     |
  +-----+-----+-----+-----+-----+-----+-----+-----+
2 |  ♙  |  ♙  |  ♙  |     |     |  ♙  |  ♙  |  ♙  |
  +-----+-----+-----+-----+-----+-----+-----+-----+
1 |  ♖  |     |     |     |  ♔  |  ♗  |  ♘  |  ♖  |
  +-----+-----+-----+-----+-----+-----+-----+-----+
-> move of ♗ g5e7

     h     g     f     e     d     c     b     a     
  +-----+-----+-----+-----+-----+-----+-----+-----+
1 |  ♖  |  ♘  |  ♗  |  ♔  |     |     |     |  ♖  |
  +-----+-----+-----+-----+-----+-----+-----+-----+
2 |  ♙  |  ♙  |  ♙  |     |     |  ♙  |  ♙  |  ♙  |
  +-----+-----+-----+-----+-----+-----+-----+-----+
3 |     |     |     |     |     |     |     |     |
  +-----+-----+-----+-----+-----+-----+-----+-----+
4 |     |     |     |  ♙  |     |     |     |     |
  +-----+-----+-----+-----+-----+-----+-----+-----+
5 |     |     |     |  ♕  |     |  ♟  |     |     |
  +-----+-----+-----+-----+-----+-----+-----+-----+
6 |     |     |     |     |     |  ♞  |     |  ♟  |
  +-----+-----+-----+-----+-----+-----+-----+-----+
7 |  ♟  |  ♟  |  ♟  |  ♗  |  ♟  |  ♘  |  ♟  |     |
  +-----+-----+-----+-----+-----+-----+-----+-----+
8 |  ♜  |  ♞  |  ♚  |     |  ♛  |  ♝  |     |  ♜  |
  +-----+-----+-----+-----+-----+-----+-----+-----+
-> check
-> move of ♞ g8e7

     a     b     c     d     e     f     g     h     
  +-----+-----+-----+-----+-----+-----+-----+-----+
8 |  ♜  |     |  ♝  |  ♛  |     |  ♚  |     |  ♜  |
  +-----+-----+-----+-----+-----+-----+-----+-----+
7 |     |  ♟  |  ♘  |  ♟  |  ♞  |  ♟  |  ♟  |  ♟  |
  +-----+-----+-----+-----+-----+-----+-----+-----+
6 |  ♟  |     |  ♞  |     |     |     |     |     |
  +-----+-----+-----+-----+-----+-----+-----+-----+
5 |     |     |  ♟  |     |  ♕  |     |     |     |
  +-----+-----+-----+-----+-----+-----+-----+-----+
4 |     |     |     |     |  ♙  |     |     |     |
  +-----+-----+-----+-----+-----+-----+-----+-----+
3 |     |     |     |     |     |     |     |     |
  +-----+-----+-----+-----+-----+-----+-----+-----+
2 |  ♙  |  ♙  |  ♙  |     |     |  ♙  |  ♙  |  ♙  |
  +-----+-----+-----+-----+-----+-----+-----+-----+
1 |  ♖  |     |     |     |  ♔  |  ♗  |  ♘  |  ♖  |
  +-----+-----+-----+-----+-----+-----+-----+-----+
-> move of ♕ e5d6

     h     g     f     e     d     c     b     a     
  +-----+-----+-----+-----+-----+-----+-----+-----+
1 |  ♖  |  ♘  |  ♗  |  ♔  |     |     |     |  ♖  |
  +-----+-----+-----+-----+-----+-----+-----+-----+
2 |  ♙  |  ♙  |  ♙  |     |     |  ♙  |  ♙  |  ♙  |
  +-----+-----+-----+-----+-----+-----+-----+-----+
3 |     |     |     |     |     |     |     |     |
  +-----+-----+-----+-----+-----+-----+-----+-----+
4 |     |     |     |  ♙  |     |     |     |     |
  +-----+-----+-----+-----+-----+-----+-----+-----+
5 |     |     |     |     |     |  ♟  |     |     |
  +-----+-----+-----+-----+-----+-----+-----+-----+
6 |     |     |     |     |  ♕  |  ♞  |     |  ♟  |
  +-----+-----+-----+-----+-----+-----+-----+-----+
7 |  ♟  |  ♟  |  ♟  |  ♞  |  ♟  |  ♘  |  ♟  |     |
  +-----+-----+-----+-----+-----+-----+-----+-----+
8 |  ♜  |     |  ♚  |     |  ♛  |  ♝  |     |  ♜  |
  +-----+-----+-----+-----+-----+-----+-----+-----+
-> move of ♜ a8b8

     a     b     c     d     e     f     g     h     
  +-----+-----+-----+-----+-----+-----+-----+-----+
8 |     |  ♜  |  ♝  |  ♛  |     |  ♚  |     |  ♜  |
  +-----+-----+-----+-----+-----+-----+-----+-----+
7 |     |  ♟  |  ♘  |  ♟  |  ♞  |  ♟  |  ♟  |  ♟  |
  +-----+-----+-----+-----+-----+-----+-----+-----+
6 |  ♟  |     |  ♞  |  ♕  |     |     |     |     |
  +-----+-----+-----+-----+-----+-----+-----+-----+
5 |     |     |  ♟  |     |     |     |     |     |
  +-----+-----+-----+-----+-----+-----+-----+-----+
4 |     |     |     |     |  ♙  |     |     |     |
  +-----+-----+-----+-----+-----+-----+-----+-----+
3 |     |     |     |     |     |     |     |     |
  +-----+-----+-----+-----+-----+-----+-----+-----+
2 |  ♙  |  ♙  |  ♙  |     |     |  ♙  |  ♙  |  ♙  |
  +-----+-----+-----+-----+-----+-----+-----+-----+
1 |  ♖  |     |     |     |  ♔  |  ♗  |  ♘  |  ♖  |
  +-----+-----+-----+-----+-----+-----+-----+-----+
-> move of ♗ f1c4

     h     g     f     e     d     c     b     a     
  +-----+-----+-----+-----+-----+-----+-----+-----+
1 |  ♖  |  ♘  |     |  ♔  |     |     |     |  ♖  |
  +-----+-----+-----+-----+-----+-----+-----+-----+
2 |  ♙  |  ♙  |  ♙  |     |     |  ♙  |  ♙  |  ♙  |
  +-----+-----+-----+-----+-----+-----+-----+-----+
3 |     |     |     |     |     |     |     |     |
  +-----+-----+-----+-----+-----+-----+-----+-----+
4 |     |     |     |  ♙  |     |  ♗  |     |     |
  +-----+-----+-----+-----+-----+-----+-----+-----+
5 |     |     |     |     |     |  ♟  |     |     |
  +-----+-----+-----+-----+-----+-----+-----+-----+
6 |     |     |     |     |  ♕  |  ♞  |     |  ♟  |
  +-----+-----+-----+-----+-----+-----+-----+-----+
7 |  ♟  |  ♟  |  ♟  |  ♞  |  ♟  |  ♘  |  ♟  |     |
  +-----+-----+-----+-----+-----+-----+-----+-----+
8 |  ♜  |     |  ♚  |     |  ♛  |  ♝  |  ♜  |     |
  +-----+-----+-----+-----+-----+-----+-----+-----+
-> move of ♟ g7g6

     a     b     c     d     e     f     g     h     
  +-----+-----+-----+-----+-----+-----+-----+-----+
8 |     |  ♜  |  ♝  |  ♛  |     |  ♚  |     |  ♜  |
  +-----+-----+-----+-----+-----+-----+-----+-----+
7 |     |  ♟  |  ♘  |  ♟  |  ♞  |  ♟  |     |  ♟  |
  +-----+-----+-----+-----+-----+-----+-----+-----+
6 |  ♟  |     |  ♞  |  ♕  |     |     |  ♟  |     |
  +-----+-----+-----+-----+-----+-----+-----+-----+
5 |     |     |  ♟  |     |     |     |     |     |
  +-----+-----+-----+-----+-----+-----+-----+-----+
4 |     |     |  ♗  |     |  ♙  |     |     |     |
  +-----+-----+-----+-----+-----+-----+-----+-----+
3 |     |     |     |     |     |     |     |     |
  +-----+-----+-----+-----+-----+-----+-----+-----+
2 |  ♙  |  ♙  |  ♙  |     |     |  ♙  |  ♙  |  ♙  |
  +-----+-----+-----+-----+-----+-----+-----+-----+
1 |  ♖  |     |     |     |  ♔  |     |  ♘  |  ♖  |
  +-----+-----+-----+-----+-----+-----+-----+-----+
-> move of ♕ d6f6

     h     g     f     e     d     c     b     a     
  +-----+-----+-----+-----+-----+-----+-----+-----+
1 |  ♖  |  ♘  |     |  ♔  |     |     |     |  ♖  |
  +-----+-----+-----+-----+-----+-----+-----+-----+
2 |  ♙  |  ♙  |  ♙  |     |     |  ♙  |  ♙  |  ♙  |
  +-----+-----+-----+-----+-----+-----+-----+-----+
3 |     |     |     |     |     |     |     |     |
  +-----+-----+-----+-----+-----+-----+-----+-----+
4 |     |     |     |  ♙  |     |  ♗  |     |     |
  +-----+-----+-----+-----+-----+-----+-----+-----+
5 |     |     |     |     |     |  ♟  |     |     |
  +-----+-----+-----+-----+-----+-----+-----+-----+
6 |     |  ♟  |  ♕  |     |     |  ♞  |     |  ♟  |
  +-----+-----+-----+-----+-----+-----+-----+-----+
7 |  ♟  |     |  ♟  |  ♞  |  ♟  |  ♘  |  ♟  |     |
  +-----+-----+-----+-----+-----+-----+-----+-----+
8 |  ♜  |     |  ♚  |     |  ♛  |  ♝  |  ♜  |     |
  +-----+-----+-----+-----+-----+-----+-----+-----+
-> move of ♛ d8c7

     a     b     c     d     e     f     g     h     
  +-----+-----+-----+-----+-----+-----+-----+-----+
8 |     |  ♜  |  ♝  |     |     |  ♚  |     |  ♜  |
  +-----+-----+-----+-----+-----+-----+-----+-----+
7 |     |  ♟  |  ♛  |  ♟  |  ♞  |  ♟  |     |  ♟  |
  +-----+-----+-----+-----+-----+-----+-----+-----+
6 |  ♟  |     |  ♞  |     |     |  ♕  |  ♟  |     |
  +-----+-----+-----+-----+-----+-----+-----+-----+
5 |     |     |  ♟  |     |     |     |     |     |
  +-----+-----+-----+-----+-----+-----+-----+-----+
4 |     |     |  ♗  |     |  ♙  |     |     |     |
  +-----+-----+-----+-----+-----+-----+-----+-----+
3 |     |     |     |     |     |     |     |     |
  +-----+-----+-----+-----+-----+-----+-----+-----+
2 |  ♙  |  ♙  |  ♙  |     |     |  ♙  |  ♙  |  ♙  |
  +-----+-----+-----+-----+-----+-----+-----+-----+
1 |  ♖  |     |     |     |  ♔  |     |  ♘  |  ♖  |
  +-----+-----+-----+-----+-----+-----+-----+-----+
-> move of ♕ f6f7

     h     g     f     e     d     c     b     a     
  +-----+-----+-----+-----+-----+-----+-----+-----+
1 |  ♖  |  ♘  |     |  ♔  |     |     |     |  ♖  |
  +-----+-----+-----+-----+-----+-----+-----+-----+
2 |  ♙  |  ♙  |  ♙  |     |     |  ♙  |  ♙  |  ♙  |
  +-----+-----+-----+-----+-----+-----+-----+-----+
3 |     |     |     |     |     |     |     |     |
  +-----+-----+-----+-----+-----+-----+-----+-----+
4 |     |     |     |  ♙  |     |  ♗  |     |     |
  +-----+-----+-----+-----+-----+-----+-----+-----+
5 |     |     |     |     |     |  ♟  |     |     |
  +-----+-----+-----+-----+-----+-----+-----+-----+
6 |     |  ♟  |     |     |     |  ♞  |     |  ♟  |
  +-----+-----+-----+-----+-----+-----+-----+-----+
7 |  ♟  |     |  ♕  |  ♞  |  ♟  |  ♛  |  ♟  |     |
  +-----+-----+-----+-----+-----+-----+-----+-----+
8 |  ♜  |     |  ♚  |     |     |  ♝  |  ♜  |     |
  +-----+-----+-----+-----+-----+-----+-----+-----+
-> check
-> checkmate
wR,,,,wK,,wN,wR,wP,wP,wP,,,wP,wP,wP,,,,,,,,,,,wB,,wP,,,,,,bP,,,,,,bP,,bN,,,,bP,,,bP,bQ,bP,bN,wQ,,bP,,bR,bB,,,bK,,bR, 1-0
  -> [0;32mreference position: OK[0m
  -> [0;32mreference result: OK[0m
  -> [0m(exit code=0)
[0;33m> data/4-leg-pat.txt[0m

     a     b     c     d     e     f     g     h     
  +-----+-----+-----+-----+-----+-----+-----+-----+
8 |  ♜  |  ♞  |  ♝  |  ♛  |  ♚  |  ♝  |  ♞  |  ♜  |
  +-----+-----+-----+-----+-----+-----+-----+-----+
7 |  ♟  |  ♟  |  ♟  |  ♟  |  ♟  |  ♟  |  ♟  |  ♟  |
  +-----+-----+-----+-----+-----+-----+-----+-----+
6 |     |     |     |     |     |     |     |     |
  +-----+-----+-----+-----+-----+-----+-----+-----+
5 |     |     |     |     |     |     |     |     |
  +-----+-----+-----+-----+-----+-----+-----+-----+
4 |     |     |     |     |     |     |     |     |
  +-----+-----+-----+-----+-----+-----+-----+-----+
3 |     |     |     |     |     |     |     |     |
  +-----+-----+-----+-----+-----+-----+-----+-----+
2 |  ♙  |  ♙  |  ♙  |  ♙  |  ♙  |  ♙  |  ♙  |  ♙  |
  +-----+-----+-----+-----+-----+-----+-----+-----+
1 |  ♖  |  ♘  |  ♗  |  ♕  |  ♔  |  ♗  |  ♘  |  ♖  |
  +-----+-----+-----+-----+-----+-----+-----+-----+
-> move of ♙ c2c4

     h     g     f     e     d     c     b     a     
  +-----+-----+-----+-----+-----+-----+-----+-----+
1 |  ♖  |  ♘  |  ♗  |  ♔  |  ♕  |  ♗  |  ♘  |  ♖  |
  +-----+-----+-----+-----+-----+-----+-----+-----+
2 |  ♙  |  ♙  |  ♙  |  ♙  |  ♙  |     |  ♙  |  ♙  |
  +-----+-----+-----+-----+-----+-----+-----+-----+
3 |     |     |     |     |     |     |     |     |
  +-----+-----+-----+-----+-----+-----+-----+-----+
4 |     |     |     |     |     |  ♙  |     |     |
  +-----+-----+-----+-----+-----+-----+-----+-----+
5 |     |     |     |     |     |     |     |     |
  +-----+-----+-----+-----+-----+-----+-----+-----+
6 |     |     |     |     |     |     |     |     |
  +-----+-----+-----+-----+-----+-----+-----+-----+
7 |  ♟  |  ♟  |  ♟  |  ♟  |  ♟  |  ♟  |  ♟  |  ♟  |
  +-----+-----+-----+-----+-----+-----+-----+-----+
8 |  ♜  |  ♞  |  ♝  |  ♚  |  ♛  |  ♝  |  ♞  |  ♜  |
  +-----+-----+-----+-----+-----+-----+-----+-----+
-> move of ♞ g8f6

     a     b     c     d     e     f     g     h     
  +-----+-----+-----+-----+-----+-----+-----+-----+
8 |  ♜  |  ♞  |  ♝  |  ♛  |  ♚  |  ♝  |     |  ♜  |
  +-----+-----+-----+-----+-----+-----+-----+-----+
7 |  ♟  |  ♟  |  ♟  |  ♟  |  ♟  |  ♟  |  ♟  |  ♟  |
  +-----+-----+-----+-----+-----+-----+-----+-----+
6 |     |     |     |     |     |  ♞  |     |     |
  +-----+-----+-----+-----+-----+-----+-----+-----+
5 |     |     |     |     |     |     |     |     |
  +-----+-----+-----+-----+-----+-----+-----+-----+
4 |     |     |  ♙  |     |     |     |     |     |
  +-----+-----+-----+-----+-----+-----+-----+-----+
3 |     |     |     |     |     |     |     |     |
  +-----+-----+-----+-----+-----+-----+-----+-----+
2 |  ♙  |  ♙  |     |  ♙  |  ♙  |  ♙  |  ♙  |  ♙  |
  +-----+-----+-----+-----+-----+-----+-----+-----+
1 |  ♖  |  ♘  |  ♗  |  ♕  |  ♔  |  ♗  |  ♘  |  ♖  |
  +-----+-----+-----+-----+-----+-----+-----+-----+
-> move of ♙ d2d4

     h     g     f     e     d     c     b     a     
  +-----+-----+-----+-----+-----+-----+-----+-----+
1 |  ♖  |  ♘  |  ♗  |  ♔  |  ♕  |  ♗  |  ♘  |  ♖  |
  +-----+-----+-----+-----+-----+-----+-----+-----+
2 |  ♙  |  ♙  |  ♙  |  ♙  |     |     |  ♙  |  ♙  |
  +-----+-----+-----+-----+-----+-----+-----+-----+
3 |     |     |     |     |     |     |     |     |
  +-----+-----+-----+-----+-----+-----+-----+-----+
4 |     |     |     |     |  ♙  |  ♙  |     |     |
  +-----+-----+-----+-----+-----+-----+-----+-----+
5 |     |     |     |     |     |     |     |     |
  +-----+-----+-----+-----+-----+-----+-----+-----+
6 |     |     |  ♞  |     |     |     |     |     |
  +-----+-----+-----+-----+-----+-----+-----+-----+
7 |  ♟  |  ♟  |  ♟  |  ♟  |  ♟  |  ♟  |  ♟  |  ♟  |
  +-----+-----+-----+-----+-----+-----+-----+-----+
8 |  ♜  |     |  ♝  |  ♚  |  ♛  |  ♝  |  ♞  |  ♜  |
  +-----+-----+-----+-----+-----+-----+-----+-----+
-> move of ♟ c7c6

     a     b     c     d     e     f     g     h     
  +-----+-----+-----+-----+-----+-----+-----+-----+
8 |  ♜  |  ♞  |  ♝  |  ♛  |  ♚  |  ♝  |     |  ♜  |
  +-----+-----+-----+-----+-----+-----+-----+-----+
7 |  ♟  |  ♟  |     |  ♟  |  ♟  |  ♟  |  ♟  |  ♟  |
  +-----+-----+-----+-----+-----+-----+-----+-----+
6 |     |     |  ♟  |     |     |  ♞  |     |     |
  +-----+-----+-----+-----+-----+-----+-----+-----+
5 |     |     |     |     |     |     |     |     |
  +-----+-----+-----+-----+-----+-----+-----+-----+
4 |     |     |  ♙  |  ♙  |     |     |     |     |
  +-----+-----+-----+-----+-----+-----+-----+-----+
3 |     |     |     |     |     |     |     |     |
  +-----+-----+-----+-----+-----+-----+-----+-----+
2 |  ♙  |  ♙  |     |     |  ♙  |  ♙  |  ♙  |  ♙  |
  +-----+-----+-----+-----+-----+-----+-----+-----+
1 |  ♖  |  ♘  |  ♗  |  ♕  |  ♔  |  ♗  |  ♘  |  ♖  |
  +-----+-----+-----+-----+-----+-----+-----+-----+
-> move of ♗ c1f4

     h     g     f     e     d     c     b     a     
  +-----+-----+-----+-----+-----+-----+-----+-----+
1 |  ♖  |  ♘  |  ♗  |  ♔  |  ♕  |     |  ♘  |  ♖  |
  +-----+-----+-----+-----+-----+-----+-----+-----+
2 |  ♙  |  ♙  |  ♙  |  ♙  |     |     |  ♙  |  ♙  |
  +-----+-----+-----+-----+-----+-----+-----+-----+
3 |     |     |     |     |     |     |     |     |
  +-----+-----+-----+-----+-----+-----+-----+-----+
4 |     |     |  ♗  |     |  ♙  |  ♙  |     |     |
  +-----+-----+-----+-----+-----+-----+-----+-----+
5 |     |     |     |     |     |     |     |     |
  +-----+-----+-----+-----+-----+-----+-----+-----+
6 |     |     |  ♞  |     |     |  ♟  |     |     |
  +-----+-----+-----+-----+-----+-----+-----+-----+
7 |  ♟  |  ♟  |  ♟  |  ♟  |  ♟  |     |  ♟  |  ♟  |
  +-----+-----+-----+-----+-----+-----+-----+-----+
8 |  ♜  |     |  ♝  |  ♚  |  ♛  |  ♝  |  ♞  |  ♜  |
  +-----+-----+-----+-----+-----+-----+-----+-----+
-> move of ♛ d8b6

     a     b     c     d     e     f     g     h     
  +-----+-----+-----+-----+-----+-----+-----+-----+
8 |  ♜  |  ♞  |  ♝  |     |  ♚  |  ♝  |     |  ♜  |
  +-----+-----+-----+-----+-----+-----+-----+-----+
7 |  ♟  |  ♟  |     |  ♟  |  ♟  |  ♟  |  ♟  |  ♟  |
  +-----+-----+-----+-----+-----+-----+-----+-----+
6 |     |  ♛  |  ♟  |     |     |  ♞  |     |     |
  +-----+-----+-----+-----+-----+-----+-----+-----+
5 |     |     |     |     |     |     |     |     |
  +-----+-----+-----+-----+-----+-----+-----+-----+
4 |     |     |  ♙  |  ♙  |     |  ♗  |     |     |
  +-----+-----+-----+-----+-----+-----+-----+-----+
3 |     |     |     |     |     |     |     |     |
  +-----+-----+-----+-----+-----+-----+-----+-----+
2 |  ♙  |  ♙  |     |     |  ♙  |  ♙  |  ♙  |  ♙  |
  +-----+-----+-----+-----+-----+-----+-----+-----+
1 |  ♖  |  ♘  |     |  ♕  |  ♔  |  ♗  |  ♘  |  ♖  |
  +-----+-----+-----+-----+-----+-----+-----+-----+
-> move of ♕ d1d2

     h     g     f     e     d     c     b     a     
  +-----+-----+-----+-----+-----+-----+-----+-----+
1 |  ♖  |  ♘  |  ♗  |  ♔  |     |     |  ♘  |  ♖  |
  +-----+-----+-----+-----+-----+-----+-----+-----+
2 |  ♙  |  ♙  |  ♙  |  ♙  |  ♕  |     |  ♙  |  ♙  |
  +-----+-----+-----+-----+-----+-----+-----+-----+
3 |     |     |     |     |     |     |     |     |
  +-----+-----+-----+-----+-----+-----+-----+-----+
4 |     |     |  ♗  |     |  ♙  |  ♙  |     |     |
  +-----+-----+-----+-----+-----+-----+-----+-----+
5 |     |     |     |     |     |     |     |     |
  +-----+-----+-----+-----+-----+-----+-----+-----+
6 |     |     |  ♞  |     |     |  ♟  |  ♛  |     |
  +-----+-----+-----+-----+-----+-----+-----+-----+
7 |  ♟  |  ♟  |  ♟  |  ♟  |  ♟  |     |  ♟  |  ♟  |
  +-----+-----+-----+-----+-----+-----+-----+-----+
8 |  ♜  |     |  ♝  |  ♚  |     |  ♝  |  ♞  |  ♜  |
  +-----+-----+-----+-----+-----+-----+-----+-----+
-> move of ♞ f6e4

     a     b     c     d     e     f     g     h     
  +-----+-----+-----+-----+-----+-----+-----+-----+
8 |  ♜  |  ♞  |  ♝  |     |  ♚  |  ♝  |     |  ♜  |
  +-----+-----+-----+-----+-----+-----+-----+-----+
7 |  ♟  |  ♟  |     |  ♟  |  ♟  |  ♟  |  ♟  |  ♟  |
  +-----+-----+-----+-----+-----+-----+-----+-----+
6 |     |  ♛  |  ♟  |     |     |     |     |     |
  +-----+-----+-----+-----+-----+-----+-----+-----+
5 |     |     |     |     |     |     |     |     |
  +-----+-----+-----+-----+-----+-----+-----+-----+
4 |     |     |  ♙  |  ♙  |  ♞  |  ♗  |     |     |
  +-----+-----+-----+-----+-----+-----+-----+-----+
3 |     |     |     |     |     |     |     |     |
  +-----+-----+-----+-----+-----+-----+-----+-----+
2 |  ♙  |  ♙  |     |  ♕  |  ♙  |  ♙  |  ♙  |  ♙  |
  +-----+-----+-----+-----+-----+-----+-----+-----+
1 |  ♖  |  ♘  |     |     |  ♔  |  ♗  |  ♘  |  ♖  |
  +-----+-----+-----+-----+-----+-----+-----+-----+
-> move of ♕ d2c2

     h     g     f     e     d     c     b     a     
  +-----+-----+-----+-----+-----+-----+-----+-----+
1 |  ♖  |  ♘  |  ♗  |  ♔  |     |     |  ♘  |  ♖  |
  +-----+-----+-----+-----+-----+-----+-----+-----+
2 |  ♙  |  ♙  |  ♙  |  ♙  |     |  ♕  |  ♙  |  ♙  |
  +-----+-----+-----+-----+-----+-----+-----+-----+
3 |     |     |     |     |     |     |     |     |
  +-----+-----+-----+-----+-----+-----+-----+-----+
4 |     |     |  ♗  |  ♞  |  ♙  |  ♙  |     |     |
  +-----+-----+-----+-----+-----+-----+-----+-----+
5 |     |     |     |     |     |     |     |     |
  +-----+-----+-----+-----+-----+-----+-----+-----+
6 |     |     |     |     |     |  ♟  |  ♛  |     |
  +-----+-----+-----+-----+-----+-----+-----+-----+
7 |  ♟  |  ♟  |  ♟  |  ♟  |  ♟  |     |  ♟  |  ♟  |
  +-----+-----+-----+-----+-----+-----+-----+-----+
8 |  ♜  |     |  ♝  |  ♚  |     |  ♝  |  ♞  |  ♜  |
  +-----+-----+-----+-----+-----+-----+-----+-----+
-> move of ♟ d7d5

     a     b     c     d     e     f     g     h     
  +-----+-----+-----+-----+-----+-----+-----+-----+
8 |  ♜  |  ♞  |  ♝  |     |  ♚  |  ♝  |     |  ♜  |
  +-----+-----+-----+-----+-----+-----+-----+-----+
7 |  ♟  |  ♟  |     |     |  ♟  |  ♟  |  ♟  |  ♟  |
  +-----+-----+-----+-----+-----+-----+-----+-----+
6 |     |  ♛  |  ♟  |     |     |     |     |     |
  +-----+-----+-----+-----+-----+-----+-----+-----+
5 |     |     |     |  ♟  |     |     |     |     |
  +-----+-----+-----+-----+-----+-----+-----+-----+
4 |     |     |  ♙  |  ♙  |  ♞  |  ♗  |     |     |
  +-----+-----+-----+-----+-----+-----+-----+-----+
3 |     |     |     |     |     |     |     |     |
  +-----+-----+-----+-----+-----+-----+-----+-----+
2 |  ♙  |  ♙  |  ♕  |     |  ♙  |  ♙  |  ♙  |  ♙  |
  +-----+-----+-----+-----+-----+-----+-----+-----+
1 |  ♖  |  ♘  |     |     |  ♔  |  ♗  |  ♘  |  ♖  |
  +-----+-----+-----+-----+-----+-----+-----+-----+
-> move of ♙ f2f3

     h     g     f     e     d     c     b     a     
  +-----+-----+-----+-----+-----+-----+-----+-----+
1 |  ♖  |  ♘  |  ♗  |  ♔  |     |     |  ♘  |  ♖  |
  +-----+-----+-----+-----+-----+-----+-----+-----+
2 |  ♙  |  ♙  |     |  ♙  |     |  ♕  |  ♙  |  ♙  |
  +-----+-----+-----+-----+-----+-----+-----+-----+
3 |     |     |  ♙  |     |     |     |     |     |
  +-----+-----+-----+-----+-----+-----+-----+-----+
4 |     |     |  ♗  |  ♞  |  ♙  |  ♙  |     |     |
  +-----+-----+-----+-----+-----+-----+-----+-----+
5 |     |     |     |     |  ♟  |     |     |     |
  +-----+-----+-----+-----+-----+-----+-----+-----+
6 |     |     |     |     |     |  ♟  |  ♛  |     |
  +-----+-----+-----+-----+-----+-----+-----+-----+
7 |  ♟  |  ♟  |  ♟  |  ♟  |     |     |  ♟  |  ♟  |
  +-----+-----+-----+-----+-----+-----+-----+-----+
8 |  ♜  |     |  ♝  |  ♚  |     |  ♝  |  ♞  |  ♜  |
  +-----+-----+-----+-----+-----+-----+-----+-----+
-> move of ♟ e7e5

     a     b     c     d     e     f     g     h     
  +-----+-----+-----+-----+-----+-----+-----+-----+
8 |  ♜  |  ♞  |  ♝  |     |  ♚  |  ♝  |     |  ♜  |
  +-----+-----+-----+-----+-----+-----+-----+-----+
7 |  ♟  |  ♟  |     |     |     |  ♟  |  ♟  |  ♟  |
  +-----+-----+-----+-----+-----+-----+-----+-----+
6 |     |  ♛  |  ♟  |     |     |     |     |     |
  +-----+-----+-----+-----+-----+-----+-----+-----+
5 |     |     |     |  ♟  |  ♟  |     |     |     |
  +-----+-----+-----+-----+-----+-----+-----+-----+
4 |     |     |  ♙  |  ♙  |  ♞  |  ♗  |     |     |
  +-----+-----+-----+-----+-----+-----+-----+-----+
3 |     |     |     |     |     |  ♙  |     |     |
  +-----+-----+-----+-----+-----+-----+-----+-----+
2 |  ♙  |  ♙  |  ♕  |     |  ♙  |     |  ♙  |  ♙  |
  +-----+-----+-----+-----+-----+-----+-----+-----+
1 |  ♖  |  ♘  |     |     |  ♔  |  ♗  |  ♘  |  ♖  |
  +-----+-----+-----+-----+-----+-----+-----+-----+
-> move of ♗ f4e5

     h     g     f     e     d     c     b     a     
  +-----+-----+-----+-----+-----+-----+-----+-----+
1 |  ♖  |  ♘  |  ♗  |  ♔  |     |     |  ♘  |  ♖  |
  +-----+-----+-----+-----+-----+-----+-----+-----+
2 |  ♙  |  ♙  |     |  ♙  |     |  ♕  |  ♙  |  ♙  |
  +-----+-----+-----+-----+-----+-----+-----+-----+
3 |     |     |  ♙  |     |     |     |     |     |
  +-----+-----+-----+-----+-----+-----+-----+-----+
4 |     |     |     |  ♞  |  ♙  |  ♙  |     |     |
  +-----+-----+-----+-----+-----+-----+-----+-----+
5 |     |     |     |  ♗  |  ♟  |     |     |     |
  +-----+-----+-----+-----+-----+-----+-----+-----+
6 |     |     |     |     |     |  ♟  |  ♛  |     |
  +-----+-----+-----+-----+-----+-----+-----+-----+
7 |  ♟  |  ♟  |  ♟  |     |     |     |  ♟  |  ♟  |
  +-----+-----+-----+-----+-----+-----+-----+-----+
8 |  ♜  |     |  ♝  |  ♚  |     |  ♝  |  ♞  |  ♜  |
  +-----+-----+-----+-----+-----+-----+-----+-----+
-> move of ♛ b6a5

     a     b     c     d     e     f     g     h     
  +-----+-----+-----+-----+-----+-----+-----+-----+
8 |  ♜  |  ♞  |  ♝  |     |  ♚  |  ♝  |     |  ♜  |
  +-----+-----+-----+-----+-----+-----+-----+-----+
7 |  ♟  |  ♟  |     |     |     |  ♟  |  ♟  |  ♟  |
  +-----+-----+-----+-----+-----+-----+-----+-----+
6 |     |     |  ♟  |     |     |     |     |     |
  +-----+-----+-----+-----+-----+-----+-----+-----+
5 |  ♛  |     |     |  ♟  |  ♗  |     |     |     |
  +-----+-----+-----+-----+-----+-----+-----+-----+
4 |     |     |  ♙  |  ♙  |  ♞  |     |     |     |
  +-----+-----+-----+-----+-----+-----+-----+-----+
3 |     |     |     |     |     |  ♙  |     |     |
  +-----+-----+-----+-----+-----+-----+-----+-----+
2 |  ♙  |  ♙  |  ♕  |     |  ♙  |     |  ♙  |  ♙  |
  +-----+-----+-----+-----+-----+-----+-----+-----+
1 |  ♖  |  ♘  |     |     |  ♔  |  ♗  |  ♘  |  ♖  |
  +-----+-----+-----+-----+-----+-----+-----+-----+
-> check
-> move of ♘ b1c3

     h     g     f     e     d     c     b     a     
  +-----+-----+-----+-----+-----+-----+-----+-----+
1 |  ♖  |  ♘  |  ♗  |  ♔  |     |     |     |  ♖  |
  +-----+-----+-----+-----+-----+-----+-----+-----+
2 |  ♙  |  ♙  |     |  ♙  |     |  ♕  |  ♙  |  ♙  |
  +-----+-----+-----+-----+-----+-----+-----+-----+
3 |     |     |  ♙  |     |     |  ♘  |     |     |
  +-----+-----+-----+-----+-----+-----+-----+-----+
4 |     |     |     |  ♞  |  ♙  |  ♙  |     |     |
  +-----+-----+-----+-----+-----+-----+-----+-----+
5 |     |     |     |  ♗  |  ♟  |     |     |  ♛  |
  +-----+-----+-----+-----+-----+-----+-----+-----+
6 |     |     |     |     |     |  ♟  |     |     |
  +-----+-----+-----+-----+-----+-----+-----+-----+
7 |  ♟  |  ♟  |  ♟  |     |     |     |  ♟  |  ♟  |
  +-----+-----+-----+-----+-----+-----+-----+-----+
8 |  ♜  |     |  ♝  |  ♚  |     |  ♝  |  ♞  |  ♜  |
  +-----+-----+-----+-----+-----+-----+-----+-----+
-> move of ♞ e4c3

     a     b     c     d     e     f     g     h     
  +-----+-----+-----+-----+-----+-----+-----+-----+
8 |  ♜  |  ♞  |  ♝  |     |  ♚  |  ♝  |     |  ♜  |
  +-----+-----+-----+-----+-----+-----+-----+-----+
7 |  ♟  |  ♟  |     |     |     |  ♟  |  ♟  |  ♟  |
  +-----+-----+-----+-----+-----+-----+-----+-----+
6 |     |     |  ♟  |     |     |     |     |     |
  +-----+-----+-----+-----+-----+-----+-----+-----+
5 |  ♛  |     |     |  ♟  |  ♗  |     |     |     |
  +-----+-----+-----+-----+-----+-----+-----+-----+
4 |     |     |  ♙  |  ♙  |     |     |     |     |
  +-----+-----+-----+-----+-----+-----+-----+-----+
3 |     |     |  ♞  |     |     |  ♙  |     |     |
  +-----+-----+-----+-----+-----+-----+-----+-----+
2 |  ♙  |  ♙  |  ♕  |     |  ♙  |     |  ♙  |  ♙  |
  +-----+-----+-----+-----+-----+-----+-----+-----+
1 |  ♖  |     |     |     |  ♔  |  ♗  |  ♘  |  ♖  |
  +-----+-----+-----+-----+-----+-----+-----+-----+
-> move of ♙ b2c3

     h     g     f     e     d     c     b     a     
  +-----+-----+-----+-----+-----+-----+-----+-----+
1 |  ♖  |  ♘  |  ♗  |  ♔  |     |     |     |  ♖  |
  +-----+-----+-----+-----+-----+-----+-----+-----+
2 |  ♙  |  ♙  |     |  ♙  |     |  ♕  |     |  ♙  |
  +-----+-----+-----+-----+-----+-----+-----+-----+
3 |     |     |  ♙  |     |     |  ♙  |     |     |
  +-----+-----+-----+-----+-----+-----+-----+-----+
4 |     |     |     |     |  ♙  |  ♙  |     |     |
  +-----+-----+-----+-----+-----+-----+-----+-----+
5 |     |     |     |  ♗  |  ♟  |     |     |  ♛  |
  +-----+-----+-----+-----+-----+-----+-----+-----+
6 |     |     |     |     |     |  ♟  |     |     |
  +-----+-----+-----+-----+-----+-----+-----+-----+
7 |  ♟  |  ♟  |  ♟  |     |     |     |  ♟  |  ♟  |
  +-----+-----+-----+-----+-----+-----+-----+-----+
8 |  ♜  |     |  ♝  |  ♚  |     |  ♝  |  ♞  |  ♜  |
  +-----+-----+-----+-----+-----+-----+-----+-----+
-> move of ♟ d5c4

     a     b     c     d     e     f     g     h     
  +-----+-----+-----+-----+-----+-----+-----+-----+
8 |  ♜  |  ♞  |  ♝  |     |  ♚  |  ♝  |     |  ♜  |
  +-----+-----+-----+-----+-----+-----+-----+-----+
7 |  ♟  |  ♟  |     |     |     |  ♟  |  ♟  |  ♟  |
  +-----+-----+-----+-----+-----+-----+-----+-----+
6 |     |     |  ♟  |     |     |     |     |     |
  +-----+-----+-----+-----+-----+-----+-----+-----+
5 |  ♛  |     |     |     |  ♗  |     |     |     |
  +-----+-----+-----+-----+-----+-----+-----+-----+
4 |     |     |  ♟  |  ♙  |     |     |     |     |
  +-----+-----+-----+-----+-----+-----+-----+-----+
3 |     |     |  ♙  |     |     |  ♙  |     |     |
  +-----+-----+-----+-----+-----+-----+-----+-----+
2 |  ♙  |     |  ♕  |     |  ♙  |     |  ♙  |  ♙  |
  +-----+-----+-----+-----+-----+-----+-----+-----+
1 |  ♖  |     |     |     |  ♔  |  ♗  |  ♘  |  ♖  |
  +-----+-----+-----+-----+-----+-----+-----+-----+
-> move of ♙ e2e4

     h     g     f     e     d     c     b     a     
  +-----+-----+-----+-----+-----+-----+-----+-----+
1 |  ♖  |  ♘  |  ♗  |  ♔  |     |     |     |  ♖  |
  +-----+-----+-----+-----+-----+-----+-----+-----+
2 |  ♙  |  ♙  |     |     |     |  ♕  |     |  ♙  |
  +-----+-----+-----+-----+-----+-----+-----+-----+
3 |     |     |  ♙  |     |     |  ♙  |     |     |
  +-----+-----+-----+-----+-----+-----+-----+-----+
4 |     |     |     |  ♙  |  ♙  |  ♟  |     |     |
  +-----+-----+-----+-----+-----+-----+-----+-----+
5 |     |     |     |  ♗  |     |     |     |  ♛  |
  +-----+-----+-----+-----+-----+-----+-----+-----+
6 |     |     |     |     |     |  ♟  |     |     |
  +-----+-----+-----+-----+-----+-----+-----+-----+
7 |  ♟  |  ♟  |  ♟  |     |     |     |  ♟  |  ♟  |
  +-----+-----+-----+-----+-----+-----+-----+-----+
8 |  ♜  |     |  ♝  |  ♚  |     |  ♝  |  ♞  |  ♜  |
  +-----+-----+-----+-----+-----+-----+-----+-----+
-> move of ♟ b7b5

     a     b     c     d     e     f     g     h     
  +-----+-----+-----+-----+-----+-----+-----+-----+
8 |  ♜  |  ♞  |  ♝  |     |  ♚  |  ♝  |     |  ♜  |
  +-----+-----+-----+-----+-----+-----+-----+-----+
7 |  ♟  |     |     |     |     |  ♟  |  ♟  |  ♟  |
  +-----+-----+-----+-----+-----+-----+-----+-----+
6 |     |     |  ♟  |     |     |     |     |     |
  +-----+-----+-----+-----+-----+-----+-----+-----+
5 |  ♛  |  ♟  |     |     |  ♗  |     |     |     |
  +-----+-----+-----+-----+-----+-----+-----+-----+
4 |     |     |  ♟  |  ♙  |  ♙  |     |     |     |
  +-----+-----+-----+-----+-----+-----+-----+-----+
3 |     |     |  ♙  |     |     |  ♙  |     |     |
  +-----+-----+-----+-----+-----+-----+-----+-----+
2 |  ♙  |     |  ♕  |     |     |     |  ♙  |  ♙  |
  +-----+-----+-----+-----+-----+-----+-----+-----+
1 |  ♖  |     |     |     |  ♔  |  ♗  |  ♘  |  ♖  |
  +-----+-----+-----+-----+-----+-----+-----+-----+
-> move of ♘ g1e2

     h     g     f     e     d     c     b     a     
  +-----+-----+-----+-----+-----+-----+-----+-----+
1 |  ♖  |     |  ♗  |  ♔  |     |     |     |  ♖  |
  +-----+-----+-----+-----+-----+-----+-----+-----+
2 |  ♙  |  ♙  |     |  ♘  |     |  ♕  |     |  ♙  |
  +-----+-----+-----+-----+-----+-----+-----+-----+
3 |     |     |  ♙  |     |     |  ♙  |     |     |
  +-----+-----+-----+-----+-----+-----+-----+-----+
4 |     |     |     |  ♙  |  ♙  |  ♟  |     |     |
  +-----+-----+-----+-----+-----+-----+-----+-----+
5 |     |     |     |  ♗  |     |     |  ♟  |  ♛  |
  +-----+-----+-----+-----+-----+-----+-----+-----+
6 |     |     |     |     |     |  ♟  |     |     |
  +-----+-----+-----+-----+-----+-----+-----+-----+
7 |  ♟  |  ♟  |  ♟  |     |     |     |     |  ♟  |
  +-----+-----+-----+-----+-----+-----+-----+-----+
8 |  ♜  |     |  ♝  |  ♚  |     |  ♝  |  ♞  |  ♜  |
  +-----+-----+-----+-----+-----+-----+-----+-----+
-> move of ♟ b5b4

     a     b     c     d     e     f     g     h     
  +-----+-----+-----+-----+-----+-----+-----+-----+
8 |  ♜  |  ♞  |  ♝  |     |  ♚  |  ♝  |     |  ♜  |
  +-----+-----+-----+-----+-----+-----+-----+-----+
7 |  ♟  |     |     |     |     |  ♟  |  ♟  |  ♟  |
  +-----+-----+-----+-----+-----+-----+-----+-----+
6 |     |     |  ♟  |     |     |     |     |     |
  +-----+-----+-----+-----+-----+-----+-----+-----+
5 |  ♛  |     |     |     |  ♗  |     |     |     |
  +-----+-----+-----+-----+-----+-----+-----+-----+
4 |     |  ♟  |  ♟  |  ♙  |  ♙  |     |     |     |
  +-----+-----+-----+-----+-----+-----+-----+-----+
3 |     |     |  ♙  |     |     |  ♙  |     |     |
  +-----+-----+-----+-----+-----+-----+-----+-----+
2 |  ♙  |     |  ♕  |     |  ♘  |     |  ♙  |  ♙  |
  +-----+-----+-----+-----+-----+-----+-----+-----+
1 |  ♖  |     |     |     |  ♔  |  ♗  |     |  ♖  |
  +-----+-----+-----+-----+-----+-----+-----+-----+
-> move of ♗ e5f4

     h     g     f     e     d     c     b     a     
  +-----+-----+-----+-----+-----+-----+-----+-----+
1 |  ♖  |     |  ♗  |  ♔  |     |     |     |  ♖  |
  +-----+-----+-----+-----+-----+-----+-----+-----+
2 |  ♙  |  ♙  |     |  ♘  |     |  ♕  |     |  ♙  |
  +-----+-----+-----+-----+-----+-----+-----+-----+
3 |     |     |  ♙  |     |     |  ♙  |     |     |
  +-----+-----+-----+-----+-----+-----+-----+-----+
4 |     |     |  ♗  |  ♙  |  ♙  |  ♟  |  ♟  |     |
  +-----+-----+-----+-----+-----+-----+-----+-----+
5 |     |     |     |     |     |     |     |  ♛  |
  +-----+-----+-----+-----+-----+-----+-----+-----+
6 |     |     |     |     |     |  ♟  |     |     |
  +-----+-----+-----+-----+-----+-----+-----+-----+
7 |  ♟  |  ♟  |  ♟  |     |     |     |     |  ♟  |
  +-----+-----+-----+-----+-----+-----+-----+-----+
8 |  ♜  |     |  ♝  |  ♚  |     |  ♝  |  ♞  |  ♜  |
  +-----+-----+-----+-----+-----+-----+-----+-----+
-> move of ♞ b8a6

     a     b     c     d     e     f     g     h     
  +-----+-----+-----+-----+-----+-----+-----+-----+
8 |  ♜  |     |  ♝  |     |  ♚  |  ♝  |     |  ♜  |
  +-----+-----+-----+-----+-----+-----+-----+-----+
7 |  ♟  |     |     |     |     |  ♟  |  ♟  |  ♟  |
  +-----+-----+-----+-----+-----+-----+-----+-----+
6 |  ♞  |     |  ♟  |     |     |     |     |     |
  +-----+-----+-----+-----+-----+-----+-----+-----+
5 |  ♛  |     |     |     |     |     |     |     |
  +-----+-----+-----+-----+-----+-----+-----+-----+
4 |     |  ♟  |  ♟  |  ♙  |  ♙  |  ♗  |     |     |
  +-----+-----+-----+-----+-----+-----+-----+-----+
3 |     |     |  ♙  |     |     |  ♙  |     |     |
  +-----+-----+-----+-----+-----+-----+-----+-----+
2 |  ♙  |     |  ♕  |     |  ♘  |     |  ♙  |  ♙  |
  +-----+-----+-----+-----+-----+-----+-----+-----+
1 |  ♖  |     |     |     |  ♔  |  ♗  |     |  ♖  |
  +-----+-----+-----+-----+-----+-----+-----+-----+
-> move of ♔ e1f2

     h     g     f     e     d     c     b     a     
  +-----+-----+-----+-----+-----+-----+-----+-----+
1 |  ♖  |     |  ♗  |     |     |     |     |  ♖  |
  +-----+-----+-----+-----+-----+-----+-----+-----+
2 |  ♙  |  ♙  |  ♔  |  ♘  |     |  ♕  |     |  ♙  |
  +-----+-----+-----+-----+-----+-----+-----+-----+
3 |     |     |  ♙  |     |     |  ♙  |     |     |
  +-----+-----+-----+-----+-----+-----+-----+-----+
4 |     |     |  ♗  |  ♙  |  ♙  |  ♟  |  ♟  |     |
  +-----+-----+-----+-----+-----+-----+-----+-----+
5 |     |     |     |     |     |     |     |  ♛  |
  +-----+-----+-----+-----+-----+-----+-----+-----+
6 |     |     |     |     |     |  ♟  |     |  ♞  |
  +-----+-----+-----+-----+-----+-----+-----+-----+
7 |  ♟  |  ♟  |  ♟  |     |     |     |     |  ♟  |
  +-----+-----+-----+-----+-----+-----+-----+-----+
8 |  ♜  |     |  ♝  |  ♚  |     |  ♝  |     |  ♜  |
  +-----+-----+-----+-----+-----+-----+-----+-----+
-> move of ♝ f8e7

     a     b     c     d     e     f     g     h     
  +-----+-----+-----+-----+-----+-----+-----+-----+
8 |  ♜  |     |  ♝  |     |  ♚  |     |     |  ♜  |
  +-----+-----+-----+-----+-----+-----+-----+-----+
7 |  ♟  |     |     |     |  ♝  |  ♟  |  ♟  |  ♟  |
  +-----+-----+-----+-----+-----+-----+-----+-----+
6 |  ♞  |     |  ♟  |     |     |     |     |     |
  +-----+-----+-----+-----+-----+-----+-----+-----+
5 |  ♛  |     |     |     |     |     |     |     |
  +-----+-----+-----+-----+-----+-----+-----+-----+
4 |     |  ♟  |  ♟  |  ♙  |  ♙  |  ♗  |     |     |
  +-----+-----+-----+-----+-----+-----+-----+-----+
3 |     |     |  ♙  |     |     |  ♙  |     |     |
  +-----+-----+-----+-----+-----+-----+-----+-----+
2 |  ♙  |     |  ♕  |     |  ♘  |  ♔  |  ♙  |  ♙  |
  +-----+-----+-----+-----+-----+-----+-----+-----+
1 |  ♖  |     |     |     |     |  ♗  |     |  ♖  |
  +-----+-----+-----+-----+-----+-----+-----+-----+
-> move of ♘ e2g3

     h     g     f     e     d     c     b     a     
  +-----+-----+-----+-----+-----+-----+-----+-----+
1 |  ♖  |     |  ♗  |     |     |     |     |  ♖  |
  +-----+-----+-----+-----+-----+-----+-----+-----+
2 |  ♙  |  ♙  |  ♔  |     |     |  ♕  |     |  ♙  |
  +-----+-----+-----+-----+-----+-----+-----+-----+
3 |     |  ♘  |  ♙  |     |     |  ♙  |     |     |
  +-----+-----+-----+-----+-----+-----+-----+-----+
4 |     |     |  ♗  |  ♙  |  ♙  |  ♟  |  ♟  |     |
  +-----+-----+-----+-----+-----+-----+-----+-----+
5 |     |     |     |     |     |     |     |  ♛  |
  +-----+-----+-----+-----+-----+-----+-----+-----+
6 |     |     |     |     |     |  ♟  |     |  ♞  |
  +-----+-----+-----+-----+-----+-----+-----+-----+
7 |  ♟  |  ♟  |  ♟  |  ♝  |     |     |     |  ♟  |
  +-----+-----+-----+-----+-----+-----+-----+-----+
8 |  ♜  |     |     |  ♚  |     |  ♝  |     |  ♜  |
  +-----+-----+-----+-----+-----+-----+-----+-----+
-> move of ♝ c8e6

     a     b     c     d     e     f     g     h     
  +-----+-----+-----+-----+-----+-----+-----+-----+
8 |  ♜  |     |     |     |  ♚  |     |     |  ♜  |
  +-----+-----+-----+-----+-----+-----+-----+-----+
7 |  ♟  |     |     |     |  ♝  |  ♟  |  ♟  |  ♟  |
  +-----+-----+-----+-----+-----+-----+-----+-----+
6 |  ♞  |     |  ♟  |     |  ♝  |     |     |     |
  +-----+-----+-----+-----+-----+-----+-----+-----+
5 |  ♛  |     |     |     |     |     |     |     |
  +-----+-----+-----+-----+-----+-----+-----+-----+
4 |     |  ♟  |  ♟  |  ♙  |  ♙  |  ♗  |     |     |
  +-----+-----+-----+-----+-----+-----+-----+-----+
3 |     |     |  ♙  |     |     |  ♙  |  ♘  |     |
  +-----+-----+-----+-----+-----+-----+-----+-----+
2 |  ♙  |     |  ♕  |     |     |  ♔  |  ♙  |  ♙  |
  +-----+-----+-----+-----+-----+-----+-----+-----+
1 |  ♖  |     |     |     |     |  ♗  |     |  ♖  |
  +-----+-----+-----+-----+-----+-----+-----+-----+
-> move of ♘ g3f5

     h     g     f     e     d     c     b     a     
  +-----+-----+-----+-----+-----+-----+-----+-----+
1 |  ♖  |     |  ♗  |     |     |     |     |  ♖  |
  +-----+-----+-----+-----+-----+-----+-----+-----+
2 |  ♙  |  ♙  |  ♔  |     |     |  ♕  |     |  ♙  |
  +-----+-----+-----+-----+-----+-----+-----+-----+
3 |     |     |  ♙  |     |     |  ♙  |     |     |
  +-----+-----+-----+-----+-----+-----+-----+-----+
4 |     |     |  ♗  |  ♙  |  ♙  |  ♟  |  ♟  |     |
  +-----+-----+-----+-----+-----+-----+-----+-----+
5 |     |     |  ♘  |     |     |     |     |  ♛  |
  +-----+-----+-----+-----+-----+-----+-----+-----+
6 |     |     |     |  ♝  |     |  ♟  |     |  ♞  |
  +-----+-----+-----+-----+-----+-----+-----+-----+
7 |  ♟  |  ♟  |  ♟  |  ♝  |     |     |     |  ♟  |
  +-----+-----+-----+-----+-----+-----+-----+-----+
8 |  ♜  |     |     |  ♚  |     |     |     |  ♜  |
  +-----+-----+-----+-----+-----+-----+-----+-----+
-> move of ♝ e6f5

     a     b     c     d     e     f     g     h     
  +-----+-----+-----+-----+-----+-----+-----+-----+
8 |  ♜  |     |     |     |  ♚  |     |     |  ♜  |
  +-----+-----+-----+-----+-----+-----+-----+-----+
7 |  ♟  |     |     |     |  ♝  |  ♟  |  ♟  |  ♟  |
  +-----+-----+-----+-----+-----+-----+-----+-----+
6 |  ♞  |     |  ♟  |     |     |     |     |     |
  +-----+-----+-----+-----+-----+-----+-----+-----+
5 |  ♛  |     |     |     |     |  ♝  |     |     |
  +-----+-----+-----+-----+-----+-----+-----+-----+
4 |     |  ♟  |  ♟  |  ♙  |  ♙  |  ♗  |     |     |
  +-----+-----+-----+-----+-----+-----+-----+-----+
3 |     |     |  ♙  |     |     |  ♙  |     |     |
  +-----+-----+-----+-----+-----+-----+-----+-----+
2 |  ♙  |     |  ♕  |     |     |  ♔  |  ♙  |  ♙  |
  +-----+-----+-----+-----+-----+-----+-----+-----+
1 |  ♖  |     |     |     |     |  ♗  |     |  ♖  |
  +-----+-----+-----+-----+-----+-----+-----+-----+
-> move of ♙ e4f5

     h     g     f     e     d     c     b     a     
  +-----+-----+-----+-----+-----+-----+-----+-----+
1 |  ♖  |     |  ♗  |     |     |     |     |  ♖  |
  +-----+-----+-----+-----+-----+-----+-----+-----+
2 |  ♙  |  ♙  |  ♔  |     |     |  ♕  |     |  ♙  |
  +-----+-----+-----+-----+-----+-----+-----+-----+
3 |     |     |  ♙  |     |     |  ♙  |     |     |
  +-----+-----+-----+-----+-----+-----+-----+-----+
4 |     |     |  ♗  |     |  ♙  |  ♟  |  ♟  |     |
  +-----+-----+-----+-----+-----+-----+-----+-----+
5 |     |     |  ♙  |     |     |     |     |  ♛  |
  +-----+-----+-----+-----+-----+-----+-----+-----+
6 |     |     |     |     |     |  ♟  |     |  ♞  |
  +-----+-----+-----+-----+-----+-----+-----+-----+
7 |  ♟  |  ♟  |  ♟  |  ♝  |     |     |     |  ♟  |
  +-----+-----+-----+-----+-----+-----+-----+-----+
8 |  ♜  |     |     |  ♚  |     |     |     |  ♜  |
  +-----+-----+-----+-----+-----+-----+-----+-----+
-> castling O-O

     a     b     c     d     e     f     g     h     
  +-----+-----+-----+-----+-----+-----+-----+-----+
8 |  ♜  |     |     |     |     |  ♜  |  ♚  |     |
  +-----+-----+-----+-----+-----+-----+-----+-----+
7 |  ♟  |     |     |     |  ♝  |  ♟  |  ♟  |  ♟  |
  +-----+-----+-----+-----+-----+-----+-----+-----+
6 |  ♞  |     |  ♟  |     |     |     |     |     |
  +-----+-----+-----+-----+-----+-----+-----+-----+
5 |  ♛  |     |     |     |     |  ♙  |     |     |
  +-----+-----+-----+-----+-----+-----+-----+-----+
4 |     |  ♟  |  ♟  |  ♙  |     |  ♗  |     |     |
  +-----+-----+-----+-----+-----+-----+-----+-----+
3 |     |     |  ♙  |     |     |  ♙  |     |     |
  +-----+-----+-----+-----+-----+-----+-----+-----+
2 |  ♙  |     |  ♕  |     |     |  ♔  |  ♙  |  ♙  |
  +-----+-----+-----+-----+-----+-----+-----+-----+
1 |  ♖  |     |     |     |     |  ♗  |     |  ♖  |
  +-----+-----+-----+-----+-----+-----+-----+-----+
-> move of ♗ f1c4

     h     g     f     e     d     c     b     a     
  +-----+-----+-----+-----+-----+-----+-----+-----+
1 |  ♖  |     |     |     |     |     |     |  ♖  |
  +-----+-----+-----+-----+-----+-----+-----+-----+
2 |  ♙  |  ♙  |  ♔  |     |     |  ♕  |     |  ♙  |
  +-----+-----+-----+-----+-----+-----+-----+-----+
3 |     |     |  ♙  |     |     |  ♙  |     |     |
  +-----+-----+-----+-----+-----+-----+-----+-----+
4 |     |     |  ♗  |     |  ♙  |  ♗  |  ♟  |     |
  +-----+-----+-----+-----+-----+-----+-----+-----+
5 |     |     |  ♙  |     |     |     |     |  ♛  |
  +-----+-----+-----+-----+-----+-----+-----+-----+
6 |     |     |     |     |     |  ♟  |     |  ♞  |
  +-----+-----+-----+-----+-----+-----+-----+-----+
7 |  ♟  |  ♟  |  ♟  |  ♝  |     |     |     |  ♟  |
  +-----+-----+-----+-----+-----+-----+-----+-----+
8 |     |  ♚  |  ♜  |     |     |     |     |  ♜  |
  +-----+-----+-----+-----+-----+-----+-----+-----+
-> move of ♝ e7f6

     a     b     c     d     e     f     g     h     
  +-----+-----+-----+-----+-----+-----+-----+-----+
8 |  ♜  |     |     |     |     |  ♜  |  ♚  |     |
  +-----+-----+-----+-----+-----+-----+-----+-----+
7 |  ♟  |     |     |     |     |  ♟  |  ♟  |  ♟  |
  +-----+-----+-----+-----+-----+-----+-----+-----+
6 |  ♞  |     |  ♟  |     |     |  ♝  |     |     |
  +-----+-----+-----+-----+-----+-----+-----+-----+
5 |  ♛  |     |     |     |     |  ♙  |     |     |
  +-----+-----+-----+-----+-----+-----+-----+-----+
4 |     |  ♟  |  ♗  |  ♙  |     |  ♗  |     |     |
  +-----+-----+-----+-----+-----+-----+-----+-----+
3 |     |     |  ♙  |     |     |  ♙  |     |     |
  +-----+-----+-----+-----+-----+-----+-----+-----+
2 |  ♙  |     |  ♕  |     |     |  ♔  |  ♙  |  ♙  |
  +-----+-----+-----+-----+-----+-----+-----+-----+
1 |  ♖  |     |     |     |     |     |     |  ♖  |
  +-----+-----+-----+-----+-----+-----+-----+-----+
-> move of ♖ h1e1

     h     g     f     e     d     c     b     a     
  +-----+-----+-----+-----+-----+-----+-----+-----+
1 |     |     |     |  ♖  |     |     |     |  ♖  |
  +-----+-----+-----+-----+-----+-----+-----+-----+
2 |  ♙  |  ♙  |  ♔  |     |     |  ♕  |     |  ♙  |
  +-----+-----+-----+-----+-----+-----+-----+-----+
3 |     |     |  ♙  |     |     |  ♙  |     |     |
  +-----+-----+-----+-----+-----+-----+-----+-----+
4 |     |     |  ♗  |     |  ♙  |  ♗  |  ♟  |     |
  +-----+-----+-----+-----+-----+-----+-----+-----+
5 |     |     |  ♙  |     |     |     |     |  ♛  |
  +-----+-----+-----+-----+-----+-----+-----+-----+
6 |     |     |  ♝  |     |     |  ♟  |     |  ♞  |
  +-----+-----+-----+-----+-----+-----+-----+-----+
7 |  ♟  |  ♟  |  ♟  |     |     |     |     |  ♟  |
  +-----+-----+-----+-----+-----+-----+-----+-----+
8 |     |  ♚  |  ♜  |     |     |     |     |  ♜  |
  +-----+-----+-----+-----+-----+-----+-----+-----+
-> move of ♟ b4c3

     a     b     c     d     e     f     g     h     
  +-----+-----+-----+-----+-----+-----+-----+-----+
8 |  ♜  |     |     |     |     |  ♜  |  ♚  |     |
  +-----+-----+-----+-----+-----+-----+-----+-----+
7 |  ♟  |     |     |     |     |  ♟  |  ♟  |  ♟  |
  +-----+-----+-----+-----+-----+-----+-----+-----+
6 |  ♞  |     |  ♟  |     |     |  ♝  |     |     |
  +-----+-----+-----+-----+-----+-----+-----+-----+
5 |  ♛  |     |     |     |     |  ♙  |     |     |
  +-----+-----+-----+-----+-----+-----+-----+-----+
4 |     |     |  ♗  |  ♙  |     |  ♗  |     |     |
  +-----+-----+-----+-----+-----+-----+-----+-----+
3 |     |     |  ♟  |     |     |  ♙  |     |     |
  +-----+-----+-----+-----+-----+-----+-----+-----+
2 |  ♙  |     |  ♕  |     |     |  ♔  |  ♙  |  ♙  |
  +-----+-----+-----+-----+-----+-----+-----+-----+
1 |  ♖  |     |     |     |  ♖  |     |     |     |
  +-----+-----+-----+-----+-----+-----+-----+-----+
-> move of ♗ f4e5

     h     g     f     e     d     c     b     a     
  +-----+-----+-----+-----+-----+-----+-----+-----+
1 |     |     |     |  ♖  |     |     |     |  ♖  |
  +-----+-----+-----+-----+-----+-----+-----+-----+
2 |  ♙  |  ♙  |  ♔  |     |     |  ♕  |     |  ♙  |
  +-----+-----+-----+-----+-----+-----+-----+-----+
3 |     |     |  ♙  |     |     |  ♟  |     |     |
  +-----+-----+-----+-----+-----+-----+-----+-----+
4 |     |     |     |     |  ♙  |  ♗  |     |     |
  +-----+-----+-----+-----+-----+-----+-----+-----+
5 |     |     |  ♙  |  ♗  |     |     |     |  ♛  |
  +-----+-----+-----+-----+-----+-----+-----+-----+
6 |     |     |  ♝  |     |     |  ♟  |     |  ♞  |
  +-----+-----+-----+-----+-----+-----+-----+-----+
7 |  ♟  |  ♟  |  ♟  |     |     |     |     |  ♟  |
  +-----+-----+-----+-----+-----+-----+-----+-----+
8 |     |  ♚  |  ♜  |     |     |     |     |  ♜  |
  +-----+-----+-----+-----+-----+-----+-----+-----+
-> move of ♝ f6e5

     a     b     c     d     e     f     g     h     
  +-----+-----+-----+-----+-----+-----+-----+-----+
8 |  ♜  |     |     |     |     |  ♜  |  ♚  |     |
  +-----+-----+-----+-----+-----+-----+-----+-----+
7 |  ♟  |     |     |     |     |  ♟  |  ♟  |  ♟  |
  +-----+-----+-----+-----+-----+-----+-----+-----+
6 |  ♞  |     |  ♟  |     |     |     |     |     |
  +-----+-----+-----+-----+-----+-----+-----+-----+
5 |  ♛  |     |     |     |  ♝  |  ♙  |     |     |
  +-----+-----+-----+-----+-----+-----+-----+-----+
4 |     |     |  ♗  |  ♙  |     |     |     |     |
  +-----+-----+-----+-----+-----+-----+-----+-----+
3 |     |     |  ♟  |     |     |  ♙  |     |     |
  +-----+-----+-----+-----+-----+-----+-----+-----+
2 |  ♙  |     |  ♕  |     |     |  ♔  |  ♙  |  ♙  |
  +-----+-----+-----+-----+-----+-----+-----+-----+
1 |  ♖  |     |     |     |  ♖  |     |     |     |
  +-----+-----+-----+-----+-----+-----+-----+-----+
-> move of ♖ e1e5

     h     g     f     e     d     c     b     a     
  +-----+-----+-----+-----+-----+-----+-----+-----+
1 |     |     |     |     |     |     |     |  ♖  |
  +-----+-----+-----+-----+-----+-----+-----+-----+
2 |  ♙  |  ♙  |  ♔  |     |     |  ♕  |     |  ♙  |
  +-----+-----+-----+-----+-----+-----+-----+-----+
3 |     |     |  ♙  |     |     |  ♟  |     |     |
  +-----+-----+-----+-----+-----+-----+-----+-----+
4 |     |     |     |     |  ♙  |  ♗  |     |     |
  +-----+-----+-----+-----+-----+-----+-----+-----+
5 |     |     |  ♙  |  ♖  |     |     |     |  ♛  |
  +-----+-----+-----+-----+-----+-----+-----+-----+
6 |     |     |     |     |     |  ♟  |     |  ♞  |
  +-----+-----+-----+-----+-----+-----+-----+-----+
7 |  ♟  |  ♟  |  ♟  |     |     |     |     |  ♟  |
  +-----+-----+-----+-----+-----+-----+-----+-----+
8 |     |  ♚  |  ♜  |     |     |     |     |  ♜  |
  +-----+-----+-----+-----+-----+-----+-----+-----+
-> move of ♛ a5a3

     a     b     c     d     e     f     g     h     
  +-----+-----+-----+-----+-----+-----+-----+-----+
8 |  ♜  |     |     |     |     |  ♜  |  ♚  |     |
  +-----+-----+-----+-----+-----+-----+-----+-----+
7 |  ♟  |     |     |     |     |  ♟  |  ♟  |  ♟  |
  +-----+-----+-----+-----+-----+-----+-----+-----+
6 |  ♞  |     |  ♟  |     |     |     |     |     |
  +-----+-----+-----+-----+-----+-----+-----+-----+
5 |     |     |     |     |  ♖  |  ♙  |     |     |
  +-----+-----+-----+-----+-----+-----+-----+-----+
4 |     |     |  ♗  |  ♙  |     |     |     |     |
  +-----+-----+-----+-----+-----+-----+-----+-----+
3 |  ♛  |     |  ♟  |     |     |  ♙  |     |     |
  +-----+-----+-----+-----+-----+-----+-----+-----+
2 |  ♙  |     |  ♕  |     |     |  ♔  |  ♙  |  ♙  |
  +-----+-----+-----+-----+-----+-----+-----+-----+
1 |  ♖  |     |     |     |     |     |     |     |
  +-----+-----+-----+-----+-----+-----+-----+-----+
-> move of ♖ a1c1

     h     g     f     e     d     c     b     a     
  +-----+-----+-----+-----+-----+-----+-----+-----+
1 |     |     |     |     |     |  ♖  |     |     |
  +-----+-----+-----+-----+-----+-----+-----+-----+
2 |  ♙  |  ♙  |  ♔  |     |     |  ♕  |     |  ♙  |
  +-----+-----+-----+-----+-----+-----+-----+-----+
3 |     |     |  ♙  |     |     |  ♟  |     |  ♛  |
  +-----+-----+-----+-----+-----+-----+-----+-----+
4 |     |     |     |     |  ♙  |  ♗  |     |     |
  +-----+-----+-----+-----+-----+-----+-----+-----+
5 |     |     |  ♙  |  ♖  |     |     |     |     |
  +-----+-----+-----+-----+-----+-----+-----+-----+
6 |     |     |     |     |     |  ♟  |     |  ♞  |
  +-----+-----+-----+-----+-----+-----+-----+-----+
7 |  ♟  |  ♟  |  ♟  |     |     |     |     |  ♟  |
  +-----+-----+-----+-----+-----+-----+-----+-----+
8 |     |  ♚  |  ♜  |     |     |     |     |  ♜  |
  +-----+-----+-----+-----+-----+-----+-----+-----+
-> move of ♞ a6c7

     a     b     c     d     e     f     g     h     
  +-----+-----+-----+-----+-----+-----+-----+-----+
8 |  ♜  |     |     |     |     |  ♜  |  ♚  |     |
  +-----+-----+-----+-----+-----+-----+-----+-----+
7 |  ♟  |     |  ♞  |     |     |  ♟  |  ♟  |  ♟  |
  +-----+-----+-----+-----+-----+-----+-----+-----+
6 |     |     |  ♟  |     |     |     |     |     |
  +-----+-----+-----+-----+-----+-----+-----+-----+
5 |     |     |     |     |  ♖  |  ♙  |     |     |
  +-----+-----+-----+-----+-----+-----+-----+-----+
4 |     |     |  ♗  |  ♙  |     |     |     |     |
  +-----+-----+-----+-----+-----+-----+-----+-----+
3 |  ♛  |     |  ♟  |     |     |  ♙  |     |     |
  +-----+-----+-----+-----+-----+-----+-----+-----+
2 |  ♙  |     |  ♕  |     |     |  ♔  |  ♙  |  ♙  |
  +-----+-----+-----+-----+-----+-----+-----+-----+
1 |     |     |  ♖  |     |     |     |     |     |
  +-----+-----+-----+-----+-----+-----+-----+-----+
-> move of ♕ c2c3

     h     g     f     e     d     c     b     a     
  +-----+-----+-----+-----+-----+-----+-----+-----+
1 |     |     |     |     |     |  ♖  |     |     |
  +-----+-----+-----+-----+-----+-----+-----+-----+
2 |  ♙  |  ♙  |  ♔  |     |     |     |     |  ♙  |
  +-----+-----+-----+-----+-----+-----+-----+-----+
3 |     |     |  ♙  |     |     |  ♕  |     |  ♛  |
  +-----+-----+-----+-----+-----+-----+-----+-----+
4 |     |     |     |     |  ♙  |  ♗  |     |     |
  +-----+-----+-----+-----+-----+-----+-----+-----+
5 |     |     |  ♙  |  ♖  |     |     |     |     |
  +-----+-----+-----+-----+-----+-----+-----+-----+
6 |     |     |     |     |     |  ♟  |     |     |
  +-----+-----+-----+-----+-----+-----+-----+-----+
7 |  ♟  |  ♟  |  ♟  |     |     |  ♞  |     |  ♟  |
  +-----+-----+-----+-----+-----+-----+-----+-----+
8 |     |  ♚  |  ♜  |     |     |     |     |  ♜  |
  +-----+-----+-----+-----+-----+-----+-----+-----+
-> move of ♛ a3d6

     a     b     c     d     e     f     g     h     
  +-----+-----+-----+-----+-----+-----+-----+-----+
8 |  ♜  |     |     |     |     |  ♜  |  ♚  |     |
  +-----+-----+-----+-----+-----+-----+-----+-----+
7 |  ♟  |     |  ♞  |     |     |  ♟  |  ♟  |  ♟  |
  +-----+-----+-----+-----+-----+-----+-----+-----+
6 |     |     |  ♟  |  ♛  |     |     |     |     |
  +-----+-----+-----+-----+-----+-----+-----+-----+
5 |     |     |     |     |  ♖  |  ♙  |     |     |
  +-----+-----+-----+-----+-----+-----+-----+-----+
4 |     |     |  ♗  |  ♙  |     |     |     |     |
  +-----+-----+-----+-----+-----+-----+-----+-----+
3 |     |     |  ♕  |     |     |  ♙  |     |     |
  +-----+-----+-----+-----+-----+-----+-----+-----+
2 |  ♙  |     |     |     |     |  ♔  |  ♙  |  ♙  |
  +-----+-----+-----+-----+-----+-----+-----+-----+
1 |     |     |  ♖  |     |     |     |     |     |
  +-----+-----+-----+-----+-----+-----+-----+-----+
-> move of ♔ f2g1

     h     g     f     e     d     c     b     a     
  +-----+-----+-----+-----+-----+-----+-----+-----+
1 |     |  ♔  |     |     |     |  ♖  |     |     |
  +-----+-----+-----+-----+-----+-----+-----+-----+
2 |  ♙  |  ♙  |     |     |     |     |     |  ♙  |
  +-----+-----+-----+-----+-----+-----+-----+-----+
3 |     |     |  ♙  |     |     |  ♕  |     |     |
  +-----+-----+-----+-----+-----+-----+-----+-----+
4 |     |     |     |     |  ♙  |  ♗  |     |     |
  +-----+-----+-----+-----+-----+-----+-----+-----+
5 |     |     |  ♙  |  ♖  |     |     |     |     |
  +-----+-----+-----+-----+-----+-----+-----+-----+
6 |     |     |     |     |  ♛  |  ♟  |     |     |
  +-----+-----+-----+-----+-----+-----+-----+-----+
7 |  ♟  |  ♟  |  ♟  |     |     |  ♞  |     |  ♟  |
  +-----+-----+-----+-----+-----+-----+-----+-----+
8 |     |  ♚  |  ♜  |     |     |     |     |  ♜  |
  +-----+-----+-----+-----+-----+-----+-----+-----+
-> move of ♜ a8d8

     a     b     c     d     e     f     g     h     
  +-----+-----+-----+-----+-----+-----+-----+-----+
8 |     |     |     |  ♜  |     |  ♜  |  ♚  |     |
  +-----+-----+-----+-----+-----+-----+-----+-----+
7 |  ♟  |     |  ♞  |     |     |  ♟  |  ♟  |  ♟  |
  +-----+-----+-----+-----+-----+-----+-----+-----+
6 |     |     |  ♟  |  ♛  |     |     |     |     |
  +-----+-----+-----+-----+-----+-----+-----+-----+
5 |     |     |     |     |  ♖  |  ♙  |     |     |
  +-----+-----+-----+-----+-----+-----+-----+-----+
4 |     |     |  ♗  |  ♙  |     |     |     |     |
  +-----+-----+-----+-----+-----+-----+-----+-----+
3 |     |     |  ♕  |     |     |  ♙  |     |     |
  +-----+-----+-----+-----+-----+-----+-----+-----+
2 |  ♙  |     |     |     |     |     |  ♙  |  ♙  |
  +-----+-----+-----+-----+-----+-----+-----+-----+
1 |     |     |  ♖  |     |     |     |  ♔  |     |
  +-----+-----+-----+-----+-----+-----+-----+-----+
-> move of ♙ a2a4

     h     g     f     e     d     c     b     a     
  +-----+-----+-----+-----+-----+-----+-----+-----+
1 |     |  ♔  |     |     |     |  ♖  |     |     |
  +-----+-----+-----+-----+-----+-----+-----+-----+
2 |  ♙  |  ♙  |     |     |     |     |     |     |
  +-----+-----+-----+-----+-----+-----+-----+-----+
3 |     |     |  ♙  |     |     |  ♕  |     |     |
  +-----+-----+-----+-----+-----+-----+-----+-----+
4 |     |     |     |     |  ♙  |  ♗  |     |  ♙  |
  +-----+-----+-----+-----+-----+-----+-----+-----+
5 |     |     |  ♙  |  ♖  |     |     |     |     |
  +-----+-----+-----+-----+-----+-----+-----+-----+
6 |     |     |     |     |  ♛  |  ♟  |     |     |
  +-----+-----+-----+-----+-----+-----+-----+-----+
7 |  ♟  |  ♟  |  ♟  |     |     |  ♞  |     |  ♟  |
  +-----+-----+-----+-----+-----+-----+-----+-----+
8 |     |  ♚  |  ♜  |     |  ♜  |     |     |     |
  +-----+-----+-----+-----+-----+-----+-----+-----+
-> move of ♞ c7d5

     a     b     c     d     e     f     g     h     
  +-----+-----+-----+-----+-----+-----+-----+-----+
8 |     |     |     |  ♜  |     |  ♜  |  ♚  |     |
  +-----+-----+-----+-----+-----+-----+-----+-----+
7 |  ♟  |     |     |     |     |  ♟  |  ♟  |  ♟  |
  +-----+-----+-----+-----+-----+-----+-----+-----+
6 |     |     |  ♟  |  ♛  |     |     |     |     |
  +-----+-----+-----+-----+-----+-----+-----+-----+
5 |     |     |     |  ♞  |  ♖  |  ♙  |     |     |
  +-----+-----+-----+-----+-----+-----+-----+-----+
4 |  ♙  |     |  ♗  |  ♙  |     |     |     |     |
  +-----+-----+-----+-----+-----+-----+-----+-----+
3 |     |     |  ♕  |     |     |  ♙  |     |     |
  +-----+-----+-----+-----+-----+-----+-----+-----+
2 |     |     |     |     |     |     |  ♙  |  ♙  |
  +-----+-----+-----+-----+-----+-----+-----+-----+
1 |     |     |  ♖  |     |     |     |  ♔  |     |
  +-----+-----+-----+-----+-----+-----+-----+-----+
-> move of ♗ c4d5

     h     g     f     e     d     c     b     a     
  +-----+-----+-----+-----+-----+-----+-----+-----+
1 |     |  ♔  |     |     |     |  ♖  |     |     |
  +-----+-----+-----+-----+-----+-----+-----+-----+
2 |  ♙  |  ♙  |     |     |     |     |     |     |
  +-----+-----+-----+-----+-----+-----+-----+-----+
3 |     |     |  ♙  |     |     |  ♕  |     |     |
  +-----+-----+-----+-----+-----+-----+-----+-----+
4 |     |     |     |     |  ♙  |     |     |  ♙  |
  +-----+-----+-----+-----+-----+-----+-----+-----+
5 |     |     |  ♙  |  ♖  |  ♗  |     |     |     |
  +-----+-----+-----+-----+-----+-----+-----+-----+
6 |     |     |     |     |  ♛  |  ♟  |     |     |
  +-----+-----+-----+-----+-----+-----+-----+-----+
7 |  ♟  |  ♟  |  ♟  |     |     |     |     |  ♟  |
  +-----+-----+-----+-----+-----+-----+-----+-----+
8 |     |  ♚  |  ♜  |     |  ♜  |     |     |     |
  +-----+-----+-----+-----+-----+-----+-----+-----+
-> move of ♟ c6d5

     a     b     c     d     e     f     g     h     
  +-----+-----+-----+-----+-----+-----+-----+-----+
8 |     |     |     |  ♜  |     |  ♜  |  ♚  |     |
  +-----+-----+-----+-----+-----+-----+-----+-----+
7 |  ♟  |     |     |     |     |  ♟  |  ♟  |  ♟  |
  +-----+-----+-----+-----+-----+-----+-----+-----+
6 |     |     |     |  ♛  |     |     |     |     |
  +-----+-----+-----+-----+-----+-----+-----+-----+
5 |     |     |     |  ♟  |  ♖  |  ♙  |     |     |
  +-----+-----+-----+-----+-----+-----+-----+-----+
4 |  ♙  |     |     |  ♙  |     |     |     |     |
  +-----+-----+-----+-----+-----+-----+-----+-----+
3 |     |     |  ♕  |     |     |  ♙  |     |     |
  +-----+-----+-----+-----+-----+-----+-----+-----+
2 |     |     |     |     |     |     |  ♙  |  ♙  |
  +-----+-----+-----+-----+-----+-----+-----+-----+
1 |     |     |  ♖  |     |     |     |  ♔  |     |
  +-----+-----+-----+-----+-----+-----+-----+-----+
-> move of ♕ c3c5

     h     g     f     e     d     c     b     a     
  +-----+-----+-----+-----+-----+-----+-----+-----+
1 |     |  ♔  |     |     |     |  ♖  |     |     |
  +-----+-----+-----+-----+-----+-----+-----+-----+
2 |  ♙  |  ♙  |     |     |     |     |     |     |
  +-----+-----+-----+-----+-----+-----+-----+-----+
3 |     |     |  ♙  |     |     |     |     |     |
  +-----+-----+-----+-----+-----+-----+-----+-----+
4 |     |     |     |     |  ♙  |     |     |  ♙  |
  +-----+-----+-----+-----+-----+-----+-----+-----+
5 |     |     |  ♙  |  ♖  |  ♟  |  ♕  |     |     |
  +-----+-----+-----+-----+-----+-----+-----+-----+
6 |     |     |     |     |  ♛  |     |     |     |
  +-----+-----+-----+-----+-----+-----+-----+-----+
7 |  ♟  |  ♟  |  ♟  |     |     |     |     |  ♟  |
  +-----+-----+-----+-----+-----+-----+-----+-----+
8 |     |  ♚  |  ♜  |     |  ♜  |     |     |     |
  +-----+-----+-----+-----+-----+-----+-----+-----+
-> move of ♛ d6a6

     a     b     c     d     e     f     g     h     
  +-----+-----+-----+-----+-----+-----+-----+-----+
8 |     |     |     |  ♜  |     |  ♜  |  ♚  |     |
  +-----+-----+-----+-----+-----+-----+-----+-----+
7 |  ♟  |     |     |     |     |  ♟  |  ♟  |  ♟  |
  +-----+-----+-----+-----+-----+-----+-----+-----+
6 |  ♛  |     |     |     |     |     |     |     |
  +-----+-----+-----+-----+-----+-----+-----+-----+
5 |     |     |  ♕  |  ♟  |  ♖  |  ♙  |     |     |
  +-----+-----+-----+-----+-----+-----+-----+-----+
4 |  ♙  |     |     |  ♙  |     |     |     |     |
  +-----+-----+-----+-----+-----+-----+-----+-----+
3 |     |     |     |     |     |  ♙  |     |     |
  +-----+-----+-----+-----+-----+-----+-----+-----+
2 |     |     |     |     |     |     |  ♙  |  ♙  |
  +-----+-----+-----+-----+-----+-----+-----+-----+
1 |     |     |  ♖  |     |     |     |  ♔  |     |
  +-----+-----+-----+-----+-----+-----+-----+-----+
-> move of ♕ c5b5

     h     g     f     e     d     c     b     a     
  +-----+-----+-----+-----+-----+-----+-----+-----+
1 |     |  ♔  |     |     |     |  ♖  |     |     |
  +-----+-----+-----+-----+-----+-----+-----+-----+
2 |  ♙  |  ♙  |     |     |     |     |     |     |
  +-----+-----+-----+-----+-----+-----+-----+-----+
3 |     |     |  ♙  |     |     |     |     |     |
  +-----+-----+-----+-----+-----+-----+-----+-----+
4 |     |     |     |     |  ♙  |     |     |  ♙  |
  +-----+-----+-----+-----+-----+-----+-----+-----+
5 |     |     |  ♙  |  ♖  |  ♟  |     |  ♕  |     |
  +-----+-----+-----+-----+-----+-----+-----+-----+
6 |     |     |     |     |     |     |     |  ♛  |
  +-----+-----+-----+-----+-----+-----+-----+-----+
7 |  ♟  |  ♟  |  ♟  |     |     |     |     |  ♟  |
  +-----+-----+-----+-----+-----+-----+-----+-----+
8 |     |  ♚  |  ♜  |     |  ♜  |     |     |     |
  +-----+-----+-----+-----+-----+-----+-----+-----+
-> move of ♛ a6b6

     a     b     c     d     e     f     g     h     
  +-----+-----+-----+-----+-----+-----+-----+-----+
8 |     |     |     |  ♜  |     |  ♜  |  ♚  |     |
  +-----+-----+-----+-----+-----+-----+-----+-----+
7 |  ♟  |     |     |     |     |  ♟  |  ♟  |  ♟  |
  +-----+-----+-----+-----+-----+-----+-----+-----+
6 |     |  ♛  |     |     |     |     |     |     |
  +-----+-----+-----+-----+-----+-----+-----+-----+
5 |     |  ♕  |     |  ♟  |  ♖  |  ♙  |     |     |
  +-----+-----+-----+-----+-----+-----+-----+-----+
4 |  ♙  |     |     |  ♙  |     |     |     |     |
  +-----+-----+-----+-----+-----+-----+-----+-----+
3 |     |     |     |     |     |  ♙  |     |     |
  +-----+-----+-----+-----+-----+-----+-----+-----+
2 |     |     |     |     |     |     |  ♙  |  ♙  |
  +-----+-----+-----+-----+-----+-----+-----+-----+
1 |     |     |  ♖  |     |     |     |  ♔  |     |
  +-----+-----+-----+-----+-----+-----+-----+-----+
-> move of ♖ c1d1

     h     g     f     e     d     c     b     a     
  +-----+-----+-----+-----+-----+-----+-----+-----+
1 |     |  ♔  |     |     |  ♖  |     |     |     |
  +-----+-----+-----+-----+-----+-----+-----+-----+
2 |  ♙  |  ♙  |     |     |     |     |     |     |
  +-----+-----+-----+-----+-----+-----+-----+-----+
3 |     |     |  ♙  |     |     |     |     |     |
  +-----+-----+-----+-----+-----+-----+-----+-----+
4 |     |     |     |     |  ♙  |     |     |  ♙  |
  +-----+-----+-----+-----+-----+-----+-----+-----+
5 |     |     |  ♙  |  ♖  |  ♟  |     |  ♕  |     |
  +-----+-----+-----+-----+-----+-----+-----+-----+
6 |     |     |     |     |     |     |  ♛  |     |
  +-----+-----+-----+-----+-----+-----+-----+-----+
7 |  ♟  |  ♟  |  ♟  |     |     |     |     |  ♟  |
  +-----+-----+-----+-----+-----+-----+-----+-----+
8 |     |  ♚  |  ♜  |     |  ♜  |     |     |     |
  +-----+-----+-----+-----+-----+-----+-----+-----+
-> move of ♛ b6d6

     a     b     c     d     e     f     g     h     
  +-----+-----+-----+-----+-----+-----+-----+-----+
8 |     |     |     |  ♜  |     |  ♜  |  ♚  |     |
  +-----+-----+-----+-----+-----+-----+-----+-----+
7 |  ♟  |     |     |     |     |  ♟  |  ♟  |  ♟  |
  +-----+-----+-----+-----+-----+-----+-----+-----+
6 |     |     |     |  ♛  |     |     |     |     |
  +-----+-----+-----+-----+-----+-----+-----+-----+
5 |     |  ♕  |     |  ♟  |  ♖  |  ♙  |     |     |
  +-----+-----+-----+-----+-----+-----+-----+-----+
4 |  ♙  |     |     |  ♙  |     |     |     |     |
  +-----+-----+-----+-----+-----+-----+-----+-----+
3 |     |     |     |     |     |  ♙  |     |     |
  +-----+-----+-----+-----+-----+-----+-----+-----+
2 |     |     |     |     |     |     |  ♙  |  ♙  |
  +-----+-----+-----+-----+-----+-----+-----+-----+
1 |     |     |     |  ♖  |     |     |  ♔  |     |
  +-----+-----+-----+-----+-----+-----+-----+-----+
-> move of ♖ d1e1

     h     g     f     e     d     c     b     a     
  +-----+-----+-----+-----+-----+-----+-----+-----+
1 |     |  ♔  |     |  ♖  |     |     |     |     |
  +-----+-----+-----+-----+-----+-----+-----+-----+
2 |  ♙  |  ♙  |     |     |     |     |     |     |
  +-----+-----+-----+-----+-----+-----+-----+-----+
3 |     |     |  ♙  |     |     |     |     |     |
  +-----+-----+-----+-----+-----+-----+-----+-----+
4 |     |     |     |     |  ♙  |     |     |  ♙  |
  +-----+-----+-----+-----+-----+-----+-----+-----+
5 |     |     |  ♙  |  ♖  |  ♟  |     |  ♕  |     |
  +-----+-----+-----+-----+-----+-----+-----+-----+
6 |     |     |     |     |  ♛  |     |     |     |
  +-----+-----+-----+-----+-----+-----+-----+-----+
7 |  ♟  |  ♟  |  ♟  |     |     |     |     |  ♟  |
  +-----+-----+-----+-----+-----+-----+-----+-----+
8 |     |  ♚  |  ♜  |     |  ♜  |     |     |     |
  +-----+-----+-----+-----+-----+-----+-----+-----+
-> move of ♛ d6a3

     a     b     c     d     e     f     g     h     
  +-----+-----+-----+-----+-----+-----+-----+-----+
8 |     |     |     |  ♜  |     |  ♜  |  ♚  |     |
  +-----+-----+-----+-----+-----+-----+-----+-----+
7 |  ♟  |     |     |     |     |  ♟  |  ♟  |  ♟  |
  +-----+-----+-----+-----+-----+-----+-----+-----+
6 |     |     |     |     |     |     |     |     |
  +-----+-----+-----+-----+-----+-----+-----+-----+
5 |     |  ♕  |     |  ♟  |  ♖  |  ♙  |     |     |
  +-----+-----+-----+-----+-----+-----+-----+-----+
4 |  ♙  |     |     |  ♙  |     |     |     |     |
  +-----+-----+-----+-----+-----+-----+-----+-----+
3 |  ♛  |     |     |     |     |  ♙  |     |     |
  +-----+-----+-----+-----+-----+-----+-----+-----+
2 |     |     |     |     |     |     |  ♙  |  ♙  |
  +-----+-----+-----+-----+-----+-----+-----+-----+
1 |     |     |     |     |  ♖  |     |  ♔  |     |
  +-----+-----+-----+-----+-----+-----+-----+-----+
-> move of ♕ b5a5

     h     g     f     e     d     c     b     a     
  +-----+-----+-----+-----+-----+-----+-----+-----+
1 |     |  ♔  |     |  ♖  |     |     |     |     |
  +-----+-----+-----+-----+-----+-----+-----+-----+
2 |  ♙  |  ♙  |     |     |     |     |     |     |
  +-----+-----+-----+-----+-----+-----+-----+-----+
3 |     |     |  ♙  |     |     |     |     |  ♛  |
  +-----+-----+-----+-----+-----+-----+-----+-----+
4 |     |     |     |     |  ♙  |     |     |  ♙  |
  +-----+-----+-----+-----+-----+-----+-----+-----+
5 |     |     |  ♙  |  ♖  |  ♟  |     |     |  ♕  |
  +-----+-----+-----+-----+-----+-----+-----+-----+
6 |     |     |     |     |     |     |     |     |
  +-----+-----+-----+-----+-----+-----+-----+-----+
7 |  ♟  |  ♟  |  ♟  |     |     |     |     |  ♟  |
  +-----+-----+-----+-----+-----+-----+-----+-----+
8 |     |  ♚  |  ♜  |     |  ♜  |     |     |     |
  +-----+-----+-----+-----+-----+-----+-----+-----+
-> move of ♜ d8d7

     a     b     c     d     e     f     g     h     
  +-----+-----+-----+-----+-----+-----+-----+-----+
8 |     |     |     |     |     |  ♜  |  ♚  |     |
  +-----+-----+-----+-----+-----+-----+-----+-----+
7 |  ♟  |     |     |  ♜  |     |  ♟  |  ♟  |  ♟  |
  +-----+-----+-----+-----+-----+-----+-----+-----+
6 |     |     |     |     |     |     |     |     |
  +-----+-----+-----+-----+-----+-----+-----+-----+
5 |  ♕  |     |     |  ♟  |  ♖  |  ♙  |     |     |
  +-----+-----+-----+-----+-----+-----+-----+-----+
4 |  ♙  |     |     |  ♙  |     |     |     |     |
  +-----+-----+-----+-----+-----+-----+-----+-----+
3 |  ♛  |     |     |     |     |  ♙  |     |     |
  +-----+-----+-----+-----+-----+-----+-----+-----+
2 |     |     |     |     |     |     |  ♙  |  ♙  |
  +-----+-----+-----+-----+-----+-----+-----+-----+
1 |     |     |     |     |  ♖  |     |  ♔  |     |
  +-----+-----+-----+-----+-----+-----+-----+-----+
-> move of ♕ a5b5

     h     g     f     e     d     c     b     a     
  +-----+-----+-----+-----+-----+-----+-----+-----+
1 |     |  ♔  |     |  ♖  |     |     |     |     |
  +-----+-----+-----+-----+-----+-----+-----+-----+
2 |  ♙  |  ♙  |     |     |     |     |     |     |
  +-----+-----+-----+-----+-----+-----+-----+-----+
3 |     |     |  ♙  |     |     |     |     |  ♛  |
  +-----+-----+-----+-----+-----+-----+-----+-----+
4 |     |     |     |     |  ♙  |     |     |  ♙  |
  +-----+-----+-----+-----+-----+-----+-----+-----+
5 |     |     |  ♙  |  ♖  |  ♟  |     |  ♕  |     |
  +-----+-----+-----+-----+-----+-----+-----+-----+
6 |     |     |     |     |     |     |     |     |
  +-----+-----+-----+-----+-----+-----+-----+-----+
7 |  ♟  |  ♟  |  ♟  |     |  ♜  |     |     |  ♟  |
  +-----+-----+-----+-----+-----+-----+-----+-----+
8 |     |  ♚  |  ♜  |     |     |     |     |     |
  +-----+-----+-----+-----+-----+-----+-----+-----+
-> move of ♛ a3d6

     a     b     c     d     e     f     g     h     
  +-----+-----+-----+-----+-----+-----+-----+-----+
8 |     |     |     |     |     |  ♜  |  ♚  |     |
  +-----+-----+-----+-----+-----+-----+-----+-----+
7 |  ♟  |     |     |  ♜  |     |  ♟  |  ♟  |  ♟  |
  +-----+-----+-----+-----+-----+-----+-----+-----+
6 |     |     |     |  ♛  |     |     |     |     |
  +-----+-----+-----+-----+-----+-----+-----+-----+
5 |     |  ♕  |     |  ♟  |  ♖  |  ♙  |     |     |
  +-----+-----+-----+-----+-----+-----+-----+-----+
4 |  ♙  |     |     |  ♙  |     |     |     |     |
  +-----+-----+-----+-----+-----+-----+-----+-----+
3 |     |     |     |     |     |  ♙  |     |     |
  +-----+-----+-----+-----+-----+-----+-----+-----+
2 |     |     |     |     |     |     |  ♙  |  ♙  |
  +-----+-----+-----+-----+-----+-----+-----+-----+
1 |     |     |     |     |  ♖  |     |  ♔  |     |
  +-----+-----+-----+-----+-----+-----+-----+-----+
-> move of ♖ e1c1

     h     g     f     e     d     c     b     a     
  +-----+-----+-----+-----+-----+-----+-----+-----+
1 |     |  ♔  |     |     |     |  ♖  |     |     |
  +-----+-----+-----+-----+-----+-----+-----+-----+
2 |  ♙  |  ♙  |     |     |     |     |     |     |
  +-----+-----+-----+-----+-----+-----+-----+-----+
3 |     |     |  ♙  |     |     |     |     |     |
  +-----+-----+-----+-----+-----+-----+-----+-----+
4 |     |     |     |     |  ♙  |     |     |  ♙  |
  +-----+-----+-----+-----+-----+-----+-----+-----+
5 |     |     |  ♙  |  ♖  |  ♟  |     |  ♕  |     |
  +-----+-----+-----+-----+-----+-----+-----+-----+
6 |     |     |     |     |  ♛  |     |     |     |
  +-----+-----+-----+-----+-----+-----+-----+-----+
7 |  ♟  |  ♟  |  ♟  |     |  ♜  |     |     |  ♟  |
  +-----+-----+-----+-----+-----+-----+-----+-----+
8 |     |  ♚  |  ♜  |     |     |     |     |     |
  +-----+-----+-----+-----+-----+-----+-----+-----+
-> move of ♟ h7h6

     a     b     c     d     e     f     g     h     
  +-----+-----+-----+-----+-----+-----+-----+-----+
8 |     |     |     |     |     |  ♜  |  ♚  |     |
  +-----+-----+-----+-----+-----+-----+-----+-----+
7 |  ♟  |     |     |  ♜  |     |  ♟  |  ♟  |     |
  +-----+-----+-----+-----+-----+-----+-----+-----+
6 |     |     |     |  ♛  |     |     |     |  ♟  |
  +-----+-----+-----+-----+-----+-----+-----+-----+
5 |     |  ♕  |     |  ♟  |  ♖  |  ♙  |     |     |
  +-----+-----+-----+-----+-----+-----+-----+-----+
4 |  ♙  |     |     |  ♙  |     |     |     |     |
  +-----+-----+-----+-----+-----+-----+-----+-----+
3 |     |     |     |     |     |  ♙  |     |     |
  +-----+-----+-----+-----+-----+-----+-----+-----+
2 |     |     |     |     |     |     |  ♙  |  ♙  |
  +-----+-----+-----+-----+-----+-----+-----+-----+
1 |     |     |  ♖  |     |     |     |  ♔  |     |
  +-----+-----+-----+-----+-----+-----+-----+-----+
-> move of ♕ b5c5

     h     g     f     e     d     c     b     a     
  +-----+-----+-----+-----+-----+-----+-----+-----+
1 |     |  ♔  |     |     |     |  ♖  |     |     |
  +-----+-----+-----+-----+-----+-----+-----+-----+
2 |  ♙  |  ♙  |     |     |     |     |     |     |
  +-----+-----+-----+-----+-----+-----+-----+-----+
3 |     |     |  ♙  |     |     |     |     |     |
  +-----+-----+-----+-----+-----+-----+-----+-----+
4 |     |     |     |     |  ♙  |     |     |  ♙  |
  +-----+-----+-----+-----+-----+-----+-----+-----+
5 |     |     |  ♙  |  ♖  |  ♟  |  ♕  |     |     |
  +-----+-----+-----+-----+-----+-----+-----+-----+
6 |  ♟  |     |     |     |  ♛  |     |     |     |
  +-----+-----+-----+-----+-----+-----+-----+-----+
7 |     |  ♟  |  ♟  |     |  ♜  |     |     |  ♟  |
  +-----+-----+-----+-----+-----+-----+-----+-----+
8 |     |  ♚  |  ♜  |     |     |     |     |     |
  +-----+-----+-----+-----+-----+-----+-----+-----+
-> move of ♛ d6a6

     a     b     c     d     e     f     g     h     
  +-----+-----+-----+-----+-----+-----+-----+-----+
8 |     |     |     |     |     |  ♜  |  ♚  |     |
  +-----+-----+-----+-----+-----+-----+-----+-----+
7 |  ♟  |     |     |  ♜  |     |  ♟  |  ♟  |     |
  +-----+-----+-----+-----+-----+-----+-----+-----+
6 |  ♛  |     |     |     |     |     |     |  ♟  |
  +-----+-----+-----+-----+-----+-----+-----+-----+
5 |     |     |  ♕  |  ♟  |  ♖  |  ♙  |     |     |
  +-----+-----+-----+-----+-----+-----+-----+-----+
4 |  ♙  |     |     |  ♙  |     |     |     |     |
  +-----+-----+-----+-----+-----+-----+-----+-----+
3 |     |     |     |     |     |  ♙  |     |     |
  +-----+-----+-----+-----+-----+-----+-----+-----+
2 |     |     |     |     |     |     |  ♙  |  ♙  |
  +-----+-----+-----+-----+-----+-----+-----+-----+
1 |     |     |  ♖  |     |     |     |  ♔  |     |
  +-----+-----+-----+-----+-----+-----+-----+-----+
-> move of ♕ c5b5

     h     g     f     e     d     c     b     a     
  +-----+-----+-----+-----+-----+-----+-----+-----+
1 |     |  ♔  |     |     |     |  ♖  |     |     |
  +-----+-----+-----+-----+-----+-----+-----+-----+
2 |  ♙  |  ♙  |     |     |     |     |     |     |
  +-----+-----+-----+-----+-----+-----+-----+-----+
3 |     |     |  ♙  |     |     |     |     |     |
  +-----+-----+-----+-----+-----+-----+-----+-----+
4 |     |     |     |     |  ♙  |     |     |  ♙  |
  +-----+-----+-----+-----+-----+-----+-----+-----+
5 |     |     |  ♙  |  ♖  |  ♟  |     |  ♕  |     |
  +-----+-----+-----+-----+-----+-----+-----+-----+
6 |  ♟  |     |     |     |     |     |     |  ♛  |
  +-----+-----+-----+-----+-----+-----+-----+-----+
7 |     |  ♟  |  ♟  |     |  ♜  |     |     |  ♟  |
  +-----+-----+-----+-----+-----+-----+-----+-----+
8 |     |  ♚  |  ♜  |     |     |     |     |     |
  +-----+-----+-----+-----+-----+-----+-----+-----+
-> move of ♛ a6d6

     a     b     c     d     e     f     g     h     
  +-----+-----+-----+-----+-----+-----+-----+-----+
8 |     |     |     |     |     |  ♜  |  ♚  |     |
  +-----+-----+-----+-----+-----+-----+-----+-----+
7 |  ♟  |     |     |  ♜  |     |  ♟  |  ♟  |     |
  +-----+-----+-----+-----+-----+-----+-----+-----+
6 |     |     |     |  ♛  |     |     |     |  ♟  |
  +-----+-----+-----+-----+-----+-----+-----+-----+
5 |     |  ♕  |     |  ♟  |  ♖  |  ♙  |     |     |
  +-----+-----+-----+-----+-----+-----+-----+-----+
4 |  ♙  |     |     |  ♙  |     |     |     |     |
  +-----+-----+-----+-----+-----+-----+-----+-----+
3 |     |     |     |     |     |  ♙  |     |     |
  +-----+-----+-----+-----+-----+-----+-----+-----+
2 |     |     |     |     |     |     |  ♙  |  ♙  |
  +-----+-----+-----+-----+-----+-----+-----+-----+
1 |     |     |  ♖  |     |     |     |  ♔  |     |
  +-----+-----+-----+-----+-----+-----+-----+-----+
-> move of ♙ h2h4

     h     g     f     e     d     c     b     a     
  +-----+-----+-----+-----+-----+-----+-----+-----+
1 |     |  ♔  |     |     |     |  ♖  |     |     |
  +-----+-----+-----+-----+-----+-----+-----+-----+
2 |     |  ♙  |     |     |     |     |     |     |
  +-----+-----+-----+-----+-----+-----+-----+-----+
3 |     |     |  ♙  |     |     |     |     |     |
  +-----+-----+-----+-----+-----+-----+-----+-----+
4 |  ♙  |     |     |     |  ♙  |     |     |  ♙  |
  +-----+-----+-----+-----+-----+-----+-----+-----+
5 |     |     |  ♙  |  ♖  |  ♟  |     |  ♕  |     |
  +-----+-----+-----+-----+-----+-----+-----+-----+
6 |  ♟  |     |     |     |  ♛  |     |     |     |
  +-----+-----+-----+-----+-----+-----+-----+-----+
7 |     |  ♟  |  ♟  |     |  ♜  |     |     |  ♟  |
  +-----+-----+-----+-----+-----+-----+-----+-----+
8 |     |  ♚  |  ♜  |     |     |     |     |     |
  +-----+-----+-----+-----+-----+-----+-----+-----+
-> move of ♜ f8d8

     a     b     c     d     e     f     g     h     
  +-----+-----+-----+-----+-----+-----+-----+-----+
8 |     |     |     |  ♜  |     |     |  ♚  |     |
  +-----+-----+-----+-----+-----+-----+-----+-----+
7 |  ♟  |     |     |  ♜  |     |  ♟  |  ♟  |     |
  +-----+-----+-----+-----+-----+-----+-----+-----+
6 |     |     |     |  ♛  |     |     |     |  ♟  |
  +-----+-----+-----+-----+-----+-----+-----+-----+
5 |     |  ♕  |     |  ♟  |  ♖  |  ♙  |     |     |
  +-----+-----+-----+-----+-----+-----+-----+-----+
4 |  ♙  |     |     |  ♙  |     |     |     |  ♙  |
  +-----+-----+-----+-----+-----+-----+-----+-----+
3 |     |     |     |     |     |  ♙  |     |     |
  +-----+-----+-----+-----+-----+-----+-----+-----+
2 |     |     |     |     |     |     |  ♙  |     |
  +-----+-----+-----+-----+-----+-----+-----+-----+
1 |     |     |  ♖  |     |     |     |  ♔  |     |
  +-----+-----+-----+-----+-----+-----+-----+-----+
-> move of ♖ c1c5

     h     g     f     e     d     c     b     a     
  +-----+-----+-----+-----+-----+-----+-----+-----+
1 |     |  ♔  |     |     |     |     |     |     |
  +-----+-----+-----+-----+-----+-----+-----+-----+
2 |     |  ♙  |     |     |     |     |     |     |
  +-----+-----+-----+-----+-----+-----+-----+-----+
3 |     |     |  ♙  |     |     |     |     |     |
  +-----+-----+-----+-----+-----+-----+-----+-----+
4 |  ♙  |     |     |     |  ♙  |     |     |  ♙  |
  +-----+-----+-----+-----+-----+-----+-----+-----+
5 |     |     |  ♙  |  ♖  |  ♟  |  ♖  |  ♕  |     |
  +-----+-----+-----+-----+-----+-----+-----+-----+
6 |  ♟  |     |     |     |  ♛  |     |     |     |
  +-----+-----+-----+-----+-----+-----+-----+-----+
7 |     |  ♟  |  ♟  |     |  ♜  |     |     |  ♟  |
  +-----+-----+-----+-----+-----+-----+-----+-----+
8 |     |  ♚  |     |     |  ♜  |     |     |     |
  +-----+-----+-----+-----+-----+-----+-----+-----+
-> move of ♛ d6b6

     a     b     c     d     e     f     g     h     
  +-----+-----+-----+-----+-----+-----+-----+-----+
8 |     |     |     |  ♜  |     |     |  ♚  |     |
  +-----+-----+-----+-----+-----+-----+-----+-----+
7 |  ♟  |     |     |  ♜  |     |  ♟  |  ♟  |     |
  +-----+-----+-----+-----+-----+-----+-----+-----+
6 |     |  ♛  |     |     |     |     |     |  ♟  |
  +-----+-----+-----+-----+-----+-----+-----+-----+
5 |     |  ♕  |  ♖  |  ♟  |  ♖  |  ♙  |     |     |
  +-----+-----+-----+-----+-----+-----+-----+-----+
4 |  ♙  |     |     |  ♙  |     |     |     |  ♙  |
  +-----+-----+-----+-----+-----+-----+-----+-----+
3 |     |     |     |     |     |  ♙  |     |     |
  +-----+-----+-----+-----+-----+-----+-----+-----+
2 |     |     |     |     |     |     |  ♙  |     |
  +-----+-----+-----+-----+-----+-----+-----+-----+
1 |     |     |     |     |     |     |  ♔  |     |
  +-----+-----+-----+-----+-----+-----+-----+-----+
-> move of ♔ g1h2

     h     g     f     e     d     c     b     a     
  +-----+-----+-----+-----+-----+-----+-----+-----+
1 |     |     |     |     |     |     |     |     |
  +-----+-----+-----+-----+-----+-----+-----+-----+
2 |  ♔  |  ♙  |     |     |     |     |     |     |
  +-----+-----+-----+-----+-----+-----+-----+-----+
3 |     |     |  ♙  |     |     |     |     |     |
  +-----+-----+-----+-----+-----+-----+-----+-----+
4 |  ♙  |     |     |     |  ♙  |     |     |  ♙  |
  +-----+-----+-----+-----+-----+-----+-----+-----+
5 |     |     |  ♙  |  ♖  |  ♟  |  ♖  |  ♕  |     |
  +-----+-----+-----+-----+-----+-----+-----+-----+
6 |  ♟  |     |     |     |     |     |  ♛  |     |
  +-----+-----+-----+-----+-----+-----+-----+-----+
7 |     |  ♟  |  ♟  |     |  ♜  |     |     |  ♟  |
  +-----+-----+-----+-----+-----+-----+-----+-----+
8 |     |  ♚  |     |     |  ♜  |     |     |     |
  +-----+-----+-----+-----+-----+-----+-----+-----+
-> move of ♛ b6f6

     a     b     c     d     e     f     g     h     
  +-----+-----+-----+-----+-----+-----+-----+-----+
8 |     |     |     |  ♜  |     |     |  ♚  |     |
  +-----+-----+-----+-----+-----+-----+-----+-----+
7 |  ♟  |     |     |  ♜  |     |  ♟  |  ♟  |     |
  +-----+-----+-----+-----+-----+-----+-----+-----+
6 |     |     |     |     |     |  ♛  |     |  ♟  |
  +-----+-----+-----+-----+-----+-----+-----+-----+
5 |     |  ♕  |  ♖  |  ♟  |  ♖  |  ♙  |     |     |
  +-----+-----+-----+-----+-----+-----+-----+-----+
4 |  ♙  |     |     |  ♙  |     |     |     |  ♙  |
  +-----+-----+-----+-----+-----+-----+-----+-----+
3 |     |     |     |     |     |  ♙  |     |     |
  +-----+-----+-----+-----+-----+-----+-----+-----+
2 |     |     |     |     |     |     |  ♙  |  ♔  |
  +-----+-----+-----+-----+-----+-----+-----+-----+
1 |     |     |     |     |     |     |     |     |
  +-----+-----+-----+-----+-----+-----+-----+-----+
-> move of ♔ h2g3

     h     g     f     e     d     c     b     a     
  +-----+-----+-----+-----+-----+-----+-----+-----+
1 |     |     |     |     |     |     |     |     |
  +-----+-----+-----+-----+-----+-----+-----+-----+
2 |     |  ♙  |     |     |     |     |     |     |
  +-----+-----+-----+-----+-----+-----+-----+-----+
3 |     |  ♔  |  ♙  |     |     |     |     |     |
  +-----+-----+-----+-----+-----+-----+-----+-----+
4 |  ♙  |     |     |     |  ♙  |     |     |  ♙  |
  +-----+-----+-----+-----+-----+-----+-----+-----+
5 |     |     |  ♙  |  ♖  |  ♟  |  ♖  |  ♕  |     |
  +-----+-----+-----+-----+-----+-----+-----+-----+
6 |  ♟  |     |  ♛  |     |     |     |     |     |
  +-----+-----+-----+-----+-----+-----+-----+-----+
7 |     |  ♟  |  ♟  |     |  ♜  |     |     |  ♟  |
  +-----+-----+-----+-----+-----+-----+-----+-----+
8 |     |  ♚  |     |     |  ♜  |     |     |     |
  +-----+-----+-----+-----+-----+-----+-----+-----+
-> move of ♟ a7a6

     a     b     c     d     e     f     g     h     
  +-----+-----+-----+-----+-----+-----+-----+-----+
8 |     |     |     |  ♜  |     |     |  ♚  |     |
  +-----+-----+-----+-----+-----+-----+-----+-----+
7 |     |     |     |  ♜  |     |  ♟  |  ♟  |     |
  +-----+-----+-----+-----+-----+-----+-----+-----+
6 |  ♟  |     |     |     |     |  ♛  |     |  ♟  |
  +-----+-----+-----+-----+-----+-----+-----+-----+
5 |     |  ♕  |  ♖  |  ♟  |  ♖  |  ♙  |     |     |
  +-----+-----+-----+-----+-----+-----+-----+-----+
4 |  ♙  |     |     |  ♙  |     |     |     |  ♙  |
  +-----+-----+-----+-----+-----+-----+-----+-----+
3 |     |     |     |     |     |  ♙  |  ♔  |     |
  +-----+-----+-----+-----+-----+-----+-----+-----+
2 |     |     |     |     |     |     |  ♙  |     |
  +-----+-----+-----+-----+-----+-----+-----+-----+
1 |     |     |     |     |     |     |     |     |
  +-----+-----+-----+-----+-----+-----+-----+-----+
-> move of ♕ b5c6

     h     g     f     e     d     c     b     a     
  +-----+-----+-----+-----+-----+-----+-----+-----+
1 |     |     |     |     |     |     |     |     |
  +-----+-----+-----+-----+-----+-----+-----+-----+
2 |     |  ♙  |     |     |     |     |     |     |
  +-----+-----+-----+-----+-----+-----+-----+-----+
3 |     |  ♔  |  ♙  |     |     |     |     |     |
  +-----+-----+-----+-----+-----+-----+-----+-----+
4 |  ♙  |     |     |     |  ♙  |     |     |  ♙  |
  +-----+-----+-----+-----+-----+-----+-----+-----+
5 |     |     |  ♙  |  ♖  |  ♟  |  ♖  |     |     |
  +-----+-----+-----+-----+-----+-----+-----+-----+
6 |  ♟  |     |  ♛  |     |     |  ♕  |     |  ♟  |
  +-----+-----+-----+-----+-----+-----+-----+-----+
7 |     |  ♟  |  ♟  |     |  ♜  |     |     |     |
  +-----+-----+-----+-----+-----+-----+-----+-----+
8 |     |  ♚  |     |     |  ♜  |     |     |     |
  +-----+-----+-----+-----+-----+-----+-----+-----+
-> move of ♜ d7d6

     a     b     c     d     e     f     g     h     
  +-----+-----+-----+-----+-----+-----+-----+-----+
8 |     |     |     |  ♜  |     |     |  ♚  |     |
  +-----+-----+-----+-----+-----+-----+-----+-----+
7 |     |     |     |     |     |  ♟  |  ♟  |     |
  +-----+-----+-----+-----+-----+-----+-----+-----+
6 |  ♟  |     |  ♕  |  ♜  |     |  ♛  |     |  ♟  |
  +-----+-----+-----+-----+-----+-----+-----+-----+
5 |     |     |  ♖  |  ♟  |  ♖  |  ♙  |     |     |
  +-----+-----+-----+-----+-----+-----+-----+-----+
4 |  ♙  |     |     |  ♙  |     |     |     |  ♙  |
  +-----+-----+-----+-----+-----+-----+-----+-----+
3 |     |     |     |     |     |  ♙  |  ♔  |     |
  +-----+-----+-----+-----+-----+-----+-----+-----+
2 |     |     |     |     |     |     |  ♙  |     |
  +-----+-----+-----+-----+-----+-----+-----+-----+
1 |     |     |     |     |     |     |     |     |
  +-----+-----+-----+-----+-----+-----+-----+-----+
-> move of ♕ c6c7

     h     g     f     e     d     c     b     a     
  +-----+-----+-----+-----+-----+-----+-----+-----+
1 |     |     |     |     |     |     |     |     |
  +-----+-----+-----+-----+-----+-----+-----+-----+
2 |     |  ♙  |     |     |     |     |     |     |
  +-----+-----+-----+-----+-----+-----+-----+-----+
3 |     |  ♔  |  ♙  |     |     |     |     |     |
  +-----+-----+-----+-----+-----+-----+-----+-----+
4 |  ♙  |     |     |     |  ♙  |     |     |  ♙  |
  +-----+-----+-----+-----+-----+-----+-----+-----+
5 |     |     |  ♙  |  ♖  |  ♟  |  ♖  |     |     |
  +-----+-----+-----+-----+-----+-----+-----+-----+
6 |  ♟  |     |  ♛  |     |  ♜  |     |     |  ♟  |
  +-----+-----+-----+-----+-----+-----+-----+-----+
7 |     |  ♟  |  ♟  |     |     |  ♕  |     |     |
  +-----+-----+-----+-----+-----+-----+-----+-----+
8 |     |  ♚  |     |     |  ♜  |     |     |     |
  +-----+-----+-----+-----+-----+-----+-----+-----+
-> move of ♜ d6d7

     a     b     c     d     e     f     g     h     
  +-----+-----+-----+-----+-----+-----+-----+-----+
8 |     |     |     |  ♜  |     |     |  ♚  |     |
  +-----+-----+-----+-----+-----+-----+-----+-----+
7 |     |     |  ♕  |  ♜  |     |  ♟  |  ♟  |     |
  +-----+-----+-----+-----+-----+-----+-----+-----+
6 |  ♟  |     |     |     |     |  ♛  |     |  ♟  |
  +-----+-----+-----+-----+-----+-----+-----+-----+
5 |     |     |  ♖  |  ♟  |  ♖  |  ♙  |     |     |
  +-----+-----+-----+-----+-----+-----+-----+-----+
4 |  ♙  |     |     |  ♙  |     |     |     |  ♙  |
  +-----+-----+-----+-----+-----+-----+-----+-----+
3 |     |     |     |     |     |  ♙  |  ♔  |     |
  +-----+-----+-----+-----+-----+-----+-----+-----+
2 |     |     |     |     |     |     |  ♙  |     |
  +-----+-----+-----+-----+-----+-----+-----+-----+
1 |     |     |     |     |     |     |     |     |
  +-----+-----+-----+-----+-----+-----+-----+-----+
-> move of ♕ c7c6

     h     g     f     e     d     c     b     a     
  +-----+-----+-----+-----+-----+-----+-----+-----+
1 |     |     |     |     |     |     |     |     |
  +-----+-----+-----+-----+-----+-----+-----+-----+
2 |     |  ♙  |     |     |     |     |     |     |
  +-----+-----+-----+-----+-----+-----+-----+-----+
3 |     |  ♔  |  ♙  |     |     |     |     |     |
  +-----+-----+-----+-----+-----+-----+-----+-----+
4 |  ♙  |     |     |     |  ♙  |     |     |  ♙  |
  +-----+-----+-----+-----+-----+-----+-----+-----+
5 |     |     |  ♙  |  ♖  |  ♟  |  ♖  |     |     |
  +-----+-----+-----+-----+-----+-----+-----+-----+
6 |  ♟  |     |  ♛  |     |     |  ♕  |     |  ♟  |
  +-----+-----+-----+-----+-----+-----+-----+-----+
7 |     |  ♟  |  ♟  |     |  ♜  |     |     |     |
  +-----+-----+-----+-----+-----+-----+-----+-----+
8 |     |  ♚  |     |     |  ♜  |     |     |     |
  +-----+-----+-----+-----+-----+-----+-----+-----+
-> move of ♜ d7d6

     a     b     c     d     e     f     g     h     
  +-----+-----+-----+-----+-----+-----+-----+-----+
8 |     |     |     |  ♜  |     |     |  ♚  |     |
  +-----+-----+-----+-----+-----+-----+-----+-----+
7 |     |     |     |     |     |  ♟  |  ♟  |     |
  +-----+-----+-----+-----+-----+-----+-----+-----+
6 |  ♟  |     |  ♕  |  ♜  |     |  ♛  |     |  ♟  |
  +-----+-----+-----+-----+-----+-----+-----+-----+
5 |     |     |  ♖  |  ♟  |  ♖  |  ♙  |     |     |
  +-----+-----+-----+-----+-----+-----+-----+-----+
4 |  ♙  |     |     |  ♙  |     |     |     |  ♙  |
  +-----+-----+-----+-----+-----+-----+-----+-----+
3 |     |     |     |     |     |  ♙  |  ♔  |     |
  +-----+-----+-----+-----+-----+-----+-----+-----+
2 |     |     |     |     |     |     |  ♙  |     |
  +-----+-----+-----+-----+-----+-----+-----+-----+
1 |     |     |     |     |     |     |     |     |
  +-----+-----+-----+-----+-----+-----+-----+-----+
-> move of ♕ c6b7

     h     g     f     e     d     c     b     a     
  +-----+-----+-----+-----+-----+-----+-----+-----+
1 |     |     |     |     |     |     |     |     |
  +-----+-----+-----+-----+-----+-----+-----+-----+
2 |     |  ♙  |     |     |     |     |     |     |
  +-----+-----+-----+-----+-----+-----+-----+-----+
3 |     |  ♔  |  ♙  |     |     |     |     |     |
  +-----+-----+-----+-----+-----+-----+-----+-----+
4 |  ♙  |     |     |     |  ♙  |     |     |  ♙  |
  +-----+-----+-----+-----+-----+-----+-----+-----+
5 |     |     |  ♙  |  ♖  |  ♟  |  ♖  |     |     |
  +-----+-----+-----+-----+-----+-----+-----+-----+
6 |  ♟  |     |  ♛  |     |  ♜  |     |     |  ♟  |
  +-----+-----+-----+-----+-----+-----+-----+-----+
7 |     |  ♟  |  ♟  |     |     |     |  ♕  |     |
  +-----+-----+-----+-----+-----+-----+-----+-----+
8 |     |  ♚  |     |     |  ♜  |     |     |     |
  +-----+-----+-----+-----+-----+-----+-----+-----+
-> move of ♜ d6d7

     a     b     c     d     e     f     g     h     
  +-----+-----+-----+-----+-----+-----+-----+-----+
8 |     |     |     |  ♜  |     |     |  ♚  |     |
  +-----+-----+-----+-----+-----+-----+-----+-----+
7 |     |  ♕  |     |  ♜  |     |  ♟  |  ♟  |     |
  +-----+-----+-----+-----+-----+-----+-----+-----+
6 |  ♟  |     |     |     |     |  ♛  |     |  ♟  |
  +-----+-----+-----+-----+-----+-----+-----+-----+
5 |     |     |  ♖  |  ♟  |  ♖  |  ♙  |     |     |
  +-----+-----+-----+-----+-----+-----+-----+-----+
4 |  ♙  |     |     |  ♙  |     |     |     |  ♙  |
  +-----+-----+-----+-----+-----+-----+-----+-----+
3 |     |     |     |     |     |  ♙  |  ♔  |     |
  +-----+-----+-----+-----+-----+-----+-----+-----+
2 |     |     |     |     |     |     |  ♙  |     |
  +-----+-----+-----+-----+-----+-----+-----+-----+
1 |     |     |     |     |     |     |     |     |
  +-----+-----+-----+-----+-----+-----+-----+-----+
-> move of ♕ b7b3

     h     g     f     e     d     c     b     a     
  +-----+-----+-----+-----+-----+-----+-----+-----+
1 |     |     |     |     |     |     |     |     |
  +-----+-----+-----+-----+-----+-----+-----+-----+
2 |     |  ♙  |     |     |     |     |     |     |
  +-----+-----+-----+-----+-----+-----+-----+-----+
3 |     |  ♔  |  ♙  |     |     |     |  ♕  |     |
  +-----+-----+-----+-----+-----+-----+-----+-----+
4 |  ♙  |     |     |     |  ♙  |     |     |  ♙  |
  +-----+-----+-----+-----+-----+-----+-----+-----+
5 |     |     |  ♙  |  ♖  |  ♟  |  ♖  |     |     |
  +-----+-----+-----+-----+-----+-----+-----+-----+
6 |  ♟  |     |  ♛  |     |     |     |     |  ♟  |
  +-----+-----+-----+-----+-----+-----+-----+-----+
7 |     |  ♟  |  ♟  |     |  ♜  |     |     |     |
  +-----+-----+-----+-----+-----+-----+-----+-----+
8 |     |  ♚  |     |     |  ♜  |     |     |     |
  +-----+-----+-----+-----+-----+-----+-----+-----+
-> move of ♛ f6d6

     a     b     c     d     e     f     g     h     
  +-----+-----+-----+-----+-----+-----+-----+-----+
8 |     |     |     |  ♜  |     |     |  ♚  |     |
  +-----+-----+-----+-----+-----+-----+-----+-----+
7 |     |     |     |  ♜  |     |  ♟  |  ♟  |     |
  +-----+-----+-----+-----+-----+-----+-----+-----+
6 |  ♟  |     |     |  ♛  |     |     |     |  ♟  |
  +-----+-----+-----+-----+-----+-----+-----+-----+
5 |     |     |  ♖  |  ♟  |  ♖  |  ♙  |     |     |
  +-----+-----+-----+-----+-----+-----+-----+-----+
4 |  ♙  |     |     |  ♙  |     |     |     |  ♙  |
  +-----+-----+-----+-----+-----+-----+-----+-----+
3 |     |  ♕  |     |     |     |  ♙  |  ♔  |     |
  +-----+-----+-----+-----+-----+-----+-----+-----+
2 |     |     |     |     |     |     |  ♙  |     |
  +-----+-----+-----+-----+-----+-----+-----+-----+
1 |     |     |     |     |     |     |     |     |
  +-----+-----+-----+-----+-----+-----+-----+-----+
-> move of ♔ g3h3

     h     g     f     e     d     c     b     a     
  +-----+-----+-----+-----+-----+-----+-----+-----+
1 |     |     |     |     |     |     |     |     |
  +-----+-----+-----+-----+-----+-----+-----+-----+
2 |     |  ♙  |     |     |     |     |     |     |
  +-----+-----+-----+-----+-----+-----+-----+-----+
3 |  ♔  |     |  ♙  |     |     |     |  ♕  |     |
  +-----+-----+-----+-----+-----+-----+-----+-----+
4 |  ♙  |     |     |     |  ♙  |     |     |  ♙  |
  +-----+-----+-----+-----+-----+-----+-----+-----+
5 |     |     |  ♙  |  ♖  |  ♟  |  ♖  |     |     |
  +-----+-----+-----+-----+-----+-----+-----+-----+
6 |  ♟  |     |     |     |  ♛  |     |     |  ♟  |
  +-----+-----+-----+-----+-----+-----+-----+-----+
7 |     |  ♟  |  ♟  |     |  ♜  |     |     |     |
  +-----+-----+-----+-----+-----+-----+-----+-----+
8 |     |  ♚  |     |     |  ♜  |     |     |     |
  +-----+-----+-----+-----+-----+-----+-----+-----+
-> move of ♚ g8h7

     a     b     c     d     e     f     g     h     
  +-----+-----+-----+-----+-----+-----+-----+-----+
8 |     |     |     |  ♜  |     |     |     |     |
  +-----+-----+-----+-----+-----+-----+-----+-----+
7 |     |     |     |  ♜  |     |  ♟  |  ♟  |  ♚  |
  +-----+-----+-----+-----+-----+-----+-----+-----+
6 |  ♟  |     |     |  ♛  |     |     |     |  ♟  |
  +-----+-----+-----+-----+-----+-----+-----+-----+
5 |     |     |  ♖  |  ♟  |  ♖  |  ♙  |     |     |
  +-----+-----+-----+-----+-----+-----+-----+-----+
4 |  ♙  |     |     |  ♙  |     |     |     |  ♙  |
  +-----+-----+-----+-----+-----+-----+-----+-----+
3 |     |  ♕  |     |     |     |  ♙  |     |  ♔  |
  +-----+-----+-----+-----+-----+-----+-----+-----+
2 |     |     |     |     |     |     |  ♙  |     |
  +-----+-----+-----+-----+-----+-----+-----+-----+
1 |     |     |     |     |     |     |     |     |
  +-----+-----+-----+-----+-----+-----+-----+-----+
-> move of ♙ g2g3

     h     g     f     e     d     c     b     a     
  +-----+-----+-----+-----+-----+-----+-----+-----+
1 |     |     |     |     |     |     |     |     |
  +-----+-----+-----+-----+-----+-----+-----+-----+
2 |     |     |     |     |     |     |     |     |
  +-----+-----+-----+-----+-----+-----+-----+-----+
3 |  ♔  |  ♙  |  ♙  |     |     |     |  ♕  |     |
  +-----+-----+-----+-----+-----+-----+-----+-----+
4 |  ♙  |     |     |     |  ♙  |     |     |  ♙  |
  +-----+-----+-----+-----+-----+-----+-----+-----+
5 |     |     |  ♙  |  ♖  |  ♟  |  ♖  |     |     |
  +-----+-----+-----+-----+-----+-----+-----+-----+
6 |  ♟  |     |     |     |  ♛  |     |     |  ♟  |
  +-----+-----+-----+-----+-----+-----+-----+-----+
7 |  ♚  |  ♟  |  ♟  |     |  ♜  |     |     |     |
  +-----+-----+-----+-----+-----+-----+-----+-----+
8 |     |     |     |     |  ♜  |     |     |     |
  +-----+-----+-----+-----+-----+-----+-----+-----+
-> move of ♚ h7g8

     a     b     c     d     e     f     g     h     
  +-----+-----+-----+-----+-----+-----+-----+-----+
8 |     |     |     |  ♜  |     |     |  ♚  |     |
  +-----+-----+-----+-----+-----+-----+-----+-----+
7 |     |     |     |  ♜  |     |  ♟  |  ♟  |     |
  +-----+-----+-----+-----+-----+-----+-----+-----+
6 |  ♟  |     |     |  ♛  |     |     |     |  ♟  |
  +-----+-----+-----+-----+-----+-----+-----+-----+
5 |     |     |  ♖  |  ♟  |  ♖  |  ♙  |     |     |
  +-----+-----+-----+-----+-----+-----+-----+-----+
4 |  ♙  |     |     |  ♙  |     |     |     |  ♙  |
  +-----+-----+-----+-----+-----+-----+-----+-----+
3 |     |  ♕  |     |     |     |  ♙  |  ♙  |  ♔  |
  +-----+-----+-----+-----+-----+-----+-----+-----+
2 |     |     |     |     |     |     |     |     |
  +-----+-----+-----+-----+-----+-----+-----+-----+
1 |     |     |     |     |     |     |     |     |
  +-----+-----+-----+-----+-----+-----+-----+-----+
-> move of ♙ h4h5

     h     g     f     e     d     c     b     a     
  +-----+-----+-----+-----+-----+-----+-----+-----+
1 |     |     |     |     |     |     |     |     |
  +-----+-----+-----+-----+-----+-----+-----+-----+
2 |     |     |     |     |     |     |     |     |
  +-----+-----+-----+-----+-----+-----+-----+-----+
3 |  ♔  |  ♙  |  ♙  |     |     |     |  ♕  |     |
  +-----+-----+-----+-----+-----+-----+-----+-----+
4 |     |     |     |     |  ♙  |     |     |  ♙  |
  +-----+-----+-----+-----+-----+-----+-----+-----+
5 |  ♙  |     |  ♙  |  ♖  |  ♟  |  ♖  |     |     |
  +-----+-----+-----+-----+-----+-----+-----+-----+
6 |  ♟  |     |     |     |  ♛  |     |     |  ♟  |
  +-----+-----+-----+-----+-----+-----+-----+-----+
7 |     |  ♟  |  ♟  |     |  ♜  |     |     |     |
  +-----+-----+-----+-----+-----+-----+-----+-----+
8 |     |  ♚  |     |     |  ♜  |     |     |     |
  +-----+-----+-----+-----+-----+-----+-----+-----+
-> move of ♚ g8h8

     a     b     c     d     e     f     g     h     
  +-----+-----+-----+-----+-----+-----+-----+-----+
8 |     |     |     |  ♜  |     |     |     |  ♚  |
  +-----+-----+-----+-----+-----+-----+-----+-----+
7 |     |     |     |  ♜  |     |  ♟  |  ♟  |     |
  +-----+-----+-----+-----+-----+-----+-----+-----+
6 |  ♟  |     |     |  ♛  |     |     |     |  ♟  |
  +-----+-----+-----+-----+-----+-----+-----+-----+
5 |     |     |  ♖  |  ♟  |  ♖  |  ♙  |     |  ♙  |
  +-----+-----+-----+-----+-----+-----+-----+-----+
4 |  ♙  |     |     |  ♙  |     |     |     |     |
  +-----+-----+-----+-----+-----+-----+-----+-----+
3 |     |  ♕  |     |     |     |  ♙  |  ♙  |  ♔  |
  +-----+-----+-----+-----+-----+-----+-----+-----+
2 |     |     |     |     |     |     |     |     |
  +-----+-----+-----+-----+-----+-----+-----+-----+
1 |     |     |     |     |     |     |     |     |
  +-----+-----+-----+-----+-----+-----+-----+-----+
-> move of ♔ h3g2

     h     g     f     e     d     c     b     a     
  +-----+-----+-----+-----+-----+-----+-----+-----+
1 |     |     |     |     |     |     |     |     |
  +-----+-----+-----+-----+-----+-----+-----+-----+
2 |     |  ♔  |     |     |     |     |     |     |
  +-----+-----+-----+-----+-----+-----+-----+-----+
3 |     |  ♙  |  ♙  |     |     |     |  ♕  |     |
  +-----+-----+-----+-----+-----+-----+-----+-----+
4 |     |     |     |     |  ♙  |     |     |  ♙  |
  +-----+-----+-----+-----+-----+-----+-----+-----+
5 |  ♙  |     |  ♙  |  ♖  |  ♟  |  ♖  |     |     |
  +-----+-----+-----+-----+-----+-----+-----+-----+
6 |  ♟  |     |     |     |  ♛  |     |     |  ♟  |
  +-----+-----+-----+-----+-----+-----+-----+-----+
7 |     |  ♟  |  ♟  |     |  ♜  |     |     |     |
  +-----+-----+-----+-----+-----+-----+-----+-----+
8 |  ♚  |     |     |     |  ♜  |     |     |     |
  +-----+-----+-----+-----+-----+-----+-----+-----+
-> move of ♚ h8h7

     a     b     c     d     e     f     g     h     
  +-----+-----+-----+-----+-----+-----+-----+-----+
8 |     |     |     |  ♜  |     |     |     |     |
  +-----+-----+-----+-----+-----+-----+-----+-----+
7 |     |     |     |  ♜  |     |  ♟  |  ♟  |  ♚  |
  +-----+-----+-----+-----+-----+-----+-----+-----+
6 |  ♟  |     |     |  ♛  |     |     |     |  ♟  |
  +-----+-----+-----+-----+-----+-----+-----+-----+
5 |     |     |  ♖  |  ♟  |  ♖  |  ♙  |     |  ♙  |
  +-----+-----+-----+-----+-----+-----+-----+-----+
4 |  ♙  |     |     |  ♙  |     |     |     |     |
  +-----+-----+-----+-----+-----+-----+-----+-----+
3 |     |  ♕  |     |     |     |  ♙  |  ♙  |     |
  +-----+-----+-----+-----+-----+-----+-----+-----+
2 |     |     |     |     |     |     |  ♔  |     |
  +-----+-----+-----+-----+-----+-----+-----+-----+
1 |     |     |     |     |     |     |     |     |
  +-----+-----+-----+-----+-----+-----+-----+-----+
-> move of ♔ g2h2

     h     g     f     e     d     c     b     a     
  +-----+-----+-----+-----+-----+-----+-----+-----+
1 |     |     |     |     |     |     |     |     |
  +-----+-----+-----+-----+-----+-----+-----+-----+
2 |  ♔  |     |     |     |     |     |     |     |
  +-----+-----+-----+-----+-----+-----+-----+-----+
3 |     |  ♙  |  ♙  |     |     |     |  ♕  |     |
  +-----+-----+-----+-----+-----+-----+-----+-----+
4 |     |     |     |     |  ♙  |     |     |  ♙  |
  +-----+-----+-----+-----+-----+-----+-----+-----+
5 |  ♙  |     |  ♙  |  ♖  |  ♟  |  ♖  |     |     |
  +-----+-----+-----+-----+-----+-----+-----+-----+
6 |  ♟  |     |     |     |  ♛  |     |     |  ♟  |
  +-----+-----+-----+-----+-----+-----+-----+-----+
7 |  ♚  |  ♟  |  ♟  |     |  ♜  |     |     |     |
  +-----+-----+-----+-----+-----+-----+-----+-----+
8 |     |     |     |     |  ♜  |     |     |     |
  +-----+-----+-----+-----+-----+-----+-----+-----+
-> move of ♚ h7g8

     a     b     c     d     e     f     g     h     
  +-----+-----+-----+-----+-----+-----+-----+-----+
8 |     |     |     |  ♜  |     |     |  ♚  |     |
  +-----+-----+-----+-----+-----+-----+-----+-----+
7 |     |     |     |  ♜  |     |  ♟  |  ♟  |     |
  +-----+-----+-----+-----+-----+-----+-----+-----+
6 |  ♟  |     |     |  ♛  |     |     |     |  ♟  |
  +-----+-----+-----+-----+-----+-----+-----+-----+
5 |     |     |  ♖  |  ♟  |  ♖  |  ♙  |     |  ♙  |
  +-----+-----+-----+-----+-----+-----+-----+-----+
4 |  ♙  |     |     |  ♙  |     |     |     |     |
  +-----+-----+-----+-----+-----+-----+-----+-----+
3 |     |  ♕  |     |     |     |  ♙  |  ♙  |     |
  +-----+-----+-----+-----+-----+-----+-----+-----+
2 |     |     |     |     |     |     |     |  ♔  |
  +-----+-----+-----+-----+-----+-----+-----+-----+
1 |     |     |     |     |     |     |     |     |
  +-----+-----+-----+-----+-----+-----+-----+-----+
-> move of ♔ h2h3

     h     g     f     e     d     c     b     a     
  +-----+-----+-----+-----+-----+-----+-----+-----+
1 |     |     |     |     |     |     |     |     |
  +-----+-----+-----+-----+-----+-----+-----+-----+
2 |     |     |     |     |     |     |     |     |
  +-----+-----+-----+-----+-----+-----+-----+-----+
3 |  ♔  |  ♙  |  ♙  |     |     |     |  ♕  |     |
  +-----+-----+-----+-----+-----+-----+-----+-----+
4 |     |     |     |     |  ♙  |     |     |  ♙  |
  +-----+-----+-----+-----+-----+-----+-----+-----+
5 |  ♙  |     |  ♙  |  ♖  |  ♟  |  ♖  |     |     |
  +-----+-----+-----+-----+-----+-----+-----+-----+
6 |  ♟  |     |     |     |  ♛  |     |     |  ♟  |
  +-----+-----+-----+-----+-----+-----+-----+-----+
7 |     |  ♟  |  ♟  |     |  ♜  |     |     |     |
  +-----+-----+-----+-----+-----+-----+-----+-----+
8 |     |  ♚  |     |     |  ♜  |     |     |     |
  +-----+-----+-----+-----+-----+-----+-----+-----+
-> move of ♚ g8h8

     a     b     c     d     e     f     g     h     
  +-----+-----+-----+-----+-----+-----+-----+-----+
8 |     |     |     |  ♜  |     |     |     |  ♚  |
  +-----+-----+-----+-----+-----+-----+-----+-----+
7 |     |     |     |  ♜  |     |  ♟  |  ♟  |     |
  +-----+-----+-----+-----+-----+-----+-----+-----+
6 |  ♟  |     |     |  ♛  |     |     |     |  ♟  |
  +-----+-----+-----+-----+-----+-----+-----+-----+
5 |     |     |  ♖  |  ♟  |  ♖  |  ♙  |     |  ♙  |
  +-----+-----+-----+-----+-----+-----+-----+-----+
4 |  ♙  |     |     |  ♙  |     |     |     |     |
  +-----+-----+-----+-----+-----+-----+-----+-----+
3 |     |  ♕  |     |     |     |  ♙  |  ♙  |  ♔  |
  +-----+-----+-----+-----+-----+-----+-----+-----+
2 |     |     |     |     |     |     |     |     |
  +-----+-----+-----+-----+-----+-----+-----+-----+
1 |     |     |     |     |     |     |     |     |
  +-----+-----+-----+-----+-----+-----+-----+-----+
-> move of ♔ h3h2

     h     g     f     e     d     c     b     a     
  +-----+-----+-----+-----+-----+-----+-----+-----+
1 |     |     |     |     |     |     |     |     |
  +-----+-----+-----+-----+-----+-----+-----+-----+
2 |  ♔  |     |     |     |     |     |     |     |
  +-----+-----+-----+-----+-----+-----+-----+-----+
3 |     |  ♙  |  ♙  |     |     |     |  ♕  |     |
  +-----+-----+-----+-----+-----+-----+-----+-----+
4 |     |     |     |     |  ♙  |     |     |  ♙  |
  +-----+-----+-----+-----+-----+-----+-----+-----+
5 |  ♙  |     |  ♙  |  ♖  |  ♟  |  ♖  |     |     |
  +-----+-----+-----+-----+-----+-----+-----+-----+
6 |  ♟  |     |     |     |  ♛  |     |     |  ♟  |
  +-----+-----+-----+-----+-----+-----+-----+-----+
7 |     |  ♟  |  ♟  |     |  ♜  |     |     |     |
  +-----+-----+-----+-----+-----+-----+-----+-----+
8 |  ♚  |     |     |     |  ♜  |     |     |     |
  +-----+-----+-----+-----+-----+-----+-----+-----+
-> move of ♚ h8g8

     a     b     c     d     e     f     g     h     
  +-----+-----+-----+-----+-----+-----+-----+-----+
8 |     |     |     |  ♜  |     |     |  ♚  |     |
  +-----+-----+-----+-----+-----+-----+-----+-----+
7 |     |     |     |  ♜  |     |  ♟  |  ♟  |     |
  +-----+-----+-----+-----+-----+-----+-----+-----+
6 |  ♟  |     |     |  ♛  |     |     |     |  ♟  |
  +-----+-----+-----+-----+-----+-----+-----+-----+
5 |     |     |  ♖  |  ♟  |  ♖  |  ♙  |     |  ♙  |
  +-----+-----+-----+-----+-----+-----+-----+-----+
4 |  ♙  |     |     |  ♙  |     |     |     |     |
  +-----+-----+-----+-----+-----+-----+-----+-----+
3 |     |  ♕  |     |     |     |  ♙  |  ♙  |     |
  +-----+-----+-----+-----+-----+-----+-----+-----+
2 |     |     |     |     |     |     |     |  ♔  |
  +-----+-----+-----+-----+-----+-----+-----+-----+
1 |     |     |     |     |     |     |     |     |
  +-----+-----+-----+-----+-----+-----+-----+-----+
-> move of ♔ h2g2

     h     g     f     e     d     c     b     a     
  +-----+-----+-----+-----+-----+-----+-----+-----+
1 |     |     |     |     |     |     |     |     |
  +-----+-----+-----+-----+-----+-----+-----+-----+
2 |     |  ♔  |     |     |     |     |     |     |
  +-----+-----+-----+-----+-----+-----+-----+-----+
3 |     |  ♙  |  ♙  |     |     |     |  ♕  |     |
  +-----+-----+-----+-----+-----+-----+-----+-----+
4 |     |     |     |     |  ♙  |     |     |  ♙  |
  +-----+-----+-----+-----+-----+-----+-----+-----+
5 |  ♙  |     |  ♙  |  ♖  |  ♟  |  ♖  |     |     |
  +-----+-----+-----+-----+-----+-----+-----+-----+
6 |  ♟  |     |     |     |  ♛  |     |     |  ♟  |
  +-----+-----+-----+-----+-----+-----+-----+-----+
7 |     |  ♟  |  ♟  |     |  ♜  |     |     |     |
  +-----+-----+-----+-----+-----+-----+-----+-----+
8 |     |  ♚  |     |     |  ♜  |     |     |     |
  +-----+-----+-----+-----+-----+-----+-----+-----+
-> move of ♚ g8h7

     a     b     c     d     e     f     g     h     
  +-----+-----+-----+-----+-----+-----+-----+-----+
8 |     |     |     |  ♜  |     |     |     |     |
  +-----+-----+-----+-----+-----+-----+-----+-----+
7 |     |     |     |  ♜  |     |  ♟  |  ♟  |  ♚  |
  +-----+-----+-----+-----+-----+-----+-----+-----+
6 |  ♟  |     |     |  ♛  |     |     |     |  ♟  |
  +-----+-----+-----+-----+-----+-----+-----+-----+
5 |     |     |  ♖  |  ♟  |  ♖  |  ♙  |     |  ♙  |
  +-----+-----+-----+-----+-----+-----+-----+-----+
4 |  ♙  |     |     |  ♙  |     |     |     |     |
  +-----+-----+-----+-----+-----+-----+-----+-----+
3 |     |  ♕  |     |     |     |  ♙  |  ♙  |     |
  +-----+-----+-----+-----+-----+-----+-----+-----+
2 |     |     |     |     |     |     |  ♔  |     |
  +-----+-----+-----+-----+-----+-----+-----+-----+
1 |     |     |     |     |     |     |     |     |
  +-----+-----+-----+-----+-----+-----+-----+-----+
-> move of ♙ a4a5

     h     g     f     e     d     c     b     a     
  +-----+-----+-----+-----+-----+-----+-----+-----+
1 |     |     |     |     |     |     |     |     |
  +-----+-----+-----+-----+-----+-----+-----+-----+
2 |     |  ♔  |     |     |     |     |     |     |
  +-----+-----+-----+-----+-----+-----+-----+-----+
3 |     |  ♙  |  ♙  |     |     |     |  ♕  |     |
  +-----+-----+-----+-----+-----+-----+-----+-----+
4 |     |     |     |     |  ♙  |     |     |     |
  +-----+-----+-----+-----+-----+-----+-----+-----+
5 |  ♙  |     |  ♙  |  ♖  |  ♟  |  ♖  |     |  ♙  |
  +-----+-----+-----+-----+-----+-----+-----+-----+
6 |  ♟  |     |     |     |  ♛  |     |     |  ♟  |
  +-----+-----+-----+-----+-----+-----+-----+-----+
7 |  ♚  |  ♟  |  ♟  |     |  ♜  |     |     |     |
  +-----+-----+-----+-----+-----+-----+-----+-----+
8 |     |     |     |     |  ♜  |     |     |     |
  +-----+-----+-----+-----+-----+-----+-----+-----+
-> move of ♚ h7g8

     a     b     c     d     e     f     g     h     
  +-----+-----+-----+-----+-----+-----+-----+-----+
8 |     |     |     |  ♜  |     |     |  ♚  |     |
  +-----+-----+-----+-----+-----+-----+-----+-----+
7 |     |     |     |  ♜  |     |  ♟  |  ♟  |     |
  +-----+-----+-----+-----+-----+-----+-----+-----+
6 |  ♟  |     |     |  ♛  |     |     |     |  ♟  |
  +-----+-----+-----+-----+-----+-----+-----+-----+
5 |  ♙  |     |  ♖  |  ♟  |  ♖  |  ♙  |     |  ♙  |
  +-----+-----+-----+-----+-----+-----+-----+-----+
4 |     |     |     |  ♙  |     |     |     |     |
  +-----+-----+-----+-----+-----+-----+-----+-----+
3 |     |  ♕  |     |     |     |  ♙  |  ♙  |     |
  +-----+-----+-----+-----+-----+-----+-----+-----+
2 |     |     |     |     |     |     |  ♔  |     |
  +-----+-----+-----+-----+-----+-----+-----+-----+
1 |     |     |     |     |     |     |     |     |
  +-----+-----+-----+-----+-----+-----+-----+-----+
-> move of ♕ b3a2

     h     g     f     e     d     c     b     a     
  +-----+-----+-----+-----+-----+-----+-----+-----+
1 |     |     |     |     |     |     |     |     |
  +-----+-----+-----+-----+-----+-----+-----+-----+
2 |     |  ♔  |     |     |     |     |     |  ♕  |
  +-----+-----+-----+-----+-----+-----+-----+-----+
3 |     |  ♙  |  ♙  |     |     |     |     |     |
  +-----+-----+-----+-----+-----+-----+-----+-----+
4 |     |     |     |     |  ♙  |     |     |     |
  +-----+-----+-----+-----+-----+-----+-----+-----+
5 |  ♙  |     |  ♙  |  ♖  |  ♟  |  ♖  |     |  ♙  |
  +-----+-----+-----+-----+-----+-----+-----+-----+
6 |  ♟  |     |     |     |  ♛  |     |     |  ♟  |
  +-----+-----+-----+-----+-----+-----+-----+-----+
7 |     |  ♟  |  ♟  |     |  ♜  |     |     |     |
  +-----+-----+-----+-----+-----+-----+-----+-----+
8 |     |  ♚  |     |     |  ♜  |     |     |     |
  +-----+-----+-----+-----+-----+-----+-----+-----+
-> move of ♚ g8h7

     a     b     c     d     e     f     g     h     
  +-----+-----+-----+-----+-----+-----+-----+-----+
8 |     |     |     |  ♜  |     |     |     |     |
  +-----+-----+-----+-----+-----+-----+-----+-----+
7 |     |     |     |  ♜  |     |  ♟  |  ♟  |  ♚  |
  +-----+-----+-----+-----+-----+-----+-----+-----+
6 |  ♟  |     |     |  ♛  |     |     |     |  ♟  |
  +-----+-----+-----+-----+-----+-----+-----+-----+
5 |  ♙  |     |  ♖  |  ♟  |  ♖  |  ♙  |     |  ♙  |
  +-----+-----+-----+-----+-----+-----+-----+-----+
4 |     |     |     |  ♙  |     |     |     |     |
  +-----+-----+-----+-----+-----+-----+-----+-----+
3 |     |     |     |     |     |  ♙  |  ♙  |     |
  +-----+-----+-----+-----+-----+-----+-----+-----+
2 |  ♕  |     |     |     |     |     |  ♔  |     |
  +-----+-----+-----+-----+-----+-----+-----+-----+
1 |     |     |     |     |     |     |     |     |
  +-----+-----+-----+-----+-----+-----+-----+-----+
-> move of ♔ g2h3

     h     g     f     e     d     c     b     a     
  +-----+-----+-----+-----+-----+-----+-----+-----+
1 |     |     |     |     |     |     |     |     |
  +-----+-----+-----+-----+-----+-----+-----+-----+
2 |     |     |     |     |     |     |     |  ♕  |
  +-----+-----+-----+-----+-----+-----+-----+-----+
3 |  ♔  |  ♙  |  ♙  |     |     |     |     |     |
  +-----+-----+-----+-----+-----+-----+-----+-----+
4 |     |     |     |     |  ♙  |     |     |     |
  +-----+-----+-----+-----+-----+-----+-----+-----+
5 |  ♙  |     |  ♙  |  ♖  |  ♟  |  ♖  |     |  ♙  |
  +-----+-----+-----+-----+-----+-----+-----+-----+
6 |  ♟  |     |     |     |  ♛  |     |     |  ♟  |
  +-----+-----+-----+-----+-----+-----+-----+-----+
7 |  ♚  |  ♟  |  ♟  |     |  ♜  |     |     |     |
  +-----+-----+-----+-----+-----+-----+-----+-----+
8 |     |     |     |     |  ♜  |     |     |     |
  +-----+-----+-----+-----+-----+-----+-----+-----+
-> move of ♚ h7g8

     a     b     c     d     e     f     g     h     
  +-----+-----+-----+-----+-----+-----+-----+-----+
8 |     |     |     |  ♜  |     |     |  ♚  |     |
  +-----+-----+-----+-----+-----+-----+-----+-----+
7 |     |     |     |  ♜  |     |  ♟  |  ♟  |     |
  +-----+-----+-----+-----+-----+-----+-----+-----+
6 |  ♟  |     |     |  ♛  |     |     |     |  ♟  |
  +-----+-----+-----+-----+-----+-----+-----+-----+
5 |  ♙  |     |  ♖  |  ♟  |  ♖  |  ♙  |     |  ♙  |
  +-----+-----+-----+-----+-----+-----+-----+-----+
4 |     |     |     |  ♙  |     |     |     |     |
  +-----+-----+-----+-----+-----+-----+-----+-----+
3 |     |     |     |     |     |  ♙  |  ♙  |  ♔  |
  +-----+-----+-----+-----+-----+-----+-----+-----+
2 |  ♕  |     |     |     |     |     |     |     |
  +-----+-----+-----+-----+-----+-----+-----+-----+
1 |     |     |     |     |     |     |     |     |
  +-----+-----+-----+-----+-----+-----+-----+-----+
-> move of ♔ h3h2

     h     g     f     e     d     c     b     a     
  +-----+-----+-----+-----+-----+-----+-----+-----+
1 |     |     |     |     |     |     |     |     |
  +-----+-----+-----+-----+-----+-----+-----+-----+
2 |  ♔  |     |     |     |     |     |     |  ♕  |
  +-----+-----+-----+-----+-----+-----+-----+-----+
3 |     |  ♙  |  ♙  |     |     |     |     |     |
  +-----+-----+-----+-----+-----+-----+-----+-----+
4 |     |     |     |     |  ♙  |     |     |     |
  +-----+-----+-----+-----+-----+-----+-----+-----+
5 |  ♙  |     |  ♙  |  ♖  |  ♟  |  ♖  |     |  ♙  |
  +-----+-----+-----+-----+-----+-----+-----+-----+
6 |  ♟  |     |     |     |  ♛  |     |     |  ♟  |
  +-----+-----+-----+-----+-----+-----+-----+-----+
7 |     |  ♟  |  ♟  |     |  ♜  |     |     |     |
  +-----+-----+-----+-----+-----+-----+-----+-----+
8 |     |  ♚  |     |     |  ♜  |     |     |     |
  +-----+-----+-----+-----+-----+-----+-----+-----+
-> move of ♚ g8h7

     a     b     c     d     e     f     g     h     
  +-----+-----+-----+-----+-----+-----+-----+-----+
8 |     |     |     |  ♜  |     |     |     |     |
  +-----+-----+-----+-----+-----+-----+-----+-----+
7 |     |     |     |  ♜  |     |  ♟  |  ♟  |  ♚  |
  +-----+-----+-----+-----+-----+-----+-----+-----+
6 |  ♟  |     |     |  ♛  |     |     |     |  ♟  |
  +-----+-----+-----+-----+-----+-----+-----+-----+
5 |  ♙  |     |  ♖  |  ♟  |  ♖  |  ♙  |     |  ♙  |
  +-----+-----+-----+-----+-----+-----+-----+-----+
4 |     |     |     |  ♙  |     |     |     |     |
  +-----+-----+-----+-----+-----+-----+-----+-----+
3 |     |     |     |     |     |  ♙  |  ♙  |     |
  +-----+-----+-----+-----+-----+-----+-----+-----+
2 |  ♕  |     |     |     |     |     |     |  ♔  |
  +-----+-----+-----+-----+-----+-----+-----+-----+
1 |     |     |     |     |     |     |     |     |
  +-----+-----+-----+-----+-----+-----+-----+-----+
-> move of ♔ h2g2

     h     g     f     e     d     c     b     a     
  +-----+-----+-----+-----+-----+-----+-----+-----+
1 |     |     |     |     |     |     |     |     |
  +-----+-----+-----+-----+-----+-----+-----+-----+
2 |     |  ♔  |     |     |     |     |     |  ♕  |
  +-----+-----+-----+-----+-----+-----+-----+-----+
3 |     |  ♙  |  ♙  |     |     |     |     |     |
  +-----+-----+-----+-----+-----+-----+-----+-----+
4 |     |     |     |     |  ♙  |     |     |     |
  +-----+-----+-----+-----+-----+-----+-----+-----+
5 |  ♙  |     |  ♙  |  ♖  |  ♟  |  ♖  |     |  ♙  |
  +-----+-----+-----+-----+-----+-----+-----+-----+
6 |  ♟  |     |     |     |  ♛  |     |     |  ♟  |
  +-----+-----+-----+-----+-----+-----+-----+-----+
7 |  ♚  |  ♟  |  ♟  |     |  ♜  |     |     |     |
  +-----+-----+-----+-----+-----+-----+-----+-----+
8 |     |     |     |     |  ♜  |     |     |     |
  +-----+-----+-----+-----+-----+-----+-----+-----+
-> move of ♚ h7g8

     a     b     c     d     e     f     g     h     
  +-----+-----+-----+-----+-----+-----+-----+-----+
8 |     |     |     |  ♜  |     |     |  ♚  |     |
  +-----+-----+-----+-----+-----+-----+-----+-----+
7 |     |     |     |  ♜  |     |  ♟  |  ♟  |     |
  +-----+-----+-----+-----+-----+-----+-----+-----+
6 |  ♟  |     |     |  ♛  |     |     |     |  ♟  |
  +-----+-----+-----+-----+-----+-----+-----+-----+
5 |  ♙  |     |  ♖  |  ♟  |  ♖  |  ♙  |     |  ♙  |
  +-----+-----+-----+-----+-----+-----+-----+-----+
4 |     |     |     |  ♙  |     |     |     |     |
  +-----+-----+-----+-----+-----+-----+-----+-----+
3 |     |     |     |     |     |  ♙  |  ♙  |     |
  +-----+-----+-----+-----+-----+-----+-----+-----+
2 |  ♕  |     |     |     |     |     |  ♔  |     |
  +-----+-----+-----+-----+-----+-----+-----+-----+
1 |     |     |     |     |     |     |     |     |
  +-----+-----+-----+-----+-----+-----+-----+-----+
-> move of ♔ g2h2

     h     g     f     e     d     c     b     a     
  +-----+-----+-----+-----+-----+-----+-----+-----+
1 |     |     |     |     |     |     |     |     |
  +-----+-----+-----+-----+-----+-----+-----+-----+
2 |  ♔  |     |     |     |     |     |     |  ♕  |
  +-----+-----+-----+-----+-----+-----+-----+-----+
3 |     |  ♙  |  ♙  |     |     |     |     |     |
  +-----+-----+-----+-----+-----+-----+-----+-----+
4 |     |     |     |     |  ♙  |     |     |     |
  +-----+-----+-----+-----+-----+-----+-----+-----+
5 |  ♙  |     |  ♙  |  ♖  |  ♟  |  ♖  |     |  ♙  |
  +-----+-----+-----+-----+-----+-----+-----+-----+
6 |  ♟  |     |     |     |  ♛  |     |     |  ♟  |
  +-----+-----+-----+-----+-----+-----+-----+-----+
7 |     |  ♟  |  ♟  |     |  ♜  |     |     |     |
  +-----+-----+-----+-----+-----+-----+-----+-----+
8 |     |  ♚  |     |     |  ♜  |     |     |     |
  +-----+-----+-----+-----+-----+-----+-----+-----+
-> move of ♚ g8h7

     a     b     c     d     e     f     g     h     
  +-----+-----+-----+-----+-----+-----+-----+-----+
8 |     |     |     |  ♜  |     |     |     |     |
  +-----+-----+-----+-----+-----+-----+-----+-----+
7 |     |     |     |  ♜  |     |  ♟  |  ♟  |  ♚  |
  +-----+-----+-----+-----+-----+-----+-----+-----+
6 |  ♟  |     |     |  ♛  |     |     |     |  ♟  |
  +-----+-----+-----+-----+-----+-----+-----+-----+
5 |  ♙  |     |  ♖  |  ♟  |  ♖  |  ♙  |     |  ♙  |
  +-----+-----+-----+-----+-----+-----+-----+-----+
4 |     |     |     |  ♙  |     |     |     |     |
  +-----+-----+-----+-----+-----+-----+-----+-----+
3 |     |     |     |     |     |  ♙  |  ♙  |     |
  +-----+-----+-----+-----+-----+-----+-----+-----+
2 |  ♕  |     |     |     |     |     |     |  ♔  |
  +-----+-----+-----+-----+-----+-----+-----+-----+
1 |     |     |     |     |     |     |     |     |
  +-----+-----+-----+-----+-----+-----+-----+-----+
-> move of ♔ h2h3

     h     g     f     e     d     c     b     a     
  +-----+-----+-----+-----+-----+-----+-----+-----+
1 |     |     |     |     |     |     |     |     |
  +-----+-----+-----+-----+-----+-----+-----+-----+
2 |     |     |     |     |     |     |     |  ♕  |
  +-----+-----+-----+-----+-----+-----+-----+-----+
3 |  ♔  |  ♙  |  ♙  |     |     |     |     |     |
  +-----+-----+-----+-----+-----+-----+-----+-----+
4 |     |     |     |     |  ♙  |     |     |     |
  +-----+-----+-----+-----+-----+-----+-----+-----+
5 |  ♙  |     |  ♙  |  ♖  |  ♟  |  ♖  |     |  ♙  |
  +-----+-----+-----+-----+-----+-----+-----+-----+
6 |  ♟  |     |     |     |  ♛  |     |     |  ♟  |
  +-----+-----+-----+-----+-----+-----+-----+-----+
7 |  ♚  |  ♟  |  ♟  |     |  ♜  |     |     |     |
  +-----+-----+-----+-----+-----+-----+-----+-----+
8 |     |     |     |     |  ♜  |     |     |     |
  +-----+-----+-----+-----+-----+-----+-----+-----+
-> move of ♚ h7g8

     a     b     c     d     e     f     g     h     
  +-----+-----+-----+-----+-----+-----+-----+-----+
8 |     |     |     |  ♜  |     |     |  ♚  |     |
  +-----+-----+-----+-----+-----+-----+-----+-----+
7 |     |     |     |  ♜  |     |  ♟  |  ♟  |     |
  +-----+-----+-----+-----+-----+-----+-----+-----+
6 |  ♟  |     |     |  ♛  |     |     |     |  ♟  |
  +-----+-----+-----+-----+-----+-----+-----+-----+
5 |  ♙  |     |  ♖  |  ♟  |  ♖  |  ♙  |     |  ♙  |
  +-----+-----+-----+-----+-----+-----+-----+-----+
4 |     |     |     |  ♙  |     |     |     |     |
  +-----+-----+-----+-----+-----+-----+-----+-----+
3 |     |     |     |     |     |  ♙  |  ♙  |  ♔  |
  +-----+-----+-----+-----+-----+-----+-----+-----+
2 |  ♕  |     |     |     |     |     |     |     |
  +-----+-----+-----+-----+-----+-----+-----+-----+
1 |     |     |     |     |     |     |     |     |
  +-----+-----+-----+-----+-----+-----+-----+-----+
-> move of ♕ a2b3

     h     g     f     e     d     c     b     a     
  +-----+-----+-----+-----+-----+-----+-----+-----+
1 |     |     |     |     |     |     |     |     |
  +-----+-----+-----+-----+-----+-----+-----+-----+
2 |     |     |     |     |     |     |     |     |
  +-----+-----+-----+-----+-----+-----+-----+-----+
3 |  ♔  |  ♙  |  ♙  |     |     |     |  ♕  |     |
  +-----+-----+-----+-----+-----+-----+-----+-----+
4 |     |     |     |     |  ♙  |     |     |     |
  +-----+-----+-----+-----+-----+-----+-----+-----+
5 |  ♙  |     |  ♙  |  ♖  |  ♟  |  ♖  |     |  ♙  |
  +-----+-----+-----+-----+-----+-----+-----+-----+
6 |  ♟  |     |     |     |  ♛  |     |     |  ♟  |
  +-----+-----+-----+-----+-----+-----+-----+-----+
7 |     |  ♟  |  ♟  |     |  ♜  |     |     |     |
  +-----+-----+-----+-----+-----+-----+-----+-----+
8 |     |  ♚  |     |     |  ♜  |     |     |     |
  +-----+-----+-----+-----+-----+-----+-----+-----+
-> move of ♚ g8h7

     a     b     c     d     e     f     g     h     
  +-----+-----+-----+-----+-----+-----+-----+-----+
8 |     |     |     |  ♜  |     |     |     |     |
  +-----+-----+-----+-----+-----+-----+-----+-----+
7 |     |     |     |  ♜  |     |  ♟  |  ♟  |  ♚  |
  +-----+-----+-----+-----+-----+-----+-----+-----+
6 |  ♟  |     |     |  ♛  |     |     |     |  ♟  |
  +-----+-----+-----+-----+-----+-----+-----+-----+
5 |  ♙  |     |  ♖  |  ♟  |  ♖  |  ♙  |     |  ♙  |
  +-----+-----+-----+-----+-----+-----+-----+-----+
4 |     |     |     |  ♙  |     |     |     |     |
  +-----+-----+-----+-----+-----+-----+-----+-----+
3 |     |  ♕  |     |     |     |  ♙  |  ♙  |  ♔  |
  +-----+-----+-----+-----+-----+-----+-----+-----+
2 |     |     |     |     |     |     |     |     |
  +-----+-----+-----+-----+-----+-----+-----+-----+
1 |     |     |     |     |     |     |     |     |
  +-----+-----+-----+-----+-----+-----+-----+-----+
-> move of ♔ h3h2

     h     g     f     e     d     c     b     a     
  +-----+-----+-----+-----+-----+-----+-----+-----+
1 |     |     |     |     |     |     |     |     |
  +-----+-----+-----+-----+-----+-----+-----+-----+
2 |  ♔  |     |     |     |     |     |     |     |
  +-----+-----+-----+-----+-----+-----+-----+-----+
3 |     |  ♙  |  ♙  |     |     |     |  ♕  |     |
  +-----+-----+-----+-----+-----+-----+-----+-----+
4 |     |     |     |     |  ♙  |     |     |     |
  +-----+-----+-----+-----+-----+-----+-----+-----+
5 |  ♙  |     |  ♙  |  ♖  |  ♟  |  ♖  |     |  ♙  |
  +-----+-----+-----+-----+-----+-----+-----+-----+
6 |  ♟  |     |     |     |  ♛  |     |     |  ♟  |
  +-----+-----+-----+-----+-----+-----+-----+-----+
7 |  ♚  |  ♟  |  ♟  |     |  ♜  |     |     |     |
  +-----+-----+-----+-----+-----+-----+-----+-----+
8 |     |     |     |     |  ♜  |     |     |     |
  +-----+-----+-----+-----+-----+-----+-----+-----+
-> move of ♚ h7g8

     a     b     c     d     e     f     g     h     
  +-----+-----+-----+-----+-----+-----+-----+-----+
8 |     |     |     |  ♜  |     |     |  ♚  |     |
  +-----+-----+-----+-----+-----+-----+-----+-----+
7 |     |     |     |  ♜  |     |  ♟  |  ♟  |     |
  +-----+-----+-----+-----+-----+-----+-----+-----+
6 |  ♟  |     |     |  ♛  |     |     |     |  ♟  |
  +-----+-----+-----+-----+-----+-----+-----+-----+
5 |  ♙  |     |  ♖  |  ♟  |  ♖  |  ♙  |     |  ♙  |
  +-----+-----+-----+-----+-----+-----+-----+-----+
4 |     |     |     |  ♙  |     |     |     |     |
  +-----+-----+-----+-----+-----+-----+-----+-----+
3 |     |  ♕  |     |     |     |  ♙  |  ♙  |     |
  +-----+-----+-----+-----+-----+-----+-----+-----+
2 |     |     |     |     |     |     |     |  ♔  |
  +-----+-----+-----+-----+-----+-----+-----+-----+
1 |     |     |     |     |     |     |     |     |
  +-----+-----+-----+-----+-----+-----+-----+-----+
-> move of ♔ h2h3

     h     g     f     e     d     c     b     a     
  +-----+-----+-----+-----+-----+-----+-----+-----+
1 |     |     |     |     |     |     |     |     |
  +-----+-----+-----+-----+-----+-----+-----+-----+
2 |     |     |     |     |     |     |     |     |
  +-----+-----+-----+-----+-----+-----+-----+-----+
3 |  ♔  |  ♙  |  ♙  |     |     |     |  ♕  |     |
  +-----+-----+-----+-----+-----+-----+-----+-----+
4 |     |     |     |     |  ♙  |     |     |     |
  +-----+-----+-----+-----+-----+-----+-----+-----+
5 |  ♙  |     |  ♙  |  ♖  |  ♟  |  ♖  |     |  ♙  |
  +-----+-----+-----+-----+-----+-----+-----+-----+
6 |  ♟  |     |     |     |  ♛  |     |     |  ♟  |
  +-----+-----+-----+-----+-----+-----+-----+-----+
7 |     |  ♟  |  ♟  |     |  ♜  |     |     |     |
  +-----+-----+-----+-----+-----+-----+-----+-----+
8 |     |  ♚  |     |     |  ♜  |     |     |     |
  +-----+-----+-----+-----+-----+-----+-----+-----+
-> move of ♛ d6f6

     a     b     c     d     e     f     g     h     
  +-----+-----+-----+-----+-----+-----+-----+-----+
8 |     |     |     |  ♜  |     |     |  ♚  |     |
  +-----+-----+-----+-----+-----+-----+-----+-----+
7 |     |     |     |  ♜  |     |  ♟  |  ♟  |     |
  +-----+-----+-----+-----+-----+-----+-----+-----+
6 |  ♟  |     |     |     |     |  ♛  |     |  ♟  |
  +-----+-----+-----+-----+-----+-----+-----+-----+
5 |  ♙  |     |  ♖  |  ♟  |  ♖  |  ♙  |     |  ♙  |
  +-----+-----+-----+-----+-----+-----+-----+-----+
4 |     |     |     |  ♙  |     |     |     |     |
  +-----+-----+-----+-----+-----+-----+-----+-----+
3 |     |  ♕  |     |     |     |  ♙  |  ♙  |  ♔  |
  +-----+-----+-----+-----+-----+-----+-----+-----+
2 |     |     |     |     |     |     |     |     |
  +-----+-----+-----+-----+-----+-----+-----+-----+
1 |     |     |     |     |     |     |     |     |
  +-----+-----+-----+-----+-----+-----+-----+-----+
-> move of ♖ c5d5

     h     g     f     e     d     c     b     a     
  +-----+-----+-----+-----+-----+-----+-----+-----+
1 |     |     |     |     |     |     |     |     |
  +-----+-----+-----+-----+-----+-----+-----+-----+
2 |     |     |     |     |     |     |     |     |
  +-----+-----+-----+-----+-----+-----+-----+-----+
3 |  ♔  |  ♙  |  ♙  |     |     |     |  ♕  |     |
  +-----+-----+-----+-----+-----+-----+-----+-----+
4 |     |     |     |     |  ♙  |     |     |     |
  +-----+-----+-----+-----+-----+-----+-----+-----+
5 |  ♙  |     |  ♙  |  ♖  |  ♖  |     |     |  ♙  |
  +-----+-----+-----+-----+-----+-----+-----+-----+
6 |  ♟  |     |  ♛  |     |     |     |     |  ♟  |
  +-----+-----+-----+-----+-----+-----+-----+-----+
7 |     |  ♟  |  ♟  |     |  ♜  |     |     |     |
  +-----+-----+-----+-----+-----+-----+-----+-----+
8 |     |  ♚  |     |     |  ♜  |     |     |     |
  +-----+-----+-----+-----+-----+-----+-----+-----+
-> move of ♛ f6c6

     a     b     c     d     e     f     g     h     
  +-----+-----+-----+-----+-----+-----+-----+-----+
8 |     |     |     |  ♜  |     |     |  ♚  |     |
  +-----+-----+-----+-----+-----+-----+-----+-----+
7 |     |     |     |  ♜  |     |  ♟  |  ♟  |     |
  +-----+-----+-----+-----+-----+-----+-----+-----+
6 |  ♟  |     |  ♛  |     |     |     |     |  ♟  |
  +-----+-----+-----+-----+-----+-----+-----+-----+
5 |  ♙  |     |     |  ♖  |  ♖  |  ♙  |     |  ♙  |
  +-----+-----+-----+-----+-----+-----+-----+-----+
4 |     |     |     |  ♙  |     |     |     |     |
  +-----+-----+-----+-----+-----+-----+-----+-----+
3 |     |  ♕  |     |     |     |  ♙  |  ♙  |  ♔  |
  +-----+-----+-----+-----+-----+-----+-----+-----+
2 |     |     |     |     |     |     |     |     |
  +-----+-----+-----+-----+-----+-----+-----+-----+
1 |     |     |     |     |     |     |     |     |
  +-----+-----+-----+-----+-----+-----+-----+-----+
-> move of ♖ d5d7

     h     g     f     e     d     c     b     a     
  +-----+-----+-----+-----+-----+-----+-----+-----+
1 |     |     |     |     |     |     |     |     |
  +-----+-----+-----+-----+-----+-----+-----+-----+
2 |     |     |     |     |     |     |     |     |
  +-----+-----+-----+-----+-----+-----+-----+-----+
3 |  ♔  |  ♙  |  ♙  |     |     |     |  ♕  |     |
  +-----+-----+-----+-----+-----+-----+-----+-----+
4 |     |     |     |     |  ♙  |     |     |     |
  +-----+-----+-----+-----+-----+-----+-----+-----+
5 |  ♙  |     |  ♙  |  ♖  |     |     |     |  ♙  |
  +-----+-----+-----+-----+-----+-----+-----+-----+
6 |  ♟  |     |     |     |     |  ♛  |     |  ♟  |
  +-----+-----+-----+-----+-----+-----+-----+-----+
7 |     |  ♟  |  ♟  |     |  ♖  |     |     |     |
  +-----+-----+-----+-----+-----+-----+-----+-----+
8 |     |  ♚  |     |     |  ♜  |     |     |     |
  +-----+-----+-----+-----+-----+-----+-----+-----+
-> move of ♛ c6d7

     a     b     c     d     e     f     g     h     
  +-----+-----+-----+-----+-----+-----+-----+-----+
8 |     |     |     |  ♜  |     |     |  ♚  |     |
  +-----+-----+-----+-----+-----+-----+-----+-----+
7 |     |     |     |  ♛  |     |  ♟  |  ♟  |     |
  +-----+-----+-----+-----+-----+-----+-----+-----+
6 |  ♟  |     |     |     |     |     |     |  ♟  |
  +-----+-----+-----+-----+-----+-----+-----+-----+
5 |  ♙  |     |     |     |  ♖  |  ♙  |     |  ♙  |
  +-----+-----+-----+-----+-----+-----+-----+-----+
4 |     |     |     |  ♙  |     |     |     |     |
  +-----+-----+-----+-----+-----+-----+-----+-----+
3 |     |  ♕  |     |     |     |  ♙  |  ♙  |  ♔  |
  +-----+-----+-----+-----+-----+-----+-----+-----+
2 |     |     |     |     |     |     |     |     |
  +-----+-----+-----+-----+-----+-----+-----+-----+
1 |     |     |     |     |     |     |     |     |
  +-----+-----+-----+-----+-----+-----+-----+-----+
-> move of ♕ b3b6

     h     g     f     e     d     c     b     a     
  +-----+-----+-----+-----+-----+-----+-----+-----+
1 |     |     |     |     |     |     |     |     |
  +-----+-----+-----+-----+-----+-----+-----+-----+
2 |     |     |     |     |     |     |     |     |
  +-----+-----+-----+-----+-----+-----+-----+-----+
3 |  ♔  |  ♙  |  ♙  |     |     |     |     |     |
  +-----+-----+-----+-----+-----+-----+-----+-----+
4 |     |     |     |     |  ♙  |     |     |     |
  +-----+-----+-----+-----+-----+-----+-----+-----+
5 |  ♙  |     |  ♙  |  ♖  |     |     |     |  ♙  |
  +-----+-----+-----+-----+-----+-----+-----+-----+
6 |  ♟  |     |     |     |     |     |  ♕  |  ♟  |
  +-----+-----+-----+-----+-----+-----+-----+-----+
7 |     |  ♟  |  ♟  |     |  ♛  |     |     |     |
  +-----+-----+-----+-----+-----+-----+-----+-----+
8 |     |  ♚  |     |     |  ♜  |     |     |     |
  +-----+-----+-----+-----+-----+-----+-----+-----+
-> move of ♚ g8h7

     a     b     c     d     e     f     g     h     
  +-----+-----+-----+-----+-----+-----+-----+-----+
8 |     |     |     |  ♜  |     |     |     |     |
  +-----+-----+-----+-----+-----+-----+-----+-----+
7 |     |     |     |  ♛  |     |  ♟  |  ♟  |  ♚  |
  +-----+-----+-----+-----+-----+-----+-----+-----+
6 |  ♟  |  ♕  |     |     |     |     |     |  ♟  |
  +-----+-----+-----+-----+-----+-----+-----+-----+
5 |  ♙  |     |     |     |  ♖  |  ♙  |     |  ♙  |
  +-----+-----+-----+-----+-----+-----+-----+-----+
4 |     |     |     |  ♙  |     |     |     |     |
  +-----+-----+-----+-----+-----+-----+-----+-----+
3 |     |     |     |     |     |  ♙  |  ♙  |  ♔  |
  +-----+-----+-----+-----+-----+-----+-----+-----+
2 |     |     |     |     |     |     |     |     |
  +-----+-----+-----+-----+-----+-----+-----+-----+
1 |     |     |     |     |     |     |     |     |
  +-----+-----+-----+-----+-----+-----+-----+-----+
-> move of ♙ g3g4

     h     g     f     e     d     c     b     a     
  +-----+-----+-----+-----+-----+-----+-----+-----+
1 |     |     |     |     |     |     |     |     |
  +-----+-----+-----+-----+-----+-----+-----+-----+
2 |     |     |     |     |     |     |     |     |
  +-----+-----+-----+-----+-----+-----+-----+-----+
3 |  ♔  |     |  ♙  |     |     |     |     |     |
  +-----+-----+-----+-----+-----+-----+-----+-----+
4 |     |  ♙  |     |     |  ♙  |     |     |     |
  +-----+-----+-----+-----+-----+-----+-----+-----+
5 |  ♙  |     |  ♙  |  ♖  |     |     |     |  ♙  |
  +-----+-----+-----+-----+-----+-----+-----+-----+
6 |  ♟  |     |     |     |     |     |  ♕  |  ♟  |
  +-----+-----+-----+-----+-----+-----+-----+-----+
7 |  ♚  |  ♟  |  ♟  |     |  ♛  |     |     |     |
  +-----+-----+-----+-----+-----+-----+-----+-----+
8 |     |     |     |     |  ♜  |     |     |     |
  +-----+-----+-----+-----+-----+-----+-----+-----+
-> move of ♟ f7f6

     a     b     c     d     e     f     g     h     
  +-----+-----+-----+-----+-----+-----+-----+-----+
8 |     |     |     |  ♜  |     |     |     |     |
  +-----+-----+-----+-----+-----+-----+-----+-----+
7 |     |     |     |  ♛  |     |     |  ♟  |  ♚  |
  +-----+-----+-----+-----+-----+-----+-----+-----+
6 |  ♟  |  ♕  |     |     |     |  ♟  |     |  ♟  |
  +-----+-----+-----+-----+-----+-----+-----+-----+
5 |  ♙  |     |     |     |  ♖  |  ♙  |     |  ♙  |
  +-----+-----+-----+-----+-----+-----+-----+-----+
4 |     |     |     |  ♙  |     |     |  ♙  |     |
  +-----+-----+-----+-----+-----+-----+-----+-----+
3 |     |     |     |     |     |  ♙  |     |  ♔  |
  +-----+-----+-----+-----+-----+-----+-----+-----+
2 |     |     |     |     |     |     |     |     |
  +-----+-----+-----+-----+-----+-----+-----+-----+
1 |     |     |     |     |     |     |     |     |
  +-----+-----+-----+-----+-----+-----+-----+-----+
-> move of ♖ e5e4

     h     g     f     e     d     c     b     a     
  +-----+-----+-----+-----+-----+-----+-----+-----+
1 |     |     |     |     |     |     |     |     |
  +-----+-----+-----+-----+-----+-----+-----+-----+
2 |     |     |     |     |     |     |     |     |
  +-----+-----+-----+-----+-----+-----+-----+-----+
3 |  ♔  |     |  ♙  |     |     |     |     |     |
  +-----+-----+-----+-----+-----+-----+-----+-----+
4 |     |  ♙  |     |  ♖  |  ♙  |     |     |     |
  +-----+-----+-----+-----+-----+-----+-----+-----+
5 |  ♙  |     |  ♙  |     |     |     |     |  ♙  |
  +-----+-----+-----+-----+-----+-----+-----+-----+
6 |  ♟  |     |  ♟  |     |     |     |  ♕  |  ♟  |
  +-----+-----+-----+-----+-----+-----+-----+-----+
7 |  ♚  |  ♟  |     |     |  ♛  |     |     |     |
  +-----+-----+-----+-----+-----+-----+-----+-----+
8 |     |     |     |     |  ♜  |     |     |     |
  +-----+-----+-----+-----+-----+-----+-----+-----+
-> move of ♛ d7c8

     a     b     c     d     e     f     g     h     
  +-----+-----+-----+-----+-----+-----+-----+-----+
8 |     |     |  ♛  |  ♜  |     |     |     |     |
  +-----+-----+-----+-----+-----+-----+-----+-----+
7 |     |     |     |     |     |     |  ♟  |  ♚  |
  +-----+-----+-----+-----+-----+-----+-----+-----+
6 |  ♟  |  ♕  |     |     |     |  ♟  |     |  ♟  |
  +-----+-----+-----+-----+-----+-----+-----+-----+
5 |  ♙  |     |     |     |     |  ♙  |     |  ♙  |
  +-----+-----+-----+-----+-----+-----+-----+-----+
4 |     |     |     |  ♙  |  ♖  |     |  ♙  |     |
  +-----+-----+-----+-----+-----+-----+-----+-----+
3 |     |     |     |     |     |  ♙  |     |  ♔  |
  +-----+-----+-----+-----+-----+-----+-----+-----+
2 |     |     |     |     |     |     |     |     |
  +-----+-----+-----+-----+-----+-----+-----+-----+
1 |     |     |     |     |     |     |     |     |
  +-----+-----+-----+-----+-----+-----+-----+-----+
-> move of ♖ e4e7

     h     g     f     e     d     c     b     a     
  +-----+-----+-----+-----+-----+-----+-----+-----+
1 |     |     |     |     |     |     |     |     |
  +-----+-----+-----+-----+-----+-----+-----+-----+
2 |     |     |     |     |     |     |     |     |
  +-----+-----+-----+-----+-----+-----+-----+-----+
3 |  ♔  |     |  ♙  |     |     |     |     |     |
  +-----+-----+-----+-----+-----+-----+-----+-----+
4 |     |  ♙  |     |     |  ♙  |     |     |     |
  +-----+-----+-----+-----+-----+-----+-----+-----+
5 |  ♙  |     |  ♙  |     |     |     |     |  ♙  |
  +-----+-----+-----+-----+-----+-----+-----+-----+
6 |  ♟  |     |  ♟  |     |     |     |  ♕  |  ♟  |
  +-----+-----+-----+-----+-----+-----+-----+-----+
7 |  ♚  |  ♟  |     |  ♖  |     |     |     |     |
  +-----+-----+-----+-----+-----+-----+-----+-----+
8 |     |     |     |     |  ♜  |  ♛  |     |     |
  +-----+-----+-----+-----+-----+-----+-----+-----+
-> move of ♛ c8b8

     a     b     c     d     e     f     g     h     
  +-----+-----+-----+-----+-----+-----+-----+-----+
8 |     |  ♛  |     |  ♜  |     |     |     |     |
  +-----+-----+-----+-----+-----+-----+-----+-----+
7 |     |     |     |     |  ♖  |     |  ♟  |  ♚  |
  +-----+-----+-----+-----+-----+-----+-----+-----+
6 |  ♟  |  ♕  |     |     |     |  ♟  |     |  ♟  |
  +-----+-----+-----+-----+-----+-----+-----+-----+
5 |  ♙  |     |     |     |     |  ♙  |     |  ♙  |
  +-----+-----+-----+-----+-----+-----+-----+-----+
4 |     |     |     |  ♙  |     |     |  ♙  |     |
  +-----+-----+-----+-----+-----+-----+-----+-----+
3 |     |     |     |     |     |  ♙  |     |  ♔  |
  +-----+-----+-----+-----+-----+-----+-----+-----+
2 |     |     |     |     |     |     |     |     |
  +-----+-----+-----+-----+-----+-----+-----+-----+
1 |     |     |     |     |     |     |     |     |
  +-----+-----+-----+-----+-----+-----+-----+-----+
-> move of ♕ b6b8

     h     g     f     e     d     c     b     a     
  +-----+-----+-----+-----+-----+-----+-----+-----+
1 |     |     |     |     |     |     |     |     |
  +-----+-----+-----+-----+-----+-----+-----+-----+
2 |     |     |     |     |     |     |     |     |
  +-----+-----+-----+-----+-----+-----+-----+-----+
3 |  ♔  |     |  ♙  |     |     |     |     |     |
  +-----+-----+-----+-----+-----+-----+-----+-----+
4 |     |  ♙  |     |     |  ♙  |     |     |     |
  +-----+-----+-----+-----+-----+-----+-----+-----+
5 |  ♙  |     |  ♙  |     |     |     |     |  ♙  |
  +-----+-----+-----+-----+-----+-----+-----+-----+
6 |  ♟  |     |  ♟  |     |     |     |     |  ♟  |
  +-----+-----+-----+-----+-----+-----+-----+-----+
7 |  ♚  |  ♟  |     |  ♖  |     |     |     |     |
  +-----+-----+-----+-----+-----+-----+-----+-----+
8 |     |     |     |     |  ♜  |     |  ♕  |     |
  +-----+-----+-----+-----+-----+-----+-----+-----+
-> move of ♜ d8d7

     a     b     c     d     e     f     g     h     
  +-----+-----+-----+-----+-----+-----+-----+-----+
8 |     |  ♕  |     |     |     |     |     |     |
  +-----+-----+-----+-----+-----+-----+-----+-----+
7 |     |     |     |  ♜  |  ♖  |     |  ♟  |  ♚  |
  +-----+-----+-----+-----+-----+-----+-----+-----+
6 |  ♟  |     |     |     |     |  ♟  |     |  ♟  |
  +-----+-----+-----+-----+-----+-----+-----+-----+
5 |  ♙  |     |     |     |     |  ♙  |     |  ♙  |
  +-----+-----+-----+-----+-----+-----+-----+-----+
4 |     |     |     |  ♙  |     |     |  ♙  |     |
  +-----+-----+-----+-----+-----+-----+-----+-----+
3 |     |     |     |     |     |  ♙  |     |  ♔  |
  +-----+-----+-----+-----+-----+-----+-----+-----+
2 |     |     |     |     |     |     |     |     |
  +-----+-----+-----+-----+-----+-----+-----+-----+
1 |     |     |     |     |     |     |     |     |
  +-----+-----+-----+-----+-----+-----+-----+-----+
-> move of ♖ e7d7

     h     g     f     e     d     c     b     a     
  +-----+-----+-----+-----+-----+-----+-----+-----+
1 |     |     |     |     |     |     |     |     |
  +-----+-----+-----+-----+-----+-----+-----+-----+
2 |     |     |     |     |     |     |     |     |
  +-----+-----+-----+-----+-----+-----+-----+-----+
3 |  ♔  |     |  ♙  |     |     |     |     |     |
  +-----+-----+-----+-----+-----+-----+-----+-----+
4 |     |  ♙  |     |     |  ♙  |     |     |     |
  +-----+-----+-----+-----+-----+-----+-----+-----+
5 |  ♙  |     |  ♙  |     |     |     |     |  ♙  |
  +-----+-----+-----+-----+-----+-----+-----+-----+
6 |  ♟  |     |  ♟  |     |     |     |     |  ♟  |
  +-----+-----+-----+-----+-----+-----+-----+-----+
7 |  ♚  |  ♟  |     |     |  ♖  |     |     |     |
  +-----+-----+-----+-----+-----+-----+-----+-----+
8 |     |     |     |     |     |     |  ♕  |     |
  +-----+-----+-----+-----+-----+-----+-----+-----+
-> stalemate
,,,,,,,,,,,,,,,,,,,,,wP,,wK,,,,wP,,,wP,,wP,,,,,wP,,wP,bP,,,,,bP,,bP,,,,wR,,,bP,bK,,wQ,,,,,,, 1/2-1/2
  -> [0;32mreference position: OK[0m
  -> [0;32mreference result: OK[0m
  -> [0m(exit code=0)
